2023-05-18T03:34:04.4805979Z Requested labels: ubuntu-latest
2023-05-18T03:34:04.4806282Z Job defined at: xuanphu2701/unittest/.github/workflows/test.yaml@refs/heads/main
2023-05-18T03:34:04.4806372Z Waiting for a runner to pick up this job...
2023-05-18T03:34:04.6315384Z Job is waiting for a hosted runner to come online.
2023-05-18T03:34:07.8367086Z Job is about to start running on the hosted runner: GitHub Actions 2 (hosted)
2023-05-18T03:34:11.3796262Z Current runner version: '2.304.0'
2023-05-18T03:34:11.3830387Z ##[group]Operating System
2023-05-18T03:34:11.3830946Z Ubuntu
2023-05-18T03:34:11.3831223Z 22.04.2
2023-05-18T03:34:11.3831526Z LTS
2023-05-18T03:34:11.3831839Z ##[endgroup]
2023-05-18T03:34:11.3832176Z ##[group]Runner Image
2023-05-18T03:34:11.3832554Z Image: ubuntu-22.04
2023-05-18T03:34:11.3832903Z Version: 20230507.1
2023-05-18T03:34:11.3833407Z Included Software: https://github.com/actions/runner-images/blob/ubuntu22/20230507.1/images/linux/Ubuntu2204-Readme.md
2023-05-18T03:34:11.3834160Z Image Release: https://github.com/actions/runner-images/releases/tag/ubuntu22%2F20230507.1
2023-05-18T03:34:11.3834672Z ##[endgroup]
2023-05-18T03:34:11.3835064Z ##[group]Runner Image Provisioner
2023-05-18T03:34:11.3835396Z 2.0.171.1
2023-05-18T03:34:11.3835935Z ##[endgroup]
2023-05-18T03:34:11.3836661Z ##[group]GITHUB_TOKEN Permissions
2023-05-18T03:34:11.3837296Z Contents: read
2023-05-18T03:34:11.3837639Z Metadata: read
2023-05-18T03:34:11.3838215Z Packages: read
2023-05-18T03:34:11.3838657Z ##[endgroup]
2023-05-18T03:34:11.3842043Z Secret source: Actions
2023-05-18T03:34:11.3842553Z Prepare workflow directory
2023-05-18T03:34:11.4556500Z Prepare all required actions
2023-05-18T03:34:11.4735262Z Getting action download info
2023-05-18T03:34:11.7101606Z Download action repository 'actions/checkout@v2' (SHA:ee0669bd1cc54295c223e0bb666b733df41de1c5)
2023-05-18T03:34:11.9966439Z Download action repository 'actions/setup-python@v2' (SHA:75f3110429a8c05be0e1bf360334e4cced2b63fa)
2023-05-18T03:34:12.3391062Z Complete job name: test (3.9)
2023-05-18T03:34:12.4197084Z ##[group]Run actions/checkout@v2
2023-05-18T03:34:12.4197460Z with:
2023-05-18T03:34:12.4197751Z   repository: xuanphu2701/unittest
2023-05-18T03:34:12.4198316Z   token: ***
2023-05-18T03:34:12.4198597Z   ssh-strict: true
2023-05-18T03:34:12.4198915Z   persist-credentials: true
2023-05-18T03:34:12.4199207Z   clean: true
2023-05-18T03:34:12.4199479Z   fetch-depth: 1
2023-05-18T03:34:12.4199756Z   lfs: false
2023-05-18T03:34:12.4200031Z   submodules: false
2023-05-18T03:34:12.4200342Z   set-safe-directory: true
2023-05-18T03:34:12.4200648Z ##[endgroup]
2023-05-18T03:34:12.6869433Z Syncing repository: xuanphu2701/unittest
2023-05-18T03:34:12.6871434Z ##[group]Getting Git version info
2023-05-18T03:34:12.6872218Z Working directory is '/home/runner/work/unittest/unittest'
2023-05-18T03:34:12.6872929Z [command]/usr/bin/git version
2023-05-18T03:34:12.6947449Z git version 2.40.1
2023-05-18T03:34:12.6968871Z ##[endgroup]
2023-05-18T03:34:12.6996002Z Temporarily overriding HOME='/home/runner/work/_temp/9c9f1b50-552c-438f-9f74-a88ad1479cc8' before making global git config changes
2023-05-18T03:34:12.6996540Z Adding repository directory to the temporary git global config as a safe directory
2023-05-18T03:34:12.6997075Z [command]/usr/bin/git config --global --add safe.directory /home/runner/work/unittest/unittest
2023-05-18T03:34:12.7043255Z Deleting the contents of '/home/runner/work/unittest/unittest'
2023-05-18T03:34:12.7056387Z ##[group]Initializing the repository
2023-05-18T03:34:12.7058254Z [command]/usr/bin/git init /home/runner/work/unittest/unittest
2023-05-18T03:34:12.7111150Z hint: Using 'master' as the name for the initial branch. This default branch name
2023-05-18T03:34:12.7111596Z hint: is subject to change. To configure the initial branch name to use in all
2023-05-18T03:34:12.7111991Z hint: of your new repositories, which will suppress this warning, call:
2023-05-18T03:34:12.7112277Z hint: 
2023-05-18T03:34:12.7112604Z hint: 	git config --global init.defaultBranch <name>
2023-05-18T03:34:12.7112878Z hint: 
2023-05-18T03:34:12.7113232Z hint: Names commonly chosen instead of 'master' are 'main', 'trunk' and
2023-05-18T03:34:12.7113673Z hint: 'development'. The just-created branch can be renamed via this command:
2023-05-18T03:34:12.7113958Z hint: 
2023-05-18T03:34:12.7114207Z hint: 	git branch -m <name>
2023-05-18T03:34:12.7122155Z Initialized empty Git repository in /home/runner/work/unittest/unittest/.git/
2023-05-18T03:34:12.7132319Z [command]/usr/bin/git remote add origin https://github.com/xuanphu2701/unittest
2023-05-18T03:34:12.7188520Z ##[endgroup]
2023-05-18T03:34:12.7189009Z ##[group]Disabling automatic garbage collection
2023-05-18T03:34:12.7189483Z [command]/usr/bin/git config --local gc.auto 0
2023-05-18T03:34:12.7227693Z ##[endgroup]
2023-05-18T03:34:12.7228131Z ##[group]Setting up auth
2023-05-18T03:34:12.7228649Z [command]/usr/bin/git config --local --name-only --get-regexp core\.sshCommand
2023-05-18T03:34:12.7260067Z [command]/usr/bin/git submodule foreach --recursive sh -c "git config --local --name-only --get-regexp 'core\.sshCommand' && git config --local --unset-all 'core.sshCommand' || :"
2023-05-18T03:34:12.7588165Z [command]/usr/bin/git config --local --name-only --get-regexp http\.https\:\/\/github\.com\/\.extraheader
2023-05-18T03:34:12.7612657Z [command]/usr/bin/git submodule foreach --recursive sh -c "git config --local --name-only --get-regexp 'http\.https\:\/\/github\.com\/\.extraheader' && git config --local --unset-all 'http.https://github.com/.extraheader' || :"
2023-05-18T03:34:12.7838667Z [command]/usr/bin/git config --local http.https://github.com/.extraheader AUTHORIZATION: basic ***
2023-05-18T03:34:12.7875034Z ##[endgroup]
2023-05-18T03:34:12.7876609Z ##[group]Fetching the repository
2023-05-18T03:34:12.7885506Z [command]/usr/bin/git -c protocol.version=2 fetch --no-tags --prune --progress --no-recurse-submodules --depth=1 origin +f09b2314ce2988eccffa72d28d28b32fde6f068e:refs/remotes/origin/main
2023-05-18T03:34:12.9894773Z remote: Enumerating objects: 90, done.        
2023-05-18T03:34:12.9896442Z remote: Counting objects:   1% (1/90)        
2023-05-18T03:34:12.9897913Z remote: Counting objects:   2% (2/90)        
2023-05-18T03:34:12.9898536Z remote: Counting objects:   3% (3/90)        
2023-05-18T03:34:12.9899074Z remote: Counting objects:   4% (4/90)        
2023-05-18T03:34:12.9899656Z remote: Counting objects:   5% (5/90)        
2023-05-18T03:34:12.9900197Z remote: Counting objects:   6% (6/90)        
2023-05-18T03:34:12.9900757Z remote: Counting objects:   7% (7/90)        
2023-05-18T03:34:12.9901279Z remote: Counting objects:   8% (8/90)        
2023-05-18T03:34:12.9901778Z remote: Counting objects:  10% (9/90)        
2023-05-18T03:34:12.9902793Z remote: Counting objects:  11% (10/90)        
2023-05-18T03:34:12.9903183Z remote: Counting objects:  12% (11/90)        
2023-05-18T03:34:12.9905244Z remote: Counting objects:  13% (12/90)        
2023-05-18T03:34:12.9905956Z remote: Counting objects:  14% (13/90)        
2023-05-18T03:34:12.9906532Z remote: Counting objects:  15% (14/90)        
2023-05-18T03:34:12.9907093Z remote: Counting objects:  16% (15/90)        
2023-05-18T03:34:12.9907653Z remote: Counting objects:  17% (16/90)        
2023-05-18T03:34:12.9910456Z remote: Counting objects:  18% (17/90)        
2023-05-18T03:34:12.9911659Z remote: Counting objects:  20% (18/90)        
2023-05-18T03:34:12.9912195Z remote: Counting objects:  21% (19/90)        
2023-05-18T03:34:12.9912723Z remote: Counting objects:  22% (20/90)        
2023-05-18T03:34:12.9913239Z remote: Counting objects:  23% (21/90)        
2023-05-18T03:34:12.9980638Z remote: Counting objects:  24% (22/90)        
2023-05-18T03:34:12.9980991Z remote: Counting objects:  25% (23/90)        
2023-05-18T03:34:12.9981293Z remote: Counting objects:  26% (24/90)        
2023-05-18T03:34:12.9981602Z remote: Counting objects:  27% (25/90)        
2023-05-18T03:34:12.9981913Z remote: Counting objects:  28% (26/90)        
2023-05-18T03:34:12.9982224Z remote: Counting objects:  30% (27/90)        
2023-05-18T03:34:12.9982530Z remote: Counting objects:  31% (28/90)        
2023-05-18T03:34:12.9982832Z remote: Counting objects:  32% (29/90)        
2023-05-18T03:34:12.9983121Z remote: Counting objects:  33% (30/90)        
2023-05-18T03:34:12.9983420Z remote: Counting objects:  34% (31/90)        
2023-05-18T03:34:12.9983726Z remote: Counting objects:  35% (32/90)        
2023-05-18T03:34:12.9984036Z remote: Counting objects:  36% (33/90)        
2023-05-18T03:34:12.9984663Z remote: Counting objects:  37% (34/90)        
2023-05-18T03:34:12.9984965Z remote: Counting objects:  38% (35/90)        
2023-05-18T03:34:12.9985264Z remote: Counting objects:  40% (36/90)        
2023-05-18T03:34:12.9985551Z remote: Counting objects:  41% (37/90)        
2023-05-18T03:34:12.9985855Z remote: Counting objects:  42% (38/90)        
2023-05-18T03:34:12.9986158Z remote: Counting objects:  43% (39/90)        
2023-05-18T03:34:12.9986444Z remote: Counting objects:  44% (40/90)        
2023-05-18T03:34:12.9986757Z remote: Counting objects:  45% (41/90)        
2023-05-18T03:34:12.9987062Z remote: Counting objects:  46% (42/90)        
2023-05-18T03:34:12.9987349Z remote: Counting objects:  47% (43/90)        
2023-05-18T03:34:12.9987657Z remote: Counting objects:  48% (44/90)        
2023-05-18T03:34:12.9987961Z remote: Counting objects:  50% (45/90)        
2023-05-18T03:34:12.9988263Z remote: Counting objects:  51% (46/90)        
2023-05-18T03:34:12.9988565Z remote: Counting objects:  52% (47/90)        
2023-05-18T03:34:12.9988869Z remote: Counting objects:  53% (48/90)        
2023-05-18T03:34:12.9989172Z remote: Counting objects:  54% (49/90)        
2023-05-18T03:34:12.9989462Z remote: Counting objects:  55% (50/90)        
2023-05-18T03:34:12.9989763Z remote: Counting objects:  56% (51/90)        
2023-05-18T03:34:12.9990069Z remote: Counting objects:  57% (52/90)        
2023-05-18T03:34:12.9990357Z remote: Counting objects:  58% (53/90)        
2023-05-18T03:34:12.9990804Z remote: Counting objects:  60% (54/90)        
2023-05-18T03:34:12.9991117Z remote: Counting objects:  61% (55/90)        
2023-05-18T03:34:12.9991408Z remote: Counting objects:  62% (56/90)        
2023-05-18T03:34:12.9991720Z remote: Counting objects:  63% (57/90)        
2023-05-18T03:34:12.9992022Z remote: Counting objects:  64% (58/90)        
2023-05-18T03:34:12.9992322Z remote: Counting objects:  65% (59/90)        
2023-05-18T03:34:12.9992614Z remote: Counting objects:  66% (60/90)        
2023-05-18T03:34:12.9992930Z remote: Counting objects:  67% (61/90)        
2023-05-18T03:34:12.9993235Z remote: Counting objects:  68% (62/90)        
2023-05-18T03:34:12.9993525Z remote: Counting objects:  70% (63/90)        
2023-05-18T03:34:12.9993829Z remote: Counting objects:  71% (64/90)        
2023-05-18T03:34:12.9994302Z remote: Counting objects:  72% (65/90)        
2023-05-18T03:34:12.9994612Z remote: Counting objects:  73% (66/90)        
2023-05-18T03:34:12.9994901Z remote: Counting objects:  74% (67/90)        
2023-05-18T03:34:12.9995211Z remote: Counting objects:  75% (68/90)        
2023-05-18T03:34:12.9995758Z remote: Counting objects:  76% (69/90)        
2023-05-18T03:34:12.9996137Z remote: Counting objects:  77% (70/90)        
2023-05-18T03:34:12.9996409Z remote: Counting objects:  78% (71/90)        
2023-05-18T03:34:12.9996675Z remote: Counting objects:  80% (72/90)        
2023-05-18T03:34:12.9996940Z remote: Counting objects:  81% (73/90)        
2023-05-18T03:34:12.9997197Z remote: Counting objects:  82% (74/90)        
2023-05-18T03:34:12.9997463Z remote: Counting objects:  83% (75/90)        
2023-05-18T03:34:12.9997730Z remote: Counting objects:  84% (76/90)        
2023-05-18T03:34:12.9997981Z remote: Counting objects:  85% (77/90)        
2023-05-18T03:34:12.9998245Z remote: Counting objects:  86% (78/90)        
2023-05-18T03:34:12.9998514Z remote: Counting objects:  87% (79/90)        
2023-05-18T03:34:12.9998771Z remote: Counting objects:  88% (80/90)        
2023-05-18T03:34:12.9999038Z remote: Counting objects:  90% (81/90)        
2023-05-18T03:34:12.9999305Z remote: Counting objects:  91% (82/90)        
2023-05-18T03:34:12.9999558Z remote: Counting objects:  92% (83/90)        
2023-05-18T03:34:12.9999826Z remote: Counting objects:  93% (84/90)        
2023-05-18T03:34:13.0000094Z remote: Counting objects:  94% (85/90)        
2023-05-18T03:34:13.0000417Z remote: Counting objects:  95% (86/90)        
2023-05-18T03:34:13.0000666Z remote: Counting objects:  96% (87/90)        
2023-05-18T03:34:13.0001077Z remote: Counting objects:  97% (88/90)        
2023-05-18T03:34:13.0001368Z remote: Counting objects:  98% (89/90)        
2023-05-18T03:34:13.0001622Z remote: Counting objects: 100% (90/90)        
2023-05-18T03:34:13.0002091Z remote: Counting objects: 100% (90/90), done.        
2023-05-18T03:34:13.0002399Z remote: Compressing objects:   1% (1/66)        
2023-05-18T03:34:13.0002675Z remote: Compressing objects:   3% (2/66)        
2023-05-18T03:34:13.0002970Z remote: Compressing objects:   4% (3/66)        
2023-05-18T03:34:13.0003257Z remote: Compressing objects:   6% (4/66)        
2023-05-18T03:34:13.0003528Z remote: Compressing objects:   7% (5/66)        
2023-05-18T03:34:13.0003813Z remote: Compressing objects:   9% (6/66)        
2023-05-18T03:34:13.0004094Z remote: Compressing objects:  10% (7/66)        
2023-05-18T03:34:13.0004380Z remote: Compressing objects:  12% (8/66)        
2023-05-18T03:34:13.0004647Z remote: Compressing objects:  13% (9/66)        
2023-05-18T03:34:13.0004939Z remote: Compressing objects:  15% (10/66)        
2023-05-18T03:34:13.0005224Z remote: Compressing objects:  16% (11/66)        
2023-05-18T03:34:13.0005500Z remote: Compressing objects:  18% (12/66)        
2023-05-18T03:34:13.0005789Z remote: Compressing objects:  19% (13/66)        
2023-05-18T03:34:13.0006076Z remote: Compressing objects:  21% (14/66)        
2023-05-18T03:34:13.0006338Z remote: Compressing objects:  22% (15/66)        
2023-05-18T03:34:13.0006619Z remote: Compressing objects:  24% (16/66)        
2023-05-18T03:34:13.0007021Z remote: Compressing objects:  25% (17/66)        
2023-05-18T03:34:13.0007306Z remote: Compressing objects:  27% (18/66)        
2023-05-18T03:34:13.0007578Z remote: Compressing objects:  28% (19/66)        
2023-05-18T03:34:13.0007859Z remote: Compressing objects:  30% (20/66)        
2023-05-18T03:34:13.0008139Z remote: Compressing objects:  31% (21/66)        
2023-05-18T03:34:13.0008408Z remote: Compressing objects:  33% (22/66)        
2023-05-18T03:34:13.0008688Z remote: Compressing objects:  34% (23/66)        
2023-05-18T03:34:13.0008964Z remote: Compressing objects:  36% (24/66)        
2023-05-18T03:34:13.0009226Z remote: Compressing objects:  37% (25/66)        
2023-05-18T03:34:13.0009496Z remote: Compressing objects:  39% (26/66)        
2023-05-18T03:34:13.0009774Z remote: Compressing objects:  40% (27/66)        
2023-05-18T03:34:13.0010037Z remote: Compressing objects:  42% (28/66)        
2023-05-18T03:34:13.0010320Z remote: Compressing objects:  43% (29/66)        
2023-05-18T03:34:13.0010600Z remote: Compressing objects:  45% (30/66)        
2023-05-18T03:34:13.0010878Z remote: Compressing objects:  46% (31/66)        
2023-05-18T03:34:13.0011146Z remote: Compressing objects:  48% (32/66)        
2023-05-18T03:34:13.0011425Z remote: Compressing objects:  50% (33/66)        
2023-05-18T03:34:13.0011701Z remote: Compressing objects:  51% (34/66)        
2023-05-18T03:34:13.0011959Z remote: Compressing objects:  53% (35/66)        
2023-05-18T03:34:13.0012244Z remote: Compressing objects:  54% (36/66)        
2023-05-18T03:34:13.0012595Z remote: Compressing objects:  56% (37/66)        
2023-05-18T03:34:13.0012863Z remote: Compressing objects:  57% (38/66)        
2023-05-18T03:34:13.0013137Z remote: Compressing objects:  59% (39/66)        
2023-05-18T03:34:13.0013409Z remote: Compressing objects:  60% (40/66)        
2023-05-18T03:34:13.0013689Z remote: Compressing objects:  62% (41/66)        
2023-05-18T03:34:13.0013961Z remote: Compressing objects:  63% (42/66)        
2023-05-18T03:34:13.0014234Z remote: Compressing objects:  65% (43/66)        
2023-05-18T03:34:13.0014506Z remote: Compressing objects:  66% (44/66)        
2023-05-18T03:34:13.0014769Z remote: Compressing objects:  68% (45/66)        
2023-05-18T03:34:13.0015042Z remote: Compressing objects:  69% (46/66)        
2023-05-18T03:34:13.0015674Z remote: Compressing objects:  71% (47/66)        
2023-05-18T03:34:13.0015946Z remote: Compressing objects:  72% (48/66)        
2023-05-18T03:34:13.0016368Z remote: Compressing objects:  74% (49/66)        
2023-05-18T03:34:13.0016644Z remote: Compressing objects:  75% (50/66)        
2023-05-18T03:34:13.0016905Z remote: Compressing objects:  77% (51/66)        
2023-05-18T03:34:13.0017181Z remote: Compressing objects:  78% (52/66)        
2023-05-18T03:34:13.0017454Z remote: Compressing objects:  80% (53/66)        
2023-05-18T03:34:13.0017730Z remote: Compressing objects:  81% (54/66)        
2023-05-18T03:34:13.0018002Z remote: Compressing objects:  83% (55/66)        
2023-05-18T03:34:13.0018274Z remote: Compressing objects:  84% (56/66)        
2023-05-18T03:34:13.0018548Z remote: Compressing objects:  86% (57/66)        
2023-05-18T03:34:13.0018806Z remote: Compressing objects:  87% (58/66)        
2023-05-18T03:34:13.0019077Z remote: Compressing objects:  89% (59/66)        
2023-05-18T03:34:13.0019351Z remote: Compressing objects:  90% (60/66)        
2023-05-18T03:34:13.0019608Z remote: Compressing objects:  92% (61/66)        
2023-05-18T03:34:13.0019895Z remote: Compressing objects:  93% (62/66)        
2023-05-18T03:34:13.0020168Z remote: Compressing objects:  95% (63/66)        
2023-05-18T03:34:13.0020440Z remote: Compressing objects:  96% (64/66)        
2023-05-18T03:34:13.0020706Z remote: Compressing objects:  98% (65/66)        
2023-05-18T03:34:13.0020976Z remote: Compressing objects: 100% (66/66)        
2023-05-18T03:34:13.0021263Z remote: Compressing objects: 100% (66/66), done.        
2023-05-18T03:34:13.1031274Z remote: Total 90 (delta 4), reused 85 (delta 3), pack-reused 0        
2023-05-18T03:34:13.1165562Z From https://github.com/xuanphu2701/unittest
2023-05-18T03:34:13.1166526Z  * [new ref]         f09b2314ce2988eccffa72d28d28b32fde6f068e -> origin/main
2023-05-18T03:34:13.1192538Z ##[endgroup]
2023-05-18T03:34:13.1193384Z ##[group]Determining the checkout info
2023-05-18T03:34:13.1194279Z ##[endgroup]
2023-05-18T03:34:13.1195450Z ##[group]Checking out the ref
2023-05-18T03:34:13.1199435Z [command]/usr/bin/git checkout --progress --force -B main refs/remotes/origin/main
2023-05-18T03:34:13.1483119Z Switched to a new branch 'main'
2023-05-18T03:34:13.1487094Z branch 'main' set up to track 'origin/main'.
2023-05-18T03:34:13.1491367Z ##[endgroup]
2023-05-18T03:34:13.1536022Z [command]/usr/bin/git log -1 --format='%H'
2023-05-18T03:34:13.1565497Z 'f09b2314ce2988eccffa72d28d28b32fde6f068e'
2023-05-18T03:34:13.1901894Z ##[group]Run actions/setup-python@v2
2023-05-18T03:34:13.1902168Z with:
2023-05-18T03:34:13.1902367Z   python-version: 3.9
2023-05-18T03:34:13.1902767Z   token: ***
2023-05-18T03:34:13.1902971Z ##[endgroup]
2023-05-18T03:34:13.3421436Z Successfully setup CPython (3.9.16)
2023-05-18T03:34:13.3539602Z ##[group]Run python -m pip install --upgrade pip
2023-05-18T03:34:13.3540019Z [36;1mpython -m pip install --upgrade pip[0m
2023-05-18T03:34:13.3540328Z [36;1mpip install -r app/requirements.txt[0m
2023-05-18T03:34:13.3598965Z shell: /usr/bin/bash -e {0}
2023-05-18T03:34:13.3599254Z env:
2023-05-18T03:34:13.3599539Z   pythonLocation: /opt/hostedtoolcache/Python/3.9.16/x64
2023-05-18T03:34:13.3599874Z   LD_LIBRARY_PATH: /opt/hostedtoolcache/Python/3.9.16/x64/lib
2023-05-18T03:34:13.3600147Z ##[endgroup]
2023-05-18T03:34:14.0633483Z Requirement already satisfied: pip in /opt/hostedtoolcache/Python/3.9.16/x64/lib/python3.9/site-packages (22.0.4)
2023-05-18T03:34:14.2409007Z Collecting pip
2023-05-18T03:34:14.3425555Z   Downloading pip-23.1.2-py3-none-any.whl (2.1 MB)
2023-05-18T03:34:14.4307159Z      â”â”â”â”â”â”â”â”â”â”â”â”â”â”â”â”â”â”â”â”â”â”â”â”â”â”â”â”â”â”â”â”â”â”â”â”â”â”â”â” 2.1/2.1 MB 23.9 MB/s eta 0:00:00
2023-05-18T03:34:14.4729563Z Installing collected packages: pip
2023-05-18T03:34:14.4730506Z   Attempting uninstall: pip
2023-05-18T03:34:14.4736533Z     Found existing installation: pip 22.0.4
2023-05-18T03:34:14.5267378Z     Uninstalling pip-22.0.4:
2023-05-18T03:34:14.5933454Z       Successfully uninstalled pip-22.0.4
2023-05-18T03:34:15.6990894Z Successfully installed pip-23.1.2
2023-05-18T03:34:16.5382610Z Collecting Flask (from -r app/requirements.txt (line 1))
2023-05-18T03:34:16.6163998Z   Downloading Flask-2.3.2-py3-none-any.whl (96 kB)
2023-05-18T03:34:16.6562510Z      â”â”â”â”â”â”â”â”â”â”â”â”â”â”â”â”â”â”â”â”â”â”â”â”â”â”â”â”â”â”â”â”â”â”â”â”â”â”â”â” 96.9/96.9 kB 2.4 MB/s eta 0:00:00
2023-05-18T03:34:17.2212025Z Collecting pymongo (from -r app/requirements.txt (line 2))
2023-05-18T03:34:17.2350867Z   Downloading pymongo-4.3.3-cp39-cp39-manylinux_2_17_x86_64.manylinux2014_x86_64.whl (492 kB)
2023-05-18T03:34:17.2573487Z      â”â”â”â”â”â”â”â”â”â”â”â”â”â”â”â”â”â”â”â”â”â”â”â”â”â”â”â”â”â”â”â”â”â”â”â”â”â” 492.1/492.1 kB 24.7 MB/s eta 0:00:00
2023-05-18T03:34:17.2786478Z Collecting flask_restful (from -r app/requirements.txt (line 3))
2023-05-18T03:34:17.2919650Z   Downloading Flask_RESTful-0.3.9-py2.py3-none-any.whl (25 kB)
2023-05-18T03:34:17.3456967Z Collecting requests (from -r app/requirements.txt (line 4))
2023-05-18T03:34:17.3497428Z   Downloading requests-2.30.0-py3-none-any.whl (62 kB)
2023-05-18T03:34:17.3545354Z      â”â”â”â”â”â”â”â”â”â”â”â”â”â”â”â”â”â”â”â”â”â”â”â”â”â”â”â”â”â”â”â”â”â”â”â”â”â”â”â” 62.5/62.5 kB 22.8 MB/s eta 0:00:00
2023-05-18T03:34:17.4068585Z Collecting Werkzeug>=2.3.3 (from Flask->-r app/requirements.txt (line 1))
2023-05-18T03:34:17.4126322Z   Downloading Werkzeug-2.3.4-py3-none-any.whl (242 kB)
2023-05-18T03:34:17.4187453Z      â”â”â”â”â”â”â”â”â”â”â”â”â”â”â”â”â”â”â”â”â”â”â”â”â”â”â”â”â”â”â”â”â”â”â”â”â”â” 242.5/242.5 kB 63.4 MB/s eta 0:00:00
2023-05-18T03:34:17.4492400Z Collecting Jinja2>=3.1.2 (from Flask->-r app/requirements.txt (line 1))
2023-05-18T03:34:17.4543555Z   Downloading Jinja2-3.1.2-py3-none-any.whl (133 kB)
2023-05-18T03:34:17.4604288Z      â”â”â”â”â”â”â”â”â”â”â”â”â”â”â”â”â”â”â”â”â”â”â”â”â”â”â”â”â”â”â”â”â”â”â”â”â”â” 133.1/133.1 kB 36.5 MB/s eta 0:00:00
2023-05-18T03:34:17.4803890Z Collecting itsdangerous>=2.1.2 (from Flask->-r app/requirements.txt (line 1))
2023-05-18T03:34:17.4841337Z   Downloading itsdangerous-2.1.2-py3-none-any.whl (15 kB)
2023-05-18T03:34:17.5173622Z Collecting click>=8.1.3 (from Flask->-r app/requirements.txt (line 1))
2023-05-18T03:34:17.5213625Z   Downloading click-8.1.3-py3-none-any.whl (96 kB)
2023-05-18T03:34:17.5261291Z      â”â”â”â”â”â”â”â”â”â”â”â”â”â”â”â”â”â”â”â”â”â”â”â”â”â”â”â”â”â”â”â”â”â”â”â”â”â”â”â” 96.6/96.6 kB 35.0 MB/s eta 0:00:00
2023-05-18T03:34:17.5423454Z Collecting blinker>=1.6.2 (from Flask->-r app/requirements.txt (line 1))
2023-05-18T03:34:17.5465934Z   Downloading blinker-1.6.2-py3-none-any.whl (13 kB)
2023-05-18T03:34:17.6262732Z Collecting importlib-metadata>=3.6.0 (from Flask->-r app/requirements.txt (line 1))
2023-05-18T03:34:17.6313896Z   Downloading importlib_metadata-6.6.0-py3-none-any.whl (22 kB)
2023-05-18T03:34:17.6656597Z Collecting dnspython<3.0.0,>=1.16.0 (from pymongo->-r app/requirements.txt (line 2))
2023-05-18T03:34:17.6698314Z   Downloading dnspython-2.3.0-py3-none-any.whl (283 kB)
2023-05-18T03:34:17.6767177Z      â”â”â”â”â”â”â”â”â”â”â”â”â”â”â”â”â”â”â”â”â”â”â”â”â”â”â”â”â”â”â”â”â”â”â”â”â”â” 283.7/283.7 kB 71.3 MB/s eta 0:00:00
2023-05-18T03:34:17.7044160Z Collecting aniso8601>=0.82 (from flask_restful->-r app/requirements.txt (line 3))
2023-05-18T03:34:17.7081680Z   Downloading aniso8601-9.0.1-py2.py3-none-any.whl (52 kB)
2023-05-18T03:34:17.7124763Z      â”â”â”â”â”â”â”â”â”â”â”â”â”â”â”â”â”â”â”â”â”â”â”â”â”â”â”â”â”â”â”â”â”â”â”â”â”â”â”â” 52.8/52.8 kB 22.3 MB/s eta 0:00:00
2023-05-18T03:34:17.7411724Z Collecting six>=1.3.0 (from flask_restful->-r app/requirements.txt (line 3))
2023-05-18T03:34:17.7465357Z   Downloading six-1.16.0-py2.py3-none-any.whl (11 kB)
2023-05-18T03:34:17.8169677Z Collecting pytz (from flask_restful->-r app/requirements.txt (line 3))
2023-05-18T03:34:17.8229909Z   Downloading pytz-2023.3-py2.py3-none-any.whl (502 kB)
2023-05-18T03:34:17.8323085Z      â”â”â”â”â”â”â”â”â”â”â”â”â”â”â”â”â”â”â”â”â”â”â”â”â”â”â”â”â”â”â”â”â”â”â”â”â”â” 502.3/502.3 kB 76.1 MB/s eta 0:00:00
2023-05-18T03:34:17.9527893Z Collecting charset-normalizer<4,>=2 (from requests->-r app/requirements.txt (line 4))
2023-05-18T03:34:17.9599967Z   Downloading charset_normalizer-3.1.0-cp39-cp39-manylinux_2_17_x86_64.manylinux2014_x86_64.whl (199 kB)
2023-05-18T03:34:17.9660487Z      â”â”â”â”â”â”â”â”â”â”â”â”â”â”â”â”â”â”â”â”â”â”â”â”â”â”â”â”â”â”â”â”â”â”â”â”â”â” 199.2/199.2 kB 55.6 MB/s eta 0:00:00
2023-05-18T03:34:17.9897750Z Collecting idna<4,>=2.5 (from requests->-r app/requirements.txt (line 4))
2023-05-18T03:34:17.9940110Z   Downloading idna-3.4-py3-none-any.whl (61 kB)
2023-05-18T03:34:17.9989640Z      â”â”â”â”â”â”â”â”â”â”â”â”â”â”â”â”â”â”â”â”â”â”â”â”â”â”â”â”â”â”â”â”â”â”â”â”â”â”â”â” 61.5/61.5 kB 20.9 MB/s eta 0:00:00
2023-05-18T03:34:18.0552977Z Collecting urllib3<3,>=1.21.1 (from requests->-r app/requirements.txt (line 4))
2023-05-18T03:34:18.0592171Z   Downloading urllib3-2.0.2-py3-none-any.whl (123 kB)
2023-05-18T03:34:18.0643593Z      â”â”â”â”â”â”â”â”â”â”â”â”â”â”â”â”â”â”â”â”â”â”â”â”â”â”â”â”â”â”â”â”â”â”â”â”â”â” 123.2/123.2 kB 42.3 MB/s eta 0:00:00
2023-05-18T03:34:18.0957413Z Collecting certifi>=2017.4.17 (from requests->-r app/requirements.txt (line 4))
2023-05-18T03:34:18.0997261Z   Downloading certifi-2023.5.7-py3-none-any.whl (156 kB)
2023-05-18T03:34:18.1054575Z      â”â”â”â”â”â”â”â”â”â”â”â”â”â”â”â”â”â”â”â”â”â”â”â”â”â”â”â”â”â”â”â”â”â”â”â”â”â” 157.0/157.0 kB 50.0 MB/s eta 0:00:00
2023-05-18T03:34:18.2232208Z Collecting zipp>=0.5 (from importlib-metadata>=3.6.0->Flask->-r app/requirements.txt (line 1))
2023-05-18T03:34:18.2276149Z   Downloading zipp-3.15.0-py3-none-any.whl (6.8 kB)
2023-05-18T03:34:18.3199919Z Collecting MarkupSafe>=2.0 (from Jinja2>=3.1.2->Flask->-r app/requirements.txt (line 1))
2023-05-18T03:34:18.3242538Z   Downloading MarkupSafe-2.1.2-cp39-cp39-manylinux_2_17_x86_64.manylinux2014_x86_64.whl (25 kB)
2023-05-18T03:34:18.5182622Z Installing collected packages: pytz, aniso8601, zipp, urllib3, six, MarkupSafe, itsdangerous, idna, dnspython, click, charset-normalizer, certifi, blinker, Werkzeug, requests, pymongo, Jinja2, importlib-metadata, Flask, flask_restful
2023-05-18T03:34:19.7085423Z Successfully installed Flask-2.3.2 Jinja2-3.1.2 MarkupSafe-2.1.2 Werkzeug-2.3.4 aniso8601-9.0.1 blinker-1.6.2 certifi-2023.5.7 charset-normalizer-3.1.0 click-8.1.3 dnspython-2.3.0 flask_restful-0.3.9 idna-3.4 importlib-metadata-6.6.0 itsdangerous-2.1.2 pymongo-4.3.3 pytz-2023.3 requests-2.30.0 six-1.16.0 urllib3-2.0.2 zipp-3.15.0
2023-05-18T03:34:19.8957058Z ##[group]Run docker-compose up -d
2023-05-18T03:34:19.8957349Z [36;1mdocker-compose up -d[0m
2023-05-18T03:34:19.9011163Z shell: /usr/bin/bash -e {0}
2023-05-18T03:34:19.9011436Z env:
2023-05-18T03:34:19.9011777Z   pythonLocation: /opt/hostedtoolcache/Python/3.9.16/x64
2023-05-18T03:34:19.9012181Z   LD_LIBRARY_PATH: /opt/hostedtoolcache/Python/3.9.16/x64/lib
2023-05-18T03:34:19.9012477Z ##[endgroup]
2023-05-18T03:34:20.4447142Z Creating network "unittest_backend" with driver "bridge"
2023-05-18T03:34:20.5019221Z Creating network "unittest_frontend" with driver "bridge"
2023-05-18T03:34:20.5549970Z Creating volume "unittest_appdata" with local driver
2023-05-18T03:34:20.5608243Z Creating volume "unittest_nginxdata" with local driver
2023-05-18T03:34:20.5909440Z Building mongodb
2023-05-18T03:34:20.7153942Z Sending build context to Docker daemon  2.048kB
2023-05-18T03:34:20.7231090Z 
2023-05-18T03:34:20.7572694Z Step 1/1 : FROM mongo:5.0
2023-05-18T03:34:20.9526110Z 5.0: Pulling from library/mongo
2023-05-18T03:34:21.0072561Z 99803d4b97f3: Pulling fs layer
2023-05-18T03:34:21.0073420Z 6653ceb22977: Pulling fs layer
2023-05-18T03:34:21.0074021Z e067c5774dde: Pulling fs layer
2023-05-18T03:34:21.0075048Z 3f2512535c9b: Pulling fs layer
2023-05-18T03:34:21.0080095Z 95823dd64119: Pulling fs layer
2023-05-18T03:34:21.0080645Z 806644aafaf1: Pulling fs layer
2023-05-18T03:34:21.0081676Z b6eb4ecca0a2: Pulling fs layer
2023-05-18T03:34:21.0082056Z 8e2314ca77da: Pulling fs layer
2023-05-18T03:34:21.0082445Z 122debe1b6af: Pulling fs layer
2023-05-18T03:34:21.0082920Z 806644aafaf1: Waiting
2023-05-18T03:34:21.0083193Z b6eb4ecca0a2: Waiting
2023-05-18T03:34:21.0083514Z 8e2314ca77da: Waiting
2023-05-18T03:34:21.0083833Z 122debe1b6af: Waiting
2023-05-18T03:34:21.0084106Z 3f2512535c9b: Waiting
2023-05-18T03:34:21.0084454Z 95823dd64119: Waiting
2023-05-18T03:34:21.0648753Z 6653ceb22977: Verifying Checksum
2023-05-18T03:34:21.0649458Z 6653ceb22977: Download complete
2023-05-18T03:34:21.1275377Z e067c5774dde: Verifying Checksum
2023-05-18T03:34:21.1278406Z e067c5774dde: Download complete
2023-05-18T03:34:21.1441952Z 3f2512535c9b: Verifying Checksum
2023-05-18T03:34:21.1442574Z 3f2512535c9b: Download complete
2023-05-18T03:34:21.1719906Z 95823dd64119: Verifying Checksum
2023-05-18T03:34:21.1720304Z 95823dd64119: Download complete
2023-05-18T03:34:21.1837085Z 806644aafaf1: Verifying Checksum
2023-05-18T03:34:21.1837491Z 806644aafaf1: Download complete
2023-05-18T03:34:21.2361315Z b6eb4ecca0a2: Verifying Checksum
2023-05-18T03:34:21.3298356Z b6eb4ecca0a2: Download complete
2023-05-18T03:34:21.3298861Z 99803d4b97f3: Verifying Checksum
2023-05-18T03:34:21.3299595Z 99803d4b97f3: Download complete
2023-05-18T03:34:21.3497248Z 122debe1b6af: Verifying Checksum
2023-05-18T03:34:21.3498159Z 122debe1b6af: Download complete
2023-05-18T03:34:22.7494993Z 99803d4b97f3: Pull complete
2023-05-18T03:34:22.7899752Z 8e2314ca77da: Verifying Checksum
2023-05-18T03:34:22.7901440Z 8e2314ca77da: Download complete
2023-05-18T03:34:24.0427400Z 6653ceb22977: Pull complete
2023-05-18T03:34:24.4457099Z e067c5774dde: Pull complete
2023-05-18T03:34:24.5280345Z 3f2512535c9b: Pull complete
2023-05-18T03:34:24.5691684Z 95823dd64119: Pull complete
2023-05-18T03:34:24.6073816Z 806644aafaf1: Pull complete
2023-05-18T03:34:24.6503160Z b6eb4ecca0a2: Pull complete
2023-05-18T03:34:31.6861321Z 8e2314ca77da: Pull complete
2023-05-18T03:34:31.7585942Z 122debe1b6af: Pull complete
2023-05-18T03:34:31.7630188Z Digest: sha256:ee514514754ffdb13597a894bdae90fdabbe4c0926bf96b40a84d1233782bcc1
2023-05-18T03:34:31.7644212Z Status: Downloaded newer image for mongo:5.0
2023-05-18T03:34:31.7659841Z  ---> ef8735eb905a
2023-05-18T03:34:31.7664315Z Successfully built ef8735eb905a
2023-05-18T03:34:31.7678048Z Successfully tagged mongo:5.0
2023-05-18T03:34:31.7721392Z Image for service mongodb was built because it did not already exist. To rebuild this image you must use `docker-compose build` or `docker-compose up --build`.
2023-05-18T03:34:31.7743163Z Building flask
2023-05-18T03:34:31.8478539Z Sending build context to Docker daemon  3.112MB
2023-05-18T03:34:31.8479205Z 
2023-05-18T03:34:31.8510882Z Step 1/7 : FROM python:3.9
2023-05-18T03:34:31.9978781Z 3.9: Pulling from library/python
2023-05-18T03:34:32.0512426Z 918547b94326: Already exists
2023-05-18T03:34:32.0601213Z 5d79063a01c5: Already exists
2023-05-18T03:34:32.0615768Z 4eedd9c5abf7: Already exists
2023-05-18T03:34:32.0644380Z 9cdadd40055f: Already exists
2023-05-18T03:34:32.0650971Z 2a12d0031f3f: Pulling fs layer
2023-05-18T03:34:32.0651781Z cea461a97d87: Pulling fs layer
2023-05-18T03:34:32.0652671Z a48c72dfa8c4: Pulling fs layer
2023-05-18T03:34:32.0652996Z c343b921680a: Pulling fs layer
2023-05-18T03:34:32.0661712Z c343b921680a: Waiting
2023-05-18T03:34:32.1136428Z a48c72dfa8c4: Verifying Checksum
2023-05-18T03:34:32.1138416Z a48c72dfa8c4: Download complete
2023-05-18T03:34:32.1527058Z 2a12d0031f3f: Verifying Checksum
2023-05-18T03:34:32.1530853Z 2a12d0031f3f: Download complete
2023-05-18T03:34:32.2217520Z c343b921680a: Verifying Checksum
2023-05-18T03:34:32.2242504Z cea461a97d87: Verifying Checksum
2023-05-18T03:34:32.2242932Z cea461a97d87: Download complete
2023-05-18T03:34:32.2243243Z c343b921680a: Download complete
2023-05-18T03:34:32.8513242Z 2a12d0031f3f: Pull complete
2023-05-18T03:34:33.4997406Z cea461a97d87: Pull complete
2023-05-18T03:34:33.5477214Z a48c72dfa8c4: Pull complete
2023-05-18T03:34:33.7932870Z c343b921680a: Pull complete
2023-05-18T03:34:33.7972699Z Digest: sha256:6ea9dafc96d7914c5c1d199f1f0195c4e05cf017b10666ca84cb7ce8e2699d51
2023-05-18T03:34:33.7985257Z Status: Downloaded newer image for python:3.9
2023-05-18T03:34:33.7999331Z  ---> 27ac39eccd1f
2023-05-18T03:34:33.8001497Z Step 2/7 : WORKDIR /var/www
2023-05-18T03:34:33.8205074Z  ---> Running in d3c151cc81f6
2023-05-18T03:34:43.0423030Z Removing intermediate container d3c151cc81f6
2023-05-18T03:34:43.0423688Z  ---> e6d6edac21f8
2023-05-18T03:34:43.0424035Z Step 3/7 : COPY . /var/www
2023-05-18T03:34:44.0605055Z  ---> b58bb1dbd4f5
2023-05-18T03:34:44.0605807Z Step 4/7 : RUN pip install --no-cache-dir -r requirements.txt
2023-05-18T03:34:44.0767830Z  ---> Running in 549cffd63897
2023-05-18T03:34:46.7326709Z Collecting Flask
2023-05-18T03:34:46.7497603Z   Downloading Flask-2.3.2-py3-none-any.whl (96 kB)
2023-05-18T03:34:46.7548664Z      â”â”â”â”â”â”â”â”â”â”â”â”â”â”â”â”â”â”â”â”â”â”â”â”â”â”â”â”â”â”â”â”â”â”â”â”â”â”â”â” 96.9/96.9 KB 49.8 MB/s eta 0:00:00
2023-05-18T03:34:47.3541507Z Collecting pymongo
2023-05-18T03:34:47.3603437Z   Downloading pymongo-4.3.3-cp39-cp39-manylinux_2_17_x86_64.manylinux2014_x86_64.whl (492 kB)
2023-05-18T03:34:47.3657119Z      â”â”â”â”â”â”â”â”â”â”â”â”â”â”â”â”â”â”â”â”â”â”â”â”â”â”â”â”â”â”â”â”â”â”â”â”â” 492.1/492.1 KB 181.1 MB/s eta 0:00:00
2023-05-18T03:34:47.3874995Z Collecting flask_restful
2023-05-18T03:34:47.3916327Z   Downloading Flask_RESTful-0.3.9-py2.py3-none-any.whl (25 kB)
2023-05-18T03:34:47.4500397Z Collecting requests
2023-05-18T03:34:47.4535180Z   Downloading requests-2.30.0-py3-none-any.whl (62 kB)
2023-05-18T03:34:47.4565137Z      â”â”â”â”â”â”â”â”â”â”â”â”â”â”â”â”â”â”â”â”â”â”â”â”â”â”â”â”â”â”â”â”â”â”â”â”â”â”â” 62.5/62.5 KB 216.5 MB/s eta 0:00:00
2023-05-18T03:34:47.4914895Z Collecting Jinja2>=3.1.2
2023-05-18T03:34:47.4954815Z   Downloading Jinja2-3.1.2-py3-none-any.whl (133 kB)
2023-05-18T03:34:47.4983511Z      â”â”â”â”â”â”â”â”â”â”â”â”â”â”â”â”â”â”â”â”â”â”â”â”â”â”â”â”â”â”â”â”â”â”â”â”â” 133.1/133.1 KB 256.5 MB/s eta 0:00:00
2023-05-18T03:34:47.5848259Z Collecting importlib-metadata>=3.6.0
2023-05-18T03:34:47.5877592Z   Downloading importlib_metadata-6.6.0-py3-none-any.whl (22 kB)
2023-05-18T03:34:47.6185865Z Collecting click>=8.1.3
2023-05-18T03:34:47.6255947Z   Downloading click-8.1.3-py3-none-any.whl (96 kB)
2023-05-18T03:34:47.6285828Z      â”â”â”â”â”â”â”â”â”â”â”â”â”â”â”â”â”â”â”â”â”â”â”â”â”â”â”â”â”â”â”â”â”â”â”â”â”â”â” 96.6/96.6 KB 243.4 MB/s eta 0:00:00
2023-05-18T03:34:47.6717102Z Collecting Werkzeug>=2.3.3
2023-05-18T03:34:47.6788824Z   Downloading Werkzeug-2.3.4-py3-none-any.whl (242 kB)
2023-05-18T03:34:47.6823868Z      â”â”â”â”â”â”â”â”â”â”â”â”â”â”â”â”â”â”â”â”â”â”â”â”â”â”â”â”â”â”â”â”â”â”â”â”â” 242.5/242.5 KB 261.9 MB/s eta 0:00:00
2023-05-18T03:34:47.6970425Z Collecting blinker>=1.6.2
2023-05-18T03:34:47.7009210Z   Downloading blinker-1.6.2-py3-none-any.whl (13 kB)
2023-05-18T03:34:47.7183657Z Collecting itsdangerous>=2.1.2
2023-05-18T03:34:47.7240965Z   Downloading itsdangerous-2.1.2-py3-none-any.whl (15 kB)
2023-05-18T03:34:47.7537181Z Collecting dnspython<3.0.0,>=1.16.0
2023-05-18T03:34:47.7599818Z   Downloading dnspython-2.3.0-py3-none-any.whl (283 kB)
2023-05-18T03:34:47.7636389Z      â”â”â”â”â”â”â”â”â”â”â”â”â”â”â”â”â”â”â”â”â”â”â”â”â”â”â”â”â”â”â”â”â”â”â”â”â” 283.7/283.7 KB 269.5 MB/s eta 0:00:00
2023-05-18T03:34:47.7900612Z Collecting aniso8601>=0.82
2023-05-18T03:34:47.7952124Z   Downloading aniso8601-9.0.1-py2.py3-none-any.whl (52 kB)
2023-05-18T03:34:47.7980896Z      â”â”â”â”â”â”â”â”â”â”â”â”â”â”â”â”â”â”â”â”â”â”â”â”â”â”â”â”â”â”â”â”â”â”â”â”â”â”â” 52.8/52.8 KB 193.5 MB/s eta 0:00:00
2023-05-18T03:34:47.8953342Z Collecting pytz
2023-05-18T03:34:47.9054734Z   Downloading pytz-2023.3-py2.py3-none-any.whl (502 kB)
2023-05-18T03:34:47.9114993Z      â”â”â”â”â”â”â”â”â”â”â”â”â”â”â”â”â”â”â”â”â”â”â”â”â”â”â”â”â”â”â”â”â”â”â”â”â” 502.3/502.3 KB 201.0 MB/s eta 0:00:00
2023-05-18T03:34:47.9415530Z Collecting six>=1.3.0
2023-05-18T03:34:47.9462380Z   Downloading six-1.16.0-py2.py3-none-any.whl (11 kB)
2023-05-18T03:34:47.9876302Z Collecting certifi>=2017.4.17
2023-05-18T03:34:47.9908433Z   Downloading certifi-2023.5.7-py3-none-any.whl (156 kB)
2023-05-18T03:34:48.0077263Z      â”â”â”â”â”â”â”â”â”â”â”â”â”â”â”â”â”â”â”â”â”â”â”â”â”â”â”â”â”â”â”â”â”â”â”â”â” 157.0/157.0 KB 253.3 MB/s eta 0:00:00
2023-05-18T03:34:48.0300161Z Collecting idna<4,>=2.5
2023-05-18T03:34:48.0490846Z   Downloading idna-3.4-py3-none-any.whl (61 kB)
2023-05-18T03:34:48.0508192Z      â”â”â”â”â”â”â”â”â”â”â”â”â”â”â”â”â”â”â”â”â”â”â”â”â”â”â”â”â”â”â”â”â”â”â”â”â”â”â” 61.5/61.5 KB 205.7 MB/s eta 0:00:00
2023-05-18T03:34:48.1119704Z Collecting urllib3<3,>=1.21.1
2023-05-18T03:34:48.1152918Z   Downloading urllib3-2.0.2-py3-none-any.whl (123 kB)
2023-05-18T03:34:48.1188509Z      â”â”â”â”â”â”â”â”â”â”â”â”â”â”â”â”â”â”â”â”â”â”â”â”â”â”â”â”â”â”â”â”â”â”â”â”â” 123.2/123.2 KB 205.1 MB/s eta 0:00:00
2023-05-18T03:34:48.2613783Z Collecting charset-normalizer<4,>=2
2023-05-18T03:34:48.2675104Z   Downloading charset_normalizer-3.1.0-cp39-cp39-manylinux_2_17_x86_64.manylinux2014_x86_64.whl (199 kB)
2023-05-18T03:34:48.2711306Z      â”â”â”â”â”â”â”â”â”â”â”â”â”â”â”â”â”â”â”â”â”â”â”â”â”â”â”â”â”â”â”â”â”â”â”â”â” 199.2/199.2 KB 247.0 MB/s eta 0:00:00
2023-05-18T03:34:48.3622445Z Collecting zipp>=0.5
2023-05-18T03:34:48.3653299Z   Downloading zipp-3.15.0-py3-none-any.whl (6.8 kB)
2023-05-18T03:34:48.4577976Z Collecting MarkupSafe>=2.0
2023-05-18T03:34:48.4610065Z   Downloading MarkupSafe-2.1.2-cp39-cp39-manylinux_2_17_x86_64.manylinux2014_x86_64.whl (25 kB)
2023-05-18T03:34:48.6475841Z Installing collected packages: pytz, aniso8601, zipp, urllib3, six, MarkupSafe, itsdangerous, idna, dnspython, click, charset-normalizer, certifi, blinker, Werkzeug, requests, pymongo, Jinja2, importlib-metadata, Flask, flask_restful
2023-05-18T03:34:49.9166045Z Successfully installed Flask-2.3.2 Jinja2-3.1.2 MarkupSafe-2.1.2 Werkzeug-2.3.4 aniso8601-9.0.1 blinker-1.6.2 certifi-2023.5.7 charset-normalizer-3.1.0 click-8.1.3 dnspython-2.3.0 flask_restful-0.3.9 idna-3.4 importlib-metadata-6.6.0 itsdangerous-2.1.2 pymongo-4.3.3 pytz-2023.3 requests-2.30.0 six-1.16.0 urllib3-2.0.2 zipp-3.15.0
2023-05-18T03:34:49.9167768Z [91mWARNING: Running pip as the 'root' user can result in broken permissions and conflicting behaviour with the system package manager. It is recommended to use a virtual environment instead: https://pip.pypa.io/warnings/venv
2023-05-18T03:34:50.0015410Z [0m[91mWARNING: You are using pip version 22.0.4; however, version 23.1.2 is available.
2023-05-18T03:34:50.0016094Z You should consider upgrading via the '/usr/local/bin/python -m pip install --upgrade pip' command.
2023-05-18T03:34:51.6779050Z [0mRemoving intermediate container 549cffd63897
2023-05-18T03:34:51.6779544Z  ---> b1d1db3683d5
2023-05-18T03:34:51.6779860Z Step 5/7 : RUN pip install gunicorn
2023-05-18T03:34:51.6962608Z  ---> Running in b7335b4edc63
2023-05-18T03:34:52.3704467Z Collecting gunicorn
2023-05-18T03:34:52.3875608Z   Downloading gunicorn-20.1.0-py3-none-any.whl (79 kB)
2023-05-18T03:34:52.3946993Z      â”â”â”â”â”â”â”â”â”â”â”â”â”â”â”â”â”â”â”â”â”â”â”â”â”â”â”â”â”â”â”â”â”â”â”â”â”â”â”â” 79.5/79.5 KB 18.4 MB/s eta 0:00:00
2023-05-18T03:34:52.4029701Z Requirement already satisfied: setuptools>=3.0 in /usr/local/lib/python3.9/site-packages (from gunicorn) (58.1.0)
2023-05-18T03:34:52.5404873Z Installing collected packages: gunicorn
2023-05-18T03:34:52.5996537Z Successfully installed gunicorn-20.1.0
2023-05-18T03:34:52.5998149Z [91mWARNING: Running pip as the 'root' user can result in broken permissions and conflicting behaviour with the system package manager. It is recommended to use a virtual environment instead: https://pip.pypa.io/warnings/venv
2023-05-18T03:34:52.6886393Z [0m[91mWARNING: You are using pip version 22.0.4; however, version 23.1.2 is available.
2023-05-18T03:34:52.6887358Z You should consider upgrading via the '/usr/local/bin/python -m pip install --upgrade pip' command.
2023-05-18T03:34:53.8781048Z [0mRemoving intermediate container b7335b4edc63
2023-05-18T03:34:53.8781398Z  ---> 235886b07b69
2023-05-18T03:34:53.8781626Z Step 6/7 : EXPOSE 5000
2023-05-18T03:34:53.8934278Z  ---> Running in e0698e260425
2023-05-18T03:34:54.8878544Z Removing intermediate container e0698e260425
2023-05-18T03:34:54.8879067Z  ---> ffd7e246a62c
2023-05-18T03:34:54.8879437Z Step 7/7 : CMD [ "gunicorn", "-w", "4", "--bind", "0.0.0.0:5000", "wsgi"]
2023-05-18T03:34:54.8983858Z  ---> Running in 255e810d3c77
2023-05-18T03:34:55.8805524Z Removing intermediate container 255e810d3c77
2023-05-18T03:34:55.8806046Z  ---> 1651c71666bc
2023-05-18T03:34:55.8828206Z Successfully built 1651c71666bc
2023-05-18T03:34:55.8861363Z Successfully tagged python:3.9
2023-05-18T03:34:55.8955045Z Image for service flask was built because it did not already exist. To rebuild this image you must use `docker-compose build` or `docker-compose up --build`.
2023-05-18T03:34:55.8969012Z Building webserver
2023-05-18T03:34:55.9262852Z Sending build context to Docker daemon  3.584kB
2023-05-18T03:34:55.9263377Z 
2023-05-18T03:34:55.9574863Z Step 1/5 : FROM nginx:1.22.0-alpine
2023-05-18T03:34:56.1369325Z 1.22.0-alpine: Pulling from library/nginx
2023-05-18T03:34:56.1830336Z 213ec9aee27d: Pulling fs layer
2023-05-18T03:34:56.1830705Z 1bfd2b69cf63: Pulling fs layer
2023-05-18T03:34:56.1830984Z a19f4cc2e029: Pulling fs layer
2023-05-18T03:34:56.1831239Z 4ae981811a6d: Pulling fs layer
2023-05-18T03:34:56.1831523Z 7a662f439736: Pulling fs layer
2023-05-18T03:34:56.1833605Z a317c3c2c906: Pulling fs layer
2023-05-18T03:34:56.1835111Z 4ae981811a6d: Waiting
2023-05-18T03:34:56.1835342Z 7a662f439736: Waiting
2023-05-18T03:34:56.1835914Z a317c3c2c906: Waiting
2023-05-18T03:34:56.2249662Z a19f4cc2e029: Verifying Checksum
2023-05-18T03:34:56.2250185Z a19f4cc2e029: Download complete
2023-05-18T03:34:56.2573266Z 213ec9aee27d: Verifying Checksum
2023-05-18T03:34:56.2573826Z 213ec9aee27d: Download complete
2023-05-18T03:34:56.2676648Z 1bfd2b69cf63: Verifying Checksum
2023-05-18T03:34:56.2677179Z 1bfd2b69cf63: Download complete
2023-05-18T03:34:56.2893056Z 4ae981811a6d: Verifying Checksum
2023-05-18T03:34:56.2896395Z 4ae981811a6d: Download complete
2023-05-18T03:34:56.3051811Z a317c3c2c906: Verifying Checksum
2023-05-18T03:34:56.3055035Z a317c3c2c906: Download complete
2023-05-18T03:34:56.3122803Z 7a662f439736: Verifying Checksum
2023-05-18T03:34:56.3125655Z 7a662f439736: Download complete
2023-05-18T03:34:56.3779507Z 213ec9aee27d: Pull complete
2023-05-18T03:34:56.7991543Z 1bfd2b69cf63: Pull complete
2023-05-18T03:34:56.8546024Z a19f4cc2e029: Pull complete
2023-05-18T03:34:56.8970796Z 4ae981811a6d: Pull complete
2023-05-18T03:34:56.9391288Z 7a662f439736: Pull complete
2023-05-18T03:34:56.9861911Z a317c3c2c906: Pull complete
2023-05-18T03:34:56.9902948Z Digest: sha256:addd3bf05ec3c69ef3e8f0021ce1ca98e0eb21117b97ab8b64127e3ff6e444ec
2023-05-18T03:34:56.9914942Z Status: Downloaded newer image for nginx:1.22.0-alpine
2023-05-18T03:34:56.9927320Z  ---> 5685937b6bc1
2023-05-18T03:34:56.9927741Z Step 2/5 : RUN rm -f /etc/nginx/conf.d/default.conf /etc/nginx/conf.d/app.conf
2023-05-18T03:34:57.0020457Z  ---> Running in 2e4d3f10501b
2023-05-18T03:34:58.0114042Z Removing intermediate container 2e4d3f10501b
2023-05-18T03:34:58.0116749Z  ---> 4e6c54b113e8
2023-05-18T03:34:58.0118907Z Step 3/5 : COPY nginx.conf /etc/nginx/conf.d/
2023-05-18T03:34:59.0181223Z  ---> 850d58260fe0
2023-05-18T03:34:59.0181569Z Step 4/5 : EXPOSE 80 443
2023-05-18T03:34:59.0292601Z  ---> Running in df9717746e53
2023-05-18T03:35:00.0111752Z Removing intermediate container df9717746e53
2023-05-18T03:35:00.0112262Z  ---> 8f6368508510
2023-05-18T03:35:00.0112592Z Step 5/5 : CMD ["nginx", "-g", "daemon off;"]
2023-05-18T03:35:00.0326626Z  ---> Running in a871d16b1e4e
2023-05-18T03:35:01.0095916Z Removing intermediate container a871d16b1e4e
2023-05-18T03:35:01.0096980Z  ---> b302dfb32f02
2023-05-18T03:35:01.0101179Z Successfully built b302dfb32f02
2023-05-18T03:35:01.0157323Z Image for service webserver was built because it did not already exist. To rebuild this image you must use `docker-compose build` or `docker-compose up --build`.
2023-05-18T03:35:01.0157848Z Successfully tagged nginx:1.22.0-alpine
2023-05-18T03:35:01.0560966Z Creating mongodb ... 
2023-05-18T03:35:01.5023329Z Creating mongodb ... done
2023-05-18T03:35:01.5078201Z Creating flask   ... 
2023-05-18T03:35:01.9113138Z Creating flask   ... done
2023-05-18T03:35:01.9168697Z Creating webserver ... 
2023-05-18T03:35:02.3837428Z Creating webserver ... done
2023-05-18T03:35:02.4802466Z ##[group]Run python -m unittest discover -v
2023-05-18T03:35:02.4802787Z [36;1mpython -m unittest discover -v[0m
2023-05-18T03:35:02.4898462Z shell: /usr/bin/bash -e {0}
2023-05-18T03:35:02.4898692Z env:
2023-05-18T03:35:02.4898946Z   pythonLocation: /opt/hostedtoolcache/Python/3.9.16/x64
2023-05-18T03:35:02.4899282Z   LD_LIBRARY_PATH: /opt/hostedtoolcache/Python/3.9.16/x64/lib
2023-05-18T03:35:02.4899549Z ##[endgroup]
2023-05-18T03:35:06.4076905Z test_create (test.TestFlaskApp) ... ok
2023-05-18T03:35:06.8410984Z test_delete (test.TestFlaskApp) ... ok
2023-05-18T03:35:06.8483517Z test_get (test.TestFlaskApp) ... ok
2023-05-18T03:35:06.8529471Z test_index (test.TestFlaskApp) ... ok
2023-05-18T03:35:06.8622451Z test_update (test.TestFlaskApp) ... ok
2023-05-18T03:35:06.8622657Z 
2023-05-18T03:35:06.8623104Z ----------------------------------------------------------------------
2023-05-18T03:35:06.8623405Z Ran 5 tests in 3.795s
2023-05-18T03:35:06.8623570Z 
2023-05-18T03:35:06.8623704Z OK
2023-05-18T03:35:06.9033004Z ##[group]Run docker rm -f $(docker ps -aq)
2023-05-18T03:35:06.9033296Z [36;1mdocker rm -f $(docker ps -aq)[0m
2023-05-18T03:35:06.9087080Z shell: /usr/bin/bash -e {0}
2023-05-18T03:35:06.9087291Z env:
2023-05-18T03:35:06.9087561Z   pythonLocation: /opt/hostedtoolcache/Python/3.9.16/x64
2023-05-18T03:35:06.9087893Z   LD_LIBRARY_PATH: /opt/hostedtoolcache/Python/3.9.16/x64/lib
2023-05-18T03:35:06.9088144Z ##[endgroup]
2023-05-18T03:35:07.4143599Z d330cad4983f
2023-05-18T03:35:07.4144197Z 11324f6bbd55
2023-05-18T03:35:07.4144986Z bab029d5008a
2023-05-18T03:35:07.4183084Z Post job cleanup.
2023-05-18T03:35:07.5662686Z Post job cleanup.
2023-05-18T03:35:07.6946210Z [command]/usr/bin/git version
2023-05-18T03:35:07.6995017Z git version 2.40.1
2023-05-18T03:35:07.7035061Z Temporarily overriding HOME='/home/runner/work/_temp/ee0181c8-608e-4dea-9a1d-14dc8fdf8123' before making global git config changes
2023-05-18T03:35:07.7035709Z Adding repository directory to the temporary git global config as a safe directory
2023-05-18T03:35:07.7041649Z [command]/usr/bin/git config --global --add safe.directory /home/runner/work/unittest/unittest
2023-05-18T03:35:07.7085281Z [command]/usr/bin/git config --local --name-only --get-regexp core\.sshCommand
2023-05-18T03:35:07.7122649Z [command]/usr/bin/git submodule foreach --recursive sh -c "git config --local --name-only --get-regexp 'core\.sshCommand' && git config --local --unset-all 'core.sshCommand' || :"
2023-05-18T03:35:07.7364988Z [command]/usr/bin/git config --local --name-only --get-regexp http\.https\:\/\/github\.com\/\.extraheader
2023-05-18T03:35:07.7391638Z http.https://github.com/.extraheader
2023-05-18T03:35:07.7400740Z [command]/usr/bin/git config --local --unset-all http.https://github.com/.extraheader
2023-05-18T03:35:07.7435466Z [command]/usr/bin/git submodule foreach --recursive sh -c "git config --local --name-only --get-regexp 'http\.https\:\/\/github\.com\/\.extraheader' && git config --local --unset-all 'http.https://github.com/.extraheader' || :"
2023-05-18T03:35:07.7905874Z Cleaning up orphan processes
