2023-05-21T14:40:10.0401849Z Requested labels: ubuntu-latest
2023-05-21T14:40:10.0402134Z Job defined at: duclm278/test-github-actions/.github/workflows/ci.yml@refs/heads/main
2023-05-21T14:40:10.0402249Z Waiting for a runner to pick up this job...
2023-05-21T14:40:10.6910480Z Job is waiting for a hosted runner to come online.
2023-05-21T14:40:13.8860870Z Job is about to start running on the hosted runner: GitHub Actions 2 (hosted)
2023-05-21T14:40:16.4618169Z Current runner version: '2.304.0'
2023-05-21T14:40:16.4645031Z ##[group]Operating System
2023-05-21T14:40:16.4645691Z Ubuntu
2023-05-21T14:40:16.4646264Z 22.04.2
2023-05-21T14:40:16.4646507Z LTS
2023-05-21T14:40:16.4646816Z ##[endgroup]
2023-05-21T14:40:16.4647161Z ##[group]Runner Image
2023-05-21T14:40:16.4647514Z Image: ubuntu-22.04
2023-05-21T14:40:16.4647843Z Version: 20230507.1
2023-05-21T14:40:16.4648371Z Included Software: https://github.com/actions/runner-images/blob/ubuntu22/20230507.1/images/linux/Ubuntu2204-Readme.md
2023-05-21T14:40:16.4648988Z Image Release: https://github.com/actions/runner-images/releases/tag/ubuntu22%2F20230507.1
2023-05-21T14:40:16.4649448Z ##[endgroup]
2023-05-21T14:40:16.4649831Z ##[group]Runner Image Provisioner
2023-05-21T14:40:16.4650180Z 2.0.171.1
2023-05-21T14:40:16.4650446Z ##[endgroup]
2023-05-21T14:40:16.4651146Z ##[group]GITHUB_TOKEN Permissions
2023-05-21T14:40:16.4651734Z Contents: read
2023-05-21T14:40:16.4652015Z Metadata: read
2023-05-21T14:40:16.4652564Z Packages: read
2023-05-21T14:40:16.4652953Z ##[endgroup]
2023-05-21T14:40:16.4656569Z Secret source: Actions
2023-05-21T14:40:16.4657075Z Prepare workflow directory
2023-05-21T14:40:16.5539169Z Prepare all required actions
2023-05-21T14:40:16.5724683Z Getting action download info
2023-05-21T14:40:16.8410835Z Download action repository 'actions/checkout@v3' (SHA:8e5e7e5ab8b370d6c329ec480221332ada57f0ab)
2023-05-21T14:40:17.6877625Z Download action repository 'actions/setup-python@v3' (SHA:48e4ac706204bab735867521ba54b3276c883d00)
2023-05-21T14:40:18.6754603Z Complete job name: build (3.9)
2023-05-21T14:40:18.7551901Z ##[group]Run actions/checkout@v3
2023-05-21T14:40:18.7552264Z with:
2023-05-21T14:40:18.7552693Z   repository: duclm278/test-github-actions
2023-05-21T14:40:18.7553187Z   token: ***
2023-05-21T14:40:18.7553462Z   ssh-strict: true
2023-05-21T14:40:18.7553772Z   persist-credentials: true
2023-05-21T14:40:18.7554020Z   clean: true
2023-05-21T14:40:18.7554335Z   fetch-depth: 1
2023-05-21T14:40:18.7554628Z   lfs: false
2023-05-21T14:40:18.7554849Z   submodules: false
2023-05-21T14:40:18.7555145Z   set-safe-directory: true
2023-05-21T14:40:18.7555463Z env:
2023-05-21T14:40:18.7555677Z   API_DIR: ./app/api
2023-05-21T14:40:18.7555948Z ##[endgroup]
2023-05-21T14:40:18.9701752Z Syncing repository: duclm278/test-github-actions
2023-05-21T14:40:18.9704506Z ##[group]Getting Git version info
2023-05-21T14:40:18.9705441Z Working directory is '/home/runner/work/test-github-actions/test-github-actions'
2023-05-21T14:40:18.9706908Z [command]/usr/bin/git version
2023-05-21T14:40:18.9752099Z git version 2.40.1
2023-05-21T14:40:18.9783729Z ##[endgroup]
2023-05-21T14:40:18.9804499Z Temporarily overriding HOME='/home/runner/work/_temp/c24e5cf5-18d4-41c4-8fb3-24f3fe63e16a' before making global git config changes
2023-05-21T14:40:18.9805004Z Adding repository directory to the temporary git global config as a safe directory
2023-05-21T14:40:18.9805710Z [command]/usr/bin/git config --global --add safe.directory /home/runner/work/test-github-actions/test-github-actions
2023-05-21T14:40:18.9847938Z Deleting the contents of '/home/runner/work/test-github-actions/test-github-actions'
2023-05-21T14:40:18.9853777Z ##[group]Initializing the repository
2023-05-21T14:40:18.9858135Z [command]/usr/bin/git init /home/runner/work/test-github-actions/test-github-actions
2023-05-21T14:40:18.9920371Z hint: Using 'master' as the name for the initial branch. This default branch name
2023-05-21T14:40:18.9920915Z hint: is subject to change. To configure the initial branch name to use in all
2023-05-21T14:40:18.9921337Z hint: of your new repositories, which will suppress this warning, call:
2023-05-21T14:40:18.9921753Z hint: 
2023-05-21T14:40:18.9922168Z hint: 	git config --global init.defaultBranch <name>
2023-05-21T14:40:18.9922440Z hint: 
2023-05-21T14:40:18.9922979Z hint: Names commonly chosen instead of 'master' are 'main', 'trunk' and
2023-05-21T14:40:18.9923487Z hint: 'development'. The just-created branch can be renamed via this command:
2023-05-21T14:40:18.9924074Z hint: 
2023-05-21T14:40:18.9924393Z hint: 	git branch -m <name>
2023-05-21T14:40:18.9931561Z Initialized empty Git repository in /home/runner/work/test-github-actions/test-github-actions/.git/
2023-05-21T14:40:18.9944733Z [command]/usr/bin/git remote add origin https://github.com/duclm278/test-github-actions
2023-05-21T14:40:18.9982323Z ##[endgroup]
2023-05-21T14:40:18.9983391Z ##[group]Disabling automatic garbage collection
2023-05-21T14:40:18.9988997Z [command]/usr/bin/git config --local gc.auto 0
2023-05-21T14:40:19.0021496Z ##[endgroup]
2023-05-21T14:40:19.0022678Z ##[group]Setting up auth
2023-05-21T14:40:19.0031496Z [command]/usr/bin/git config --local --name-only --get-regexp core\.sshCommand
2023-05-21T14:40:19.0066025Z [command]/usr/bin/git submodule foreach --recursive sh -c "git config --local --name-only --get-regexp 'core\.sshCommand' && git config --local --unset-all 'core.sshCommand' || :"
2023-05-21T14:40:19.0374557Z [command]/usr/bin/git config --local --name-only --get-regexp http\.https\:\/\/github\.com\/\.extraheader
2023-05-21T14:40:19.0401120Z [command]/usr/bin/git submodule foreach --recursive sh -c "git config --local --name-only --get-regexp 'http\.https\:\/\/github\.com\/\.extraheader' && git config --local --unset-all 'http.https://github.com/.extraheader' || :"
2023-05-21T14:40:19.0848574Z [command]/usr/bin/git config --local http.https://github.com/.extraheader AUTHORIZATION: basic ***
2023-05-21T14:40:19.0849383Z ##[endgroup]
2023-05-21T14:40:19.0849761Z ##[group]Fetching the repository
2023-05-21T14:40:19.0850685Z [command]/usr/bin/git -c protocol.version=2 fetch --no-tags --prune --progress --no-recurse-submodules --depth=1 origin +2189c338c85bf99ed9cc58a5f9ab3665e2b99932:refs/remotes/origin/main
2023-05-21T14:40:19.4710950Z remote: Enumerating objects: 132, done.        
2023-05-21T14:40:19.4711309Z remote: Counting objects:   0% (1/132)        
2023-05-21T14:40:19.4711586Z remote: Counting objects:   1% (2/132)        
2023-05-21T14:40:19.4712119Z remote: Counting objects:   2% (3/132)        
2023-05-21T14:40:19.4712396Z remote: Counting objects:   3% (4/132)        
2023-05-21T14:40:19.4712640Z remote: Counting objects:   4% (6/132)        
2023-05-21T14:40:19.4713002Z remote: Counting objects:   5% (7/132)        
2023-05-21T14:40:19.4713256Z remote: Counting objects:   6% (8/132)        
2023-05-21T14:40:19.4713501Z remote: Counting objects:   7% (10/132)        
2023-05-21T14:40:19.4713763Z remote: Counting objects:   8% (11/132)        
2023-05-21T14:40:19.4771939Z remote: Counting objects:   9% (12/132)        
2023-05-21T14:40:19.4772292Z remote: Counting objects:  10% (14/132)        
2023-05-21T14:40:19.4772549Z remote: Counting objects:  11% (15/132)        
2023-05-21T14:40:19.4772808Z remote: Counting objects:  12% (16/132)        
2023-05-21T14:40:19.4773052Z remote: Counting objects:  13% (18/132)        
2023-05-21T14:40:19.4773297Z remote: Counting objects:  14% (19/132)        
2023-05-21T14:40:19.4773548Z remote: Counting objects:  15% (20/132)        
2023-05-21T14:40:19.4773794Z remote: Counting objects:  16% (22/132)        
2023-05-21T14:40:19.4774089Z remote: Counting objects:  17% (23/132)        
2023-05-21T14:40:19.4774328Z remote: Counting objects:  18% (24/132)        
2023-05-21T14:40:19.4774570Z remote: Counting objects:  19% (26/132)        
2023-05-21T14:40:19.4774811Z remote: Counting objects:  20% (27/132)        
2023-05-21T14:40:19.4775043Z remote: Counting objects:  21% (28/132)        
2023-05-21T14:40:19.4775280Z remote: Counting objects:  22% (30/132)        
2023-05-21T14:40:19.4775522Z remote: Counting objects:  23% (31/132)        
2023-05-21T14:40:19.4775753Z remote: Counting objects:  24% (32/132)        
2023-05-21T14:40:19.4775989Z remote: Counting objects:  25% (33/132)        
2023-05-21T14:40:19.4776225Z remote: Counting objects:  26% (35/132)        
2023-05-21T14:40:19.4776452Z remote: Counting objects:  27% (36/132)        
2023-05-21T14:40:19.4776708Z remote: Counting objects:  28% (37/132)        
2023-05-21T14:40:19.4777284Z remote: Counting objects:  29% (39/132)        
2023-05-21T14:40:19.4777513Z remote: Counting objects:  30% (40/132)        
2023-05-21T14:40:19.4777748Z remote: Counting objects:  31% (41/132)        
2023-05-21T14:40:19.4777998Z remote: Counting objects:  32% (43/132)        
2023-05-21T14:40:19.4778243Z remote: Counting objects:  33% (44/132)        
2023-05-21T14:40:19.4778472Z remote: Counting objects:  34% (45/132)        
2023-05-21T14:40:19.4778715Z remote: Counting objects:  35% (47/132)        
2023-05-21T14:40:19.4778958Z remote: Counting objects:  36% (48/132)        
2023-05-21T14:40:19.4779189Z remote: Counting objects:  37% (49/132)        
2023-05-21T14:40:19.4779432Z remote: Counting objects:  38% (51/132)        
2023-05-21T14:40:19.4779677Z remote: Counting objects:  39% (52/132)        
2023-05-21T14:40:19.4779908Z remote: Counting objects:  40% (53/132)        
2023-05-21T14:40:19.4780143Z remote: Counting objects:  41% (55/132)        
2023-05-21T14:40:19.4780381Z remote: Counting objects:  42% (56/132)        
2023-05-21T14:40:19.4780614Z remote: Counting objects:  43% (57/132)        
2023-05-21T14:40:19.4780857Z remote: Counting objects:  44% (59/132)        
2023-05-21T14:40:19.4781096Z remote: Counting objects:  45% (60/132)        
2023-05-21T14:40:19.4781334Z remote: Counting objects:  46% (61/132)        
2023-05-21T14:40:19.4781563Z remote: Counting objects:  47% (63/132)        
2023-05-21T14:40:19.4781799Z remote: Counting objects:  48% (64/132)        
2023-05-21T14:40:19.4782037Z remote: Counting objects:  49% (65/132)        
2023-05-21T14:40:19.4782376Z remote: Counting objects:  50% (66/132)        
2023-05-21T14:40:19.4782618Z remote: Counting objects:  51% (68/132)        
2023-05-21T14:40:19.4782858Z remote: Counting objects:  52% (69/132)        
2023-05-21T14:40:19.4783091Z remote: Counting objects:  53% (70/132)        
2023-05-21T14:40:19.4783328Z remote: Counting objects:  54% (72/132)        
2023-05-21T14:40:19.4783655Z remote: Counting objects:  55% (73/132)        
2023-05-21T14:40:19.4783888Z remote: Counting objects:  56% (74/132)        
2023-05-21T14:40:19.4784127Z remote: Counting objects:  57% (76/132)        
2023-05-21T14:40:19.4784361Z remote: Counting objects:  58% (77/132)        
2023-05-21T14:40:19.4784601Z remote: Counting objects:  59% (78/132)        
2023-05-21T14:40:19.4784829Z remote: Counting objects:  60% (80/132)        
2023-05-21T14:40:19.4785066Z remote: Counting objects:  61% (81/132)        
2023-05-21T14:40:19.4785314Z remote: Counting objects:  62% (82/132)        
2023-05-21T14:40:19.4785551Z remote: Counting objects:  63% (84/132)        
2023-05-21T14:40:19.4785950Z remote: Counting objects:  64% (85/132)        
2023-05-21T14:40:19.4786197Z remote: Counting objects:  65% (86/132)        
2023-05-21T14:40:19.4786443Z remote: Counting objects:  66% (88/132)        
2023-05-21T14:40:19.4786675Z remote: Counting objects:  67% (89/132)        
2023-05-21T14:40:19.4786914Z remote: Counting objects:  68% (90/132)        
2023-05-21T14:40:19.4788070Z remote: Counting objects:  69% (92/132)        
2023-05-21T14:40:19.4788304Z remote: Counting objects:  70% (93/132)        
2023-05-21T14:40:19.4789408Z remote: Counting objects:  71% (94/132)        
2023-05-21T14:40:19.4789651Z remote: Counting objects:  72% (96/132)        
2023-05-21T14:40:19.4789903Z remote: Counting objects:  73% (97/132)        
2023-05-21T14:40:19.4790133Z remote: Counting objects:  74% (98/132)        
2023-05-21T14:40:19.4790374Z remote: Counting objects:  75% (99/132)        
2023-05-21T14:40:19.4790632Z remote: Counting objects:  76% (101/132)        
2023-05-21T14:40:19.4790884Z remote: Counting objects:  77% (102/132)        
2023-05-21T14:40:19.4791132Z remote: Counting objects:  78% (103/132)        
2023-05-21T14:40:19.4791383Z remote: Counting objects:  79% (105/132)        
2023-05-21T14:40:19.4791629Z remote: Counting objects:  80% (106/132)        
2023-05-21T14:40:19.4791876Z remote: Counting objects:  81% (107/132)        
2023-05-21T14:40:19.4792235Z remote: Counting objects:  82% (109/132)        
2023-05-21T14:40:19.4792470Z remote: Counting objects:  83% (110/132)        
2023-05-21T14:40:19.4792713Z remote: Counting objects:  84% (111/132)        
2023-05-21T14:40:19.4792955Z remote: Counting objects:  85% (113/132)        
2023-05-21T14:40:19.4793195Z remote: Counting objects:  86% (114/132)        
2023-05-21T14:40:19.4793429Z remote: Counting objects:  87% (115/132)        
2023-05-21T14:40:19.4793668Z remote: Counting objects:  88% (117/132)        
2023-05-21T14:40:19.4793918Z remote: Counting objects:  89% (118/132)        
2023-05-21T14:40:19.4794150Z remote: Counting objects:  90% (119/132)        
2023-05-21T14:40:19.4794395Z remote: Counting objects:  91% (121/132)        
2023-05-21T14:40:19.4794640Z remote: Counting objects:  92% (122/132)        
2023-05-21T14:40:19.4794871Z remote: Counting objects:  93% (123/132)        
2023-05-21T14:40:19.4795110Z remote: Counting objects:  94% (125/132)        
2023-05-21T14:40:19.4795353Z remote: Counting objects:  95% (126/132)        
2023-05-21T14:40:19.4795589Z remote: Counting objects:  96% (127/132)        
2023-05-21T14:40:19.4795832Z remote: Counting objects:  97% (129/132)        
2023-05-21T14:40:19.4796117Z remote: Counting objects:  98% (130/132)        
2023-05-21T14:40:19.4796355Z remote: Counting objects:  99% (131/132)        
2023-05-21T14:40:19.4796586Z remote: Counting objects: 100% (132/132)        
2023-05-21T14:40:19.4796848Z remote: Counting objects: 100% (132/132), done.        
2023-05-21T14:40:19.4797227Z remote: Compressing objects:   1% (1/80)        
2023-05-21T14:40:19.4797474Z remote: Compressing objects:   2% (2/80)        
2023-05-21T14:40:19.4797725Z remote: Compressing objects:   3% (3/80)        
2023-05-21T14:40:19.4797982Z remote: Compressing objects:   5% (4/80)        
2023-05-21T14:40:19.4798225Z remote: Compressing objects:   6% (5/80)        
2023-05-21T14:40:19.4798472Z remote: Compressing objects:   7% (6/80)        
2023-05-21T14:40:19.4798722Z remote: Compressing objects:   8% (7/80)        
2023-05-21T14:40:19.4798973Z remote: Compressing objects:  10% (8/80)        
2023-05-21T14:40:19.4799214Z remote: Compressing objects:  11% (9/80)        
2023-05-21T14:40:19.4799471Z remote: Compressing objects:  12% (10/80)        
2023-05-21T14:40:19.4799742Z remote: Compressing objects:  13% (11/80)        
2023-05-21T14:40:19.4800000Z remote: Compressing objects:  15% (12/80)        
2023-05-21T14:40:19.4800258Z remote: Compressing objects:  16% (13/80)        
2023-05-21T14:40:19.5068715Z remote: Compressing objects:  17% (14/80)        
2023-05-21T14:40:19.5069063Z remote: Compressing objects:  18% (15/80)        
2023-05-21T14:40:19.5069326Z remote: Compressing objects:  20% (16/80)        
2023-05-21T14:40:19.5069677Z remote: Compressing objects:  21% (17/80)        
2023-05-21T14:40:19.5069933Z remote: Compressing objects:  22% (18/80)        
2023-05-21T14:40:19.5070184Z remote: Compressing objects:  23% (19/80)        
2023-05-21T14:40:19.5070441Z remote: Compressing objects:  25% (20/80)        
2023-05-21T14:40:19.5070706Z remote: Compressing objects:  26% (21/80)        
2023-05-21T14:40:19.5070945Z remote: Compressing objects:  27% (22/80)        
2023-05-21T14:40:19.5071190Z remote: Compressing objects:  28% (23/80)        
2023-05-21T14:40:19.5071437Z remote: Compressing objects:  30% (24/80)        
2023-05-21T14:40:19.5071683Z remote: Compressing objects:  31% (25/80)        
2023-05-21T14:40:19.5071934Z remote: Compressing objects:  32% (26/80)        
2023-05-21T14:40:19.5072189Z remote: Compressing objects:  33% (27/80)        
2023-05-21T14:40:19.5072436Z remote: Compressing objects:  35% (28/80)        
2023-05-21T14:40:19.5072678Z remote: Compressing objects:  36% (29/80)        
2023-05-21T14:40:19.5073211Z remote: Compressing objects:  37% (30/80)        
2023-05-21T14:40:19.5073461Z remote: Compressing objects:  38% (31/80)        
2023-05-21T14:40:19.5073703Z remote: Compressing objects:  40% (32/80)        
2023-05-21T14:40:19.5075330Z remote: Compressing objects:  41% (33/80)        
2023-05-21T14:40:19.5075903Z remote: Compressing objects:  42% (34/80)        
2023-05-21T14:40:19.5076148Z remote: Compressing objects:  43% (35/80)        
2023-05-21T14:40:19.5076399Z remote: Compressing objects:  45% (36/80)        
2023-05-21T14:40:19.5076644Z remote: Compressing objects:  46% (37/80)        
2023-05-21T14:40:19.5076897Z remote: Compressing objects:  47% (38/80)        
2023-05-21T14:40:19.5077139Z remote: Compressing objects:  48% (39/80)        
2023-05-21T14:40:19.5077496Z remote: Compressing objects:  50% (40/80)        
2023-05-21T14:40:19.5077751Z remote: Compressing objects:  51% (41/80)        
2023-05-21T14:40:19.5077986Z remote: Compressing objects:  52% (42/80)        
2023-05-21T14:40:19.5078233Z remote: Compressing objects:  53% (43/80)        
2023-05-21T14:40:19.5078482Z remote: Compressing objects:  55% (44/80)        
2023-05-21T14:40:19.5078722Z remote: Compressing objects:  56% (45/80)        
2023-05-21T14:40:19.5078965Z remote: Compressing objects:  57% (46/80)        
2023-05-21T14:40:19.5079219Z remote: Compressing objects:  58% (47/80)        
2023-05-21T14:40:19.5079458Z remote: Compressing objects:  60% (48/80)        
2023-05-21T14:40:19.5079706Z remote: Compressing objects:  61% (49/80)        
2023-05-21T14:40:19.5079955Z remote: Compressing objects:  62% (50/80)        
2023-05-21T14:40:19.5080204Z remote: Compressing objects:  63% (51/80)        
2023-05-21T14:40:19.5080440Z remote: Compressing objects:  65% (52/80)        
2023-05-21T14:40:19.5080805Z remote: Compressing objects:  66% (53/80)        
2023-05-21T14:40:19.5081053Z remote: Compressing objects:  67% (54/80)        
2023-05-21T14:40:19.5081290Z remote: Compressing objects:  68% (55/80)        
2023-05-21T14:40:19.5081536Z remote: Compressing objects:  70% (56/80)        
2023-05-21T14:40:19.5081781Z remote: Compressing objects:  71% (57/80)        
2023-05-21T14:40:19.5082013Z remote: Compressing objects:  72% (58/80)        
2023-05-21T14:40:19.5082265Z remote: Compressing objects:  73% (59/80)        
2023-05-21T14:40:19.5082509Z remote: Compressing objects:  75% (60/80)        
2023-05-21T14:40:19.5082750Z remote: Compressing objects:  76% (61/80)        
2023-05-21T14:40:19.5082988Z remote: Compressing objects:  77% (62/80)        
2023-05-21T14:40:19.5083232Z remote: Compressing objects:  78% (63/80)        
2023-05-21T14:40:19.5083478Z remote: Compressing objects:  80% (64/80)        
2023-05-21T14:40:19.5083716Z remote: Compressing objects:  81% (65/80)        
2023-05-21T14:40:19.5083965Z remote: Compressing objects:  82% (66/80)        
2023-05-21T14:40:19.5084210Z remote: Compressing objects:  83% (67/80)        
2023-05-21T14:40:19.5084447Z remote: Compressing objects:  85% (68/80)        
2023-05-21T14:40:19.5084691Z remote: Compressing objects:  86% (69/80)        
2023-05-21T14:40:19.5084936Z remote: Compressing objects:  87% (70/80)        
2023-05-21T14:40:19.5085172Z remote: Compressing objects:  88% (71/80)        
2023-05-21T14:40:19.5085724Z remote: Compressing objects:  90% (72/80)        
2023-05-21T14:40:19.5086988Z remote: Compressing objects:  91% (73/80)        
2023-05-21T14:40:19.5087430Z remote: Compressing objects:  92% (74/80)        
2023-05-21T14:40:19.5088181Z remote: Compressing objects:  93% (75/80)        
2023-05-21T14:40:19.5088775Z remote: Compressing objects:  95% (76/80)        
2023-05-21T14:40:19.5089475Z remote: Compressing objects:  96% (77/80)        
2023-05-21T14:40:19.5090273Z remote: Compressing objects:  97% (78/80)        
2023-05-21T14:40:19.5090920Z remote: Compressing objects:  98% (79/80)        
2023-05-21T14:40:19.5091688Z remote: Compressing objects: 100% (80/80)        
2023-05-21T14:40:19.5092494Z remote: Compressing objects: 100% (80/80), done.        
2023-05-21T14:40:19.5165642Z Receiving objects:   0% (1/132)
2023-05-21T14:40:19.5166097Z Receiving objects:   1% (2/132)
2023-05-21T14:40:19.5166319Z Receiving objects:   2% (3/132)
2023-05-21T14:40:19.5166545Z Receiving objects:   3% (4/132)
2023-05-21T14:40:19.5167045Z Receiving objects:   4% (6/132)
2023-05-21T14:40:19.5167259Z Receiving objects:   5% (7/132)
2023-05-21T14:40:19.5167482Z Receiving objects:   6% (8/132)
2023-05-21T14:40:19.5167695Z Receiving objects:   7% (10/132)
2023-05-21T14:40:19.5167922Z Receiving objects:   8% (11/132)
2023-05-21T14:40:19.5168174Z Receiving objects:   9% (12/132)
2023-05-21T14:40:19.5168399Z Receiving objects:  10% (14/132)
2023-05-21T14:40:19.5168624Z Receiving objects:  11% (15/132)
2023-05-21T14:40:19.5168830Z Receiving objects:  12% (16/132)
2023-05-21T14:40:19.5169054Z Receiving objects:  13% (18/132)
2023-05-21T14:40:19.5169272Z Receiving objects:  14% (19/132)
2023-05-21T14:40:19.5169479Z Receiving objects:  15% (20/132)
2023-05-21T14:40:19.5169693Z Receiving objects:  16% (22/132)
2023-05-21T14:40:19.5169905Z Receiving objects:  17% (23/132)
2023-05-21T14:40:19.5170109Z Receiving objects:  18% (24/132)
2023-05-21T14:40:19.5170317Z Receiving objects:  19% (26/132)
2023-05-21T14:40:19.5170531Z Receiving objects:  20% (27/132)
2023-05-21T14:40:19.5170744Z Receiving objects:  21% (28/132)
2023-05-21T14:40:19.5170962Z Receiving objects:  22% (30/132)
2023-05-21T14:40:19.5171171Z Receiving objects:  23% (31/132)
2023-05-21T14:40:19.5171382Z Receiving objects:  24% (32/132)
2023-05-21T14:40:19.5171588Z Receiving objects:  25% (33/132)
2023-05-21T14:40:19.5171803Z Receiving objects:  26% (35/132)
2023-05-21T14:40:19.5172019Z Receiving objects:  27% (36/132)
2023-05-21T14:40:19.5172224Z Receiving objects:  28% (37/132)
2023-05-21T14:40:19.5290624Z Receiving objects:  29% (39/132)
2023-05-21T14:40:19.5295011Z Receiving objects:  30% (40/132)
2023-05-21T14:40:19.5295249Z Receiving objects:  31% (41/132)
2023-05-21T14:40:19.5295468Z Receiving objects:  32% (43/132)
2023-05-21T14:40:19.5295680Z Receiving objects:  33% (44/132)
2023-05-21T14:40:19.5295897Z Receiving objects:  34% (45/132)
2023-05-21T14:40:19.5296100Z Receiving objects:  35% (47/132)
2023-05-21T14:40:19.5296309Z Receiving objects:  36% (48/132)
2023-05-21T14:40:19.5296531Z Receiving objects:  37% (49/132)
2023-05-21T14:40:19.5296734Z Receiving objects:  38% (51/132)
2023-05-21T14:40:19.5296940Z Receiving objects:  39% (52/132)
2023-05-21T14:40:19.5297149Z Receiving objects:  40% (53/132)
2023-05-21T14:40:19.5297353Z Receiving objects:  41% (55/132)
2023-05-21T14:40:19.5297560Z Receiving objects:  42% (56/132)
2023-05-21T14:40:19.5297770Z Receiving objects:  43% (57/132)
2023-05-21T14:40:19.5297973Z Receiving objects:  44% (59/132)
2023-05-21T14:40:19.5298181Z Receiving objects:  45% (60/132)
2023-05-21T14:40:19.5298396Z Receiving objects:  46% (61/132)
2023-05-21T14:40:19.5298600Z Receiving objects:  47% (63/132)
2023-05-21T14:40:19.5298809Z Receiving objects:  48% (64/132)
2023-05-21T14:40:19.5299017Z Receiving objects:  49% (65/132)
2023-05-21T14:40:19.5299218Z Receiving objects:  50% (66/132)
2023-05-21T14:40:19.5299476Z Receiving objects:  51% (68/132)
2023-05-21T14:40:19.5299692Z Receiving objects:  52% (69/132)
2023-05-21T14:40:19.5299896Z Receiving objects:  53% (70/132)
2023-05-21T14:40:19.5300118Z Receiving objects:  54% (72/132)
2023-05-21T14:40:19.5300328Z Receiving objects:  55% (73/132)
2023-05-21T14:40:19.5300541Z Receiving objects:  56% (74/132)
2023-05-21T14:40:19.5300745Z Receiving objects:  57% (76/132)
2023-05-21T14:40:19.5300953Z Receiving objects:  58% (77/132)
2023-05-21T14:40:19.5301171Z Receiving objects:  59% (78/132)
2023-05-21T14:40:19.5301371Z Receiving objects:  60% (80/132)
2023-05-21T14:40:19.5301580Z Receiving objects:  61% (81/132)
2023-05-21T14:40:19.5301789Z Receiving objects:  62% (82/132)
2023-05-21T14:40:19.5301998Z Receiving objects:  63% (84/132)
2023-05-21T14:40:19.5302207Z Receiving objects:  64% (85/132)
2023-05-21T14:40:19.5302421Z Receiving objects:  65% (86/132)
2023-05-21T14:40:19.5302852Z Receiving objects:  66% (88/132)
2023-05-21T14:40:19.5304011Z Receiving objects:  67% (89/132)
2023-05-21T14:40:19.5304398Z Receiving objects:  68% (90/132)
2023-05-21T14:40:19.5305195Z Receiving objects:  69% (92/132)
2023-05-21T14:40:19.5305671Z Receiving objects:  70% (93/132)
2023-05-21T14:40:19.5306353Z Receiving objects:  71% (94/132)
2023-05-21T14:40:19.5307062Z Receiving objects:  72% (96/132)
2023-05-21T14:40:19.5307677Z Receiving objects:  73% (97/132)
2023-05-21T14:40:19.5308356Z Receiving objects:  74% (98/132)
2023-05-21T14:40:19.5309000Z Receiving objects:  75% (99/132)
2023-05-21T14:40:19.5309677Z Receiving objects:  76% (101/132)
2023-05-21T14:40:19.5310307Z Receiving objects:  77% (102/132)
2023-05-21T14:40:19.5311016Z Receiving objects:  78% (103/132)
2023-05-21T14:40:19.5311678Z Receiving objects:  79% (105/132)
2023-05-21T14:40:19.5312301Z Receiving objects:  80% (106/132)
2023-05-21T14:40:19.5696717Z Receiving objects:  81% (107/132)
2023-05-21T14:40:19.5697127Z Receiving objects:  82% (109/132)
2023-05-21T14:40:19.5698177Z Receiving objects:  83% (110/132)
2023-05-21T14:40:19.5698581Z Receiving objects:  84% (111/132)
2023-05-21T14:40:19.5699210Z Receiving objects:  85% (113/132)
2023-05-21T14:40:19.5699879Z Receiving objects:  86% (114/132)
2023-05-21T14:40:19.5717089Z Receiving objects:  87% (115/132)
2023-05-21T14:40:19.5717605Z Receiving objects:  88% (117/132)
2023-05-21T14:40:19.5717993Z Receiving objects:  89% (118/132)
2023-05-21T14:40:19.5718531Z Receiving objects:  90% (119/132)
2023-05-21T14:40:19.5719204Z Receiving objects:  91% (121/132)
2023-05-21T14:40:19.5719771Z Receiving objects:  92% (122/132)
2023-05-21T14:40:19.5720479Z Receiving objects:  93% (123/132)
2023-05-21T14:40:19.5721151Z Receiving objects:  94% (125/132)
2023-05-21T14:40:19.5722075Z Receiving objects:  95% (126/132)
2023-05-21T14:40:19.5861821Z Receiving objects:  96% (127/132)
2023-05-21T14:40:19.5862085Z Receiving objects:  97% (129/132)
2023-05-21T14:40:19.5862295Z Receiving objects:  98% (130/132)
2023-05-21T14:40:19.6486762Z Receiving objects:  99% (131/132)
2023-05-21T14:40:19.6487352Z remote: Total 132 (delta 13), reused 117 (delta 12), pack-reused 0        
2023-05-21T14:40:19.6487645Z Receiving objects: 100% (132/132)
2023-05-21T14:40:19.6487938Z Receiving objects: 100% (132/132), 201.18 KiB | 1.52 MiB/s, done.
2023-05-21T14:40:19.6488199Z Resolving deltas:   0% (0/13)
2023-05-21T14:40:19.6488428Z Resolving deltas:   7% (1/13)
2023-05-21T14:40:19.6488654Z Resolving deltas:  15% (2/13)
2023-05-21T14:40:19.6488865Z Resolving deltas:  23% (3/13)
2023-05-21T14:40:19.6489074Z Resolving deltas:  30% (4/13)
2023-05-21T14:40:19.6489293Z Resolving deltas:  38% (5/13)
2023-05-21T14:40:19.6489507Z Resolving deltas:  46% (6/13)
2023-05-21T14:40:19.6489709Z Resolving deltas:  53% (7/13)
2023-05-21T14:40:19.6489933Z Resolving deltas:  61% (8/13)
2023-05-21T14:40:19.6490147Z Resolving deltas:  69% (9/13)
2023-05-21T14:40:19.6490352Z Resolving deltas:  76% (10/13)
2023-05-21T14:40:19.6490575Z Resolving deltas:  84% (11/13)
2023-05-21T14:40:19.6490796Z Resolving deltas:  92% (12/13)
2023-05-21T14:40:19.6491006Z Resolving deltas: 100% (13/13)
2023-05-21T14:40:19.6491229Z Resolving deltas: 100% (13/13), done.
2023-05-21T14:40:19.6548313Z From https://github.com/duclm278/test-github-actions
2023-05-21T14:40:19.6549092Z  * [new ref]         2189c338c85bf99ed9cc58a5f9ab3665e2b99932 -> origin/main
2023-05-21T14:40:19.6570036Z ##[endgroup]
2023-05-21T14:40:19.6570600Z ##[group]Determining the checkout info
2023-05-21T14:40:19.6572192Z ##[endgroup]
2023-05-21T14:40:19.6572745Z ##[group]Checking out the ref
2023-05-21T14:40:19.6577151Z [command]/usr/bin/git checkout --progress --force -B main refs/remotes/origin/main
2023-05-21T14:40:19.6666214Z Switched to a new branch 'main'
2023-05-21T14:40:19.6686554Z branch 'main' set up to track 'origin/main'.
2023-05-21T14:40:19.6688423Z ##[endgroup]
2023-05-21T14:40:19.6723639Z [command]/usr/bin/git log -1 --format='%H'
2023-05-21T14:40:19.6749944Z '2189c338c85bf99ed9cc58a5f9ab3665e2b99932'
2023-05-21T14:40:19.7013361Z ##[group]Run actions/setup-python@v3
2023-05-21T14:40:19.7013631Z with:
2023-05-21T14:40:19.7013825Z   python-version: 3.9
2023-05-21T14:40:19.7014207Z   token: ***
2023-05-21T14:40:19.7014404Z env:
2023-05-21T14:40:19.7014774Z   API_DIR: ./app/api
2023-05-21T14:40:19.7014972Z ##[endgroup]
2023-05-21T14:40:19.8692638Z Successfully setup CPython (3.9.16)
2023-05-21T14:40:19.8813550Z ##[group]Run python -m pip install --upgrade pip
2023-05-21T14:40:19.8813929Z [36;1mpython -m pip install --upgrade pip[0m
2023-05-21T14:40:19.8814214Z [36;1mpython -m pip install coverage[0m
2023-05-21T14:40:19.8814544Z [36;1mif [ -f requirements.txt ]; then pip install -r requirements.txt; fi[0m
2023-05-21T14:40:19.8872858Z shell: /usr/bin/bash -e {0}
2023-05-21T14:40:19.8873083Z env:
2023-05-21T14:40:19.8873282Z   API_DIR: ./app/api
2023-05-21T14:40:19.8873564Z   pythonLocation: /opt/hostedtoolcache/Python/3.9.16/x64
2023-05-21T14:40:19.8873883Z   LD_LIBRARY_PATH: /opt/hostedtoolcache/Python/3.9.16/x64/lib
2023-05-21T14:40:19.8874138Z ##[endgroup]
2023-05-21T14:40:20.5782563Z Requirement already satisfied: pip in /opt/hostedtoolcache/Python/3.9.16/x64/lib/python3.9/site-packages (22.0.4)
2023-05-21T14:40:20.7998880Z Collecting pip
2023-05-21T14:40:20.9375494Z   Downloading pip-23.1.2-py3-none-any.whl (2.1 MB)
2023-05-21T14:40:21.0373058Z      ‚îÅ‚îÅ‚îÅ‚îÅ‚îÅ‚îÅ‚îÅ‚îÅ‚îÅ‚îÅ‚îÅ‚îÅ‚îÅ‚îÅ‚îÅ‚îÅ‚îÅ‚îÅ‚îÅ‚îÅ‚îÅ‚îÅ‚îÅ‚îÅ‚îÅ‚îÅ‚îÅ‚îÅ‚îÅ‚îÅ‚îÅ‚îÅ‚îÅ‚îÅ‚îÅ‚îÅ‚îÅ‚îÅ‚îÅ‚îÅ 2.1/2.1 MB 22.9 MB/s eta 0:00:00
2023-05-21T14:40:21.0812815Z Installing collected packages: pip
2023-05-21T14:40:21.0814339Z   Attempting uninstall: pip
2023-05-21T14:40:21.0821472Z     Found existing installation: pip 22.0.4
2023-05-21T14:40:21.1345101Z     Uninstalling pip-22.0.4:
2023-05-21T14:40:21.2002553Z       Successfully uninstalled pip-22.0.4
2023-05-21T14:40:22.3514717Z Successfully installed pip-23.1.2
2023-05-21T14:40:23.7844052Z Collecting coverage
2023-05-21T14:40:23.9211635Z   Downloading coverage-7.2.5-cp39-cp39-manylinux_2_5_x86_64.manylinux1_x86_64.manylinux_2_17_x86_64.manylinux2014_x86_64.whl (227 kB)
2023-05-21T14:40:23.9757717Z      ‚îÅ‚îÅ‚îÅ‚îÅ‚îÅ‚îÅ‚îÅ‚îÅ‚îÅ‚îÅ‚îÅ‚îÅ‚îÅ‚îÅ‚îÅ‚îÅ‚îÅ‚îÅ‚îÅ‚îÅ‚îÅ‚îÅ‚îÅ‚îÅ‚îÅ‚îÅ‚îÅ‚îÅ‚îÅ‚îÅ‚îÅ‚îÅ‚îÅ‚îÅ‚îÅ‚îÅ‚îÅ‚îÅ‚îÅ 227.7/227.7 kB 4.4 MB/s eta 0:00:00
2023-05-21T14:40:24.0094909Z Installing collected packages: coverage
2023-05-21T14:40:24.1148341Z Successfully installed coverage-7.2.5
2023-05-21T14:40:24.8620685Z Collecting Flask (from -r requirements.txt (line 1))
2023-05-21T14:40:24.9963180Z   Downloading Flask-2.3.2-py3-none-any.whl (96 kB)
2023-05-21T14:40:25.0350389Z      ‚îÅ‚îÅ‚îÅ‚îÅ‚îÅ‚îÅ‚îÅ‚îÅ‚îÅ‚îÅ‚îÅ‚îÅ‚îÅ‚îÅ‚îÅ‚îÅ‚îÅ‚îÅ‚îÅ‚îÅ‚îÅ‚îÅ‚îÅ‚îÅ‚îÅ‚îÅ‚îÅ‚îÅ‚îÅ‚îÅ‚îÅ‚îÅ‚îÅ‚îÅ‚îÅ‚îÅ‚îÅ‚îÅ‚îÅ‚îÅ 96.9/96.9 kB 2.8 MB/s eta 0:00:00
2023-05-21T14:40:25.0799802Z Collecting Flask-Cors (from -r requirements.txt (line 2))
2023-05-21T14:40:25.0976970Z   Downloading Flask_Cors-3.0.10-py2.py3-none-any.whl (14 kB)
2023-05-21T14:40:25.1350339Z Collecting Flask-Pymongo (from -r requirements.txt (line 3))
2023-05-21T14:40:25.1549944Z   Downloading Flask_PyMongo-2.3.0-py2.py3-none-any.whl (12 kB)
2023-05-21T14:40:25.2774655Z Collecting mongomock (from -r requirements.txt (line 4))
2023-05-21T14:40:25.2956711Z   Downloading mongomock-4.1.2-py2.py3-none-any.whl (60 kB)
2023-05-21T14:40:25.3038236Z      ‚îÅ‚îÅ‚îÅ‚îÅ‚îÅ‚îÅ‚îÅ‚îÅ‚îÅ‚îÅ‚îÅ‚îÅ‚îÅ‚îÅ‚îÅ‚îÅ‚îÅ‚îÅ‚îÅ‚îÅ‚îÅ‚îÅ‚îÅ‚îÅ‚îÅ‚îÅ‚îÅ‚îÅ‚îÅ‚îÅ‚îÅ‚îÅ‚îÅ‚îÅ‚îÅ‚îÅ‚îÅ‚îÅ‚îÅ‚îÅ 60.0/60.0 kB 8.6 MB/s eta 0:00:00
2023-05-21T14:40:25.3473421Z Collecting python-dotenv (from -r requirements.txt (line 5))
2023-05-21T14:40:25.3640314Z   Downloading python_dotenv-1.0.0-py3-none-any.whl (19 kB)
2023-05-21T14:40:25.4406240Z Collecting Werkzeug>=2.3.3 (from Flask->-r requirements.txt (line 1))
2023-05-21T14:40:25.4823066Z   Downloading Werkzeug-2.3.4-py3-none-any.whl (242 kB)
2023-05-21T14:40:25.5143386Z      ‚îÅ‚îÅ‚îÅ‚îÅ‚îÅ‚îÅ‚îÅ‚îÅ‚îÅ‚îÅ‚îÅ‚îÅ‚îÅ‚îÅ‚îÅ‚îÅ‚îÅ‚îÅ‚îÅ‚îÅ‚îÅ‚îÅ‚îÅ‚îÅ‚îÅ‚îÅ‚îÅ‚îÅ‚îÅ‚îÅ‚îÅ‚îÅ‚îÅ‚îÅ‚îÅ‚îÅ‚îÅ‚îÅ‚îÅ 242.5/242.5 kB 7.9 MB/s eta 0:00:00
2023-05-21T14:40:25.5582610Z Collecting Jinja2>=3.1.2 (from Flask->-r requirements.txt (line 1))
2023-05-21T14:40:25.5761435Z   Downloading Jinja2-3.1.2-py3-none-any.whl (133 kB)
2023-05-21T14:40:25.5928803Z      ‚îÅ‚îÅ‚îÅ‚îÅ‚îÅ‚îÅ‚îÅ‚îÅ‚îÅ‚îÅ‚îÅ‚îÅ‚îÅ‚îÅ‚îÅ‚îÅ‚îÅ‚îÅ‚îÅ‚îÅ‚îÅ‚îÅ‚îÅ‚îÅ‚îÅ‚îÅ‚îÅ‚îÅ‚îÅ‚îÅ‚îÅ‚îÅ‚îÅ‚îÅ‚îÅ‚îÅ‚îÅ‚îÅ‚îÅ 133.1/133.1 kB 8.8 MB/s eta 0:00:00
2023-05-21T14:40:25.6328769Z Collecting itsdangerous>=2.1.2 (from Flask->-r requirements.txt (line 1))
2023-05-21T14:40:25.6493425Z   Downloading itsdangerous-2.1.2-py3-none-any.whl (15 kB)
2023-05-21T14:40:25.6951279Z Collecting click>=8.1.3 (from Flask->-r requirements.txt (line 1))
2023-05-21T14:40:25.7115585Z   Downloading click-8.1.3-py3-none-any.whl (96 kB)
2023-05-21T14:40:25.7218604Z      ‚îÅ‚îÅ‚îÅ‚îÅ‚îÅ‚îÅ‚îÅ‚îÅ‚îÅ‚îÅ‚îÅ‚îÅ‚îÅ‚îÅ‚îÅ‚îÅ‚îÅ‚îÅ‚îÅ‚îÅ‚îÅ‚îÅ‚îÅ‚îÅ‚îÅ‚îÅ‚îÅ‚îÅ‚îÅ‚îÅ‚îÅ‚îÅ‚îÅ‚îÅ‚îÅ‚îÅ‚îÅ‚îÅ‚îÅ‚îÅ 96.6/96.6 kB 11.1 MB/s eta 0:00:00
2023-05-21T14:40:25.7520071Z Collecting blinker>=1.6.2 (from Flask->-r requirements.txt (line 1))
2023-05-21T14:40:25.7684539Z   Downloading blinker-1.6.2-py3-none-any.whl (13 kB)
2023-05-21T14:40:25.8630275Z Collecting importlib-metadata>=3.6.0 (from Flask->-r requirements.txt (line 1))
2023-05-21T14:40:25.8797002Z   Downloading importlib_metadata-6.6.0-py3-none-any.whl (22 kB)
2023-05-21T14:40:25.9254656Z Collecting Six (from Flask-Cors->-r requirements.txt (line 2))
2023-05-21T14:40:25.9425001Z   Downloading six-1.16.0-py2.py3-none-any.whl (11 kB)
2023-05-21T14:40:26.4955557Z Collecting PyMongo>=3.3 (from Flask-Pymongo->-r requirements.txt (line 3))
2023-05-21T14:40:26.5149317Z   Downloading pymongo-4.3.3-cp39-cp39-manylinux_2_17_x86_64.manylinux2014_x86_64.whl (492 kB)
2023-05-21T14:40:26.5659039Z      ‚îÅ‚îÅ‚îÅ‚îÅ‚îÅ‚îÅ‚îÅ‚îÅ‚îÅ‚îÅ‚îÅ‚îÅ‚îÅ‚îÅ‚îÅ‚îÅ‚îÅ‚îÅ‚îÅ‚îÅ‚îÅ‚îÅ‚îÅ‚îÅ‚îÅ‚îÅ‚îÅ‚îÅ‚îÅ‚îÅ‚îÅ‚îÅ‚îÅ‚îÅ‚îÅ‚îÅ‚îÅ‚îÅ 492.1/492.1 kB 10.0 MB/s eta 0:00:00
2023-05-21T14:40:26.6785747Z Collecting sentinels (from mongomock->-r requirements.txt (line 4))
2023-05-21T14:40:26.6962287Z   Downloading sentinels-1.0.0.tar.gz (4.1 kB)
2023-05-21T14:40:26.7049029Z   Installing build dependencies: started
2023-05-21T14:40:28.7026416Z   Installing build dependencies: finished with status 'done'
2023-05-21T14:40:28.7039644Z   Getting requirements to build wheel: started
2023-05-21T14:40:28.8829119Z   Getting requirements to build wheel: finished with status 'done'
2023-05-21T14:40:28.8863814Z   Preparing metadata (pyproject.toml): started
2023-05-21T14:40:29.0677323Z   Preparing metadata (pyproject.toml): finished with status 'done'
2023-05-21T14:40:29.1181111Z Collecting packaging (from mongomock->-r requirements.txt (line 4))
2023-05-21T14:40:29.1352081Z   Downloading packaging-23.1-py3-none-any.whl (48 kB)
2023-05-21T14:40:29.1404727Z      ‚îÅ‚îÅ‚îÅ‚îÅ‚îÅ‚îÅ‚îÅ‚îÅ‚îÅ‚îÅ‚îÅ‚îÅ‚îÅ‚îÅ‚îÅ‚îÅ‚îÅ‚îÅ‚îÅ‚îÅ‚îÅ‚îÅ‚îÅ‚îÅ‚îÅ‚îÅ‚îÅ‚îÅ‚îÅ‚îÅ‚îÅ‚îÅ‚îÅ‚îÅ‚îÅ‚îÅ‚îÅ‚îÅ‚îÅ‚îÅ 48.9/48.9 kB 17.4 MB/s eta 0:00:00
2023-05-21T14:40:29.2178805Z Collecting zipp>=0.5 (from importlib-metadata>=3.6.0->Flask->-r requirements.txt (line 1))
2023-05-21T14:40:29.2343022Z   Downloading zipp-3.15.0-py3-none-any.whl (6.8 kB)
2023-05-21T14:40:29.3337727Z Collecting MarkupSafe>=2.0 (from Jinja2>=3.1.2->Flask->-r requirements.txt (line 1))
2023-05-21T14:40:29.3504307Z   Downloading MarkupSafe-2.1.2-cp39-cp39-manylinux_2_17_x86_64.manylinux2014_x86_64.whl (25 kB)
2023-05-21T14:40:29.3971808Z Collecting dnspython<3.0.0,>=1.16.0 (from PyMongo>=3.3->Flask-Pymongo->-r requirements.txt (line 3))
2023-05-21T14:40:29.4145042Z   Downloading dnspython-2.3.0-py3-none-any.whl (283 kB)
2023-05-21T14:40:29.4403717Z      ‚îÅ‚îÅ‚îÅ‚îÅ‚îÅ‚îÅ‚îÅ‚îÅ‚îÅ‚îÅ‚îÅ‚îÅ‚îÅ‚îÅ‚îÅ‚îÅ‚îÅ‚îÅ‚îÅ‚îÅ‚îÅ‚îÅ‚îÅ‚îÅ‚îÅ‚îÅ‚îÅ‚îÅ‚îÅ‚îÅ‚îÅ‚îÅ‚îÅ‚îÅ‚îÅ‚îÅ‚îÅ‚îÅ 283.7/283.7 kB 11.8 MB/s eta 0:00:00
2023-05-21T14:40:29.5184627Z Building wheels for collected packages: sentinels
2023-05-21T14:40:29.5193613Z   Building wheel for sentinels (pyproject.toml): started
2023-05-21T14:40:29.7171951Z   Building wheel for sentinels (pyproject.toml): finished with status 'done'
2023-05-21T14:40:29.7181280Z   Created wheel for sentinels: filename=sentinels-1.0.0-py3-none-any.whl size=3174 sha256=27143df6f8b7629292ddf8d0acdcce528e8f67bb1c8bd59fd998233570451d27
2023-05-21T14:40:29.7183235Z   Stored in directory: /home/runner/.cache/pip/wheels/39/4c/05/90d81b81899bc2fd244e072d9b323422128e69a99328e712a5
2023-05-21T14:40:29.7207985Z Successfully built sentinels
2023-05-21T14:40:29.8364167Z Installing collected packages: sentinels, zipp, Six, python-dotenv, packaging, MarkupSafe, itsdangerous, dnspython, click, blinker, Werkzeug, PyMongo, mongomock, Jinja2, importlib-metadata, Flask, Flask-Pymongo, Flask-Cors
2023-05-21T14:40:30.7505684Z Successfully installed Flask-2.3.2 Flask-Cors-3.0.10 Flask-Pymongo-2.3.0 Jinja2-3.1.2 MarkupSafe-2.1.2 PyMongo-4.3.3 Six-1.16.0 Werkzeug-2.3.4 blinker-1.6.2 click-8.1.3 dnspython-2.3.0 importlib-metadata-6.6.0 itsdangerous-2.1.2 mongomock-4.1.2 packaging-23.1 python-dotenv-1.0.0 sentinels-1.0.0 zipp-3.15.0
2023-05-21T14:40:30.9166461Z ##[group]Run coverage run --source=./src -m unittest discover -v .
2023-05-21T14:40:30.9166982Z [36;1mcoverage run --source=./src -m unittest discover -v .[0m
2023-05-21T14:40:30.9219783Z shell: /usr/bin/bash -e {0}
2023-05-21T14:40:30.9219986Z env:
2023-05-21T14:40:30.9220178Z   API_DIR: ./app/api
2023-05-21T14:40:30.9220465Z   pythonLocation: /opt/hostedtoolcache/Python/3.9.16/x64
2023-05-21T14:40:30.9220788Z   LD_LIBRARY_PATH: /opt/hostedtoolcache/Python/3.9.16/x64/lib
2023-05-21T14:40:30.9221042Z ##[endgroup]
2023-05-21T14:40:31.7442353Z test_create (tests.test_cloud.TestCloud) ... ok
2023-05-21T14:40:31.7540186Z test_getAll (tests.test_cloud.TestCloud) ... ok
2023-05-21T14:40:31.7631528Z test_getOne (tests.test_cloud.TestCloud) ... ok
2023-05-21T14:40:31.7729862Z test_remove (tests.test_cloud.TestCloud) ... ok
2023-05-21T14:40:31.7840522Z test_update (tests.test_cloud.TestCloud) ... ok
2023-05-21T14:40:31.7840750Z 
2023-05-21T14:40:31.7841207Z ----------------------------------------------------------------------
2023-05-21T14:40:31.7841505Z Ran 5 tests in 0.056s
2023-05-21T14:40:31.7841657Z 
2023-05-21T14:40:31.7841862Z OK
2023-05-21T14:40:31.8293969Z ##[group]Run coverage report -m --skip-covered
2023-05-21T14:40:31.8294275Z [36;1mcoverage report -m --skip-covered[0m
2023-05-21T14:40:31.8346826Z shell: /usr/bin/bash -e {0}
2023-05-21T14:40:31.8347043Z env:
2023-05-21T14:40:31.8347222Z   API_DIR: ./app/api
2023-05-21T14:40:31.8347516Z   pythonLocation: /opt/hostedtoolcache/Python/3.9.16/x64
2023-05-21T14:40:31.8347849Z   LD_LIBRARY_PATH: /opt/hostedtoolcache/Python/3.9.16/x64/lib
2023-05-21T14:40:31.8348095Z ##[endgroup]
2023-05-21T14:40:31.9383511Z Name              Stmts   Miss  Cover   Missing
2023-05-21T14:40:31.9384420Z -----------------------------------------------
2023-05-21T14:40:31.9385072Z src/__init__.py      24      1    96%   18
2023-05-21T14:40:31.9385583Z -----------------------------------------------
2023-05-21T14:40:31.9386011Z TOTAL                90      1    99%
2023-05-21T14:40:31.9386313Z 
2023-05-21T14:40:31.9386634Z 4 files skipped due to complete coverage.
2023-05-21T14:40:31.9515544Z Post job cleanup.
2023-05-21T14:40:32.1022419Z Post job cleanup.
2023-05-21T14:40:32.2033587Z [command]/usr/bin/git version
2023-05-21T14:40:32.2081986Z git version 2.40.1
2023-05-21T14:40:32.2141632Z Temporarily overriding HOME='/home/runner/work/_temp/2c4f0776-bfa0-4207-974f-880e3ce308a2' before making global git config changes
2023-05-21T14:40:32.2146758Z Adding repository directory to the temporary git global config as a safe directory
2023-05-21T14:40:32.2156005Z [command]/usr/bin/git config --global --add safe.directory /home/runner/work/test-github-actions/test-github-actions
2023-05-21T14:40:32.2204465Z [command]/usr/bin/git config --local --name-only --get-regexp core\.sshCommand
2023-05-21T14:40:32.2242320Z [command]/usr/bin/git submodule foreach --recursive sh -c "git config --local --name-only --get-regexp 'core\.sshCommand' && git config --local --unset-all 'core.sshCommand' || :"
2023-05-21T14:40:32.2489810Z [command]/usr/bin/git config --local --name-only --get-regexp http\.https\:\/\/github\.com\/\.extraheader
2023-05-21T14:40:32.2515082Z http.https://github.com/.extraheader
2023-05-21T14:40:32.2527261Z [command]/usr/bin/git config --local --unset-all http.https://github.com/.extraheader
2023-05-21T14:40:32.2560140Z [command]/usr/bin/git submodule foreach --recursive sh -c "git config --local --name-only --get-regexp 'http\.https\:\/\/github\.com\/\.extraheader' && git config --local --unset-all 'http.https://github.com/.extraheader' || :"
2023-05-21T14:40:32.2983025Z Cleaning up orphan processes
