2023-05-21T15:07:18.5015998Z Requested labels: ubuntu-latest
2023-05-21T15:07:18.5016454Z Job defined at: duclm278/test-github-actions/.github/workflows/release.yml@refs/tags/v0.1.0
2023-05-21T15:07:18.5016701Z Waiting for a runner to pick up this job...
2023-05-21T15:07:18.6473399Z Job is waiting for a hosted runner to come online.
2023-05-21T15:07:22.0677536Z Job is about to start running on the hosted runner: GitHub Actions 3 (hosted)
2023-05-21T15:07:24.5374880Z Current runner version: '2.304.0'
2023-05-21T15:07:24.5403408Z ##[group]Operating System
2023-05-21T15:07:24.5403977Z Ubuntu
2023-05-21T15:07:24.5404229Z 22.04.2
2023-05-21T15:07:24.5404532Z LTS
2023-05-21T15:07:24.5404941Z ##[endgroup]
2023-05-21T15:07:24.5405276Z ##[group]Runner Image
2023-05-21T15:07:24.5405646Z Image: ubuntu-22.04
2023-05-21T15:07:24.5405988Z Version: 20230507.1
2023-05-21T15:07:24.5406474Z Included Software: https://github.com/actions/runner-images/blob/ubuntu22/20230507.1/images/linux/Ubuntu2204-Readme.md
2023-05-21T15:07:24.5407180Z Image Release: https://github.com/actions/runner-images/releases/tag/ubuntu22%2F20230507.1
2023-05-21T15:07:24.5407638Z ##[endgroup]
2023-05-21T15:07:24.5407995Z ##[group]Runner Image Provisioner
2023-05-21T15:07:24.5408357Z 2.0.171.1
2023-05-21T15:07:24.5408645Z ##[endgroup]
2023-05-21T15:07:24.5409354Z ##[group]GITHUB_TOKEN Permissions
2023-05-21T15:07:24.5409909Z Contents: read
2023-05-21T15:07:24.5410284Z Metadata: read
2023-05-21T15:07:24.5410849Z Packages: read
2023-05-21T15:07:24.5411244Z ##[endgroup]
2023-05-21T15:07:24.5415047Z Secret source: Actions
2023-05-21T15:07:24.5415593Z Prepare workflow directory
2023-05-21T15:07:24.6159001Z Prepare all required actions
2023-05-21T15:07:24.6349838Z Getting action download info
2023-05-21T15:07:24.9042083Z Download action repository 'actions/checkout@v3' (SHA:8e5e7e5ab8b370d6c329ec480221332ada57f0ab)
2023-05-21T15:07:25.5425598Z Download action repository 'docker/metadata-action@v4' (SHA:c4ee3adeed93b1fa6a762f209fb01608c1a22f1e)
2023-05-21T15:07:26.1535048Z Download action repository 'docker/setup-qemu-action@v2' (SHA:e81a89b1732b9c48d79cd809d8d81d79c4647a18)
2023-05-21T15:07:26.6099723Z Download action repository 'docker/setup-buildx-action@v2' (SHA:4b4e9c3e2d4531116a6f8ba8e71fc6e2cb6e6c8c)
2023-05-21T15:07:27.1229441Z Download action repository 'docker/login-action@v2' (SHA:f4ef78c080cd8ba55a85445d5b36e214a81df20a)
2023-05-21T15:07:27.6570180Z Download action repository 'docker/build-push-action@v4' (SHA:3b5e8027fcad23fda98b2e3ac259d8d67585f671)
2023-05-21T15:07:28.3202616Z Complete job name: build (./app/api, api)
2023-05-21T15:07:28.4033205Z ##[group]Run actions/checkout@v3
2023-05-21T15:07:28.4033527Z with:
2023-05-21T15:07:28.4033962Z   repository: ***/test-github-actions
2023-05-21T15:07:28.4034386Z   token: ***
2023-05-21T15:07:28.4034630Z   ssh-strict: true
2023-05-21T15:07:28.4034884Z   persist-credentials: true
2023-05-21T15:07:28.4035128Z   clean: true
2023-05-21T15:07:28.4035358Z   fetch-depth: 1
2023-05-21T15:07:28.4035558Z   lfs: false
2023-05-21T15:07:28.4035772Z   submodules: false
2023-05-21T15:07:28.4036007Z   set-safe-directory: true
2023-05-21T15:07:28.4036240Z ##[endgroup]
2023-05-21T15:07:28.6744947Z Syncing repository: ***/test-github-actions
2023-05-21T15:07:28.6747004Z ##[group]Getting Git version info
2023-05-21T15:07:28.6747604Z Working directory is '/home/runner/work/test-github-actions/test-github-actions'
2023-05-21T15:07:28.6748208Z [command]/usr/bin/git version
2023-05-21T15:07:28.6859219Z git version 2.40.1
2023-05-21T15:07:28.6892540Z ##[endgroup]
2023-05-21T15:07:28.6912910Z Temporarily overriding HOME='/home/runner/work/_temp/84499173-63e8-40af-9b48-ff6b1703e977' before making global git config changes
2023-05-21T15:07:28.6913420Z Adding repository directory to the temporary git global config as a safe directory
2023-05-21T15:07:28.6922336Z [command]/usr/bin/git config --global --add safe.directory /home/runner/work/test-github-actions/test-github-actions
2023-05-21T15:07:28.6975830Z Deleting the contents of '/home/runner/work/test-github-actions/test-github-actions'
2023-05-21T15:07:28.6981894Z ##[group]Initializing the repository
2023-05-21T15:07:28.6985900Z [command]/usr/bin/git init /home/runner/work/test-github-actions/test-github-actions
2023-05-21T15:07:28.7060385Z hint: Using 'master' as the name for the initial branch. This default branch name
2023-05-21T15:07:28.7061499Z hint: is subject to change. To configure the initial branch name to use in all
2023-05-21T15:07:28.7062357Z hint: of your new repositories, which will suppress this warning, call:
2023-05-21T15:07:28.7062683Z hint: 
2023-05-21T15:07:28.7063182Z hint: 	git config --global init.defaultBranch <name>
2023-05-21T15:07:28.7063625Z hint: 
2023-05-21T15:07:28.7064001Z hint: Names commonly chosen instead of 'master' are 'main', 'trunk' and
2023-05-21T15:07:28.7064487Z hint: 'development'. The just-created branch can be renamed via this command:
2023-05-21T15:07:28.7064780Z hint: 
2023-05-21T15:07:28.7065050Z hint: 	git branch -m <name>
2023-05-21T15:07:28.7075754Z Initialized empty Git repository in /home/runner/work/test-github-actions/test-github-actions/.git/
2023-05-21T15:07:28.7093461Z [command]/usr/bin/git remote add origin https://github.com/***/test-github-actions
2023-05-21T15:07:28.7139251Z ##[endgroup]
2023-05-21T15:07:28.7139793Z ##[group]Disabling automatic garbage collection
2023-05-21T15:07:28.7146049Z [command]/usr/bin/git config --local gc.auto 0
2023-05-21T15:07:28.7185050Z ##[endgroup]
2023-05-21T15:07:28.7188321Z ##[group]Setting up auth
2023-05-21T15:07:28.7196393Z [command]/usr/bin/git config --local --name-only --get-regexp core\.sshCommand
2023-05-21T15:07:28.7232316Z [command]/usr/bin/git submodule foreach --recursive sh -c "git config --local --name-only --get-regexp 'core\.sshCommand' && git config --local --unset-all 'core.sshCommand' || :"
2023-05-21T15:07:28.7664836Z [command]/usr/bin/git config --local --name-only --get-regexp http\.https\:\/\/github\.com\/\.extraheader
2023-05-21T15:07:28.7694351Z [command]/usr/bin/git submodule foreach --recursive sh -c "git config --local --name-only --get-regexp 'http\.https\:\/\/github\.com\/\.extraheader' && git config --local --unset-all 'http.https://github.com/.extraheader' || :"
2023-05-21T15:07:28.7929433Z [command]/usr/bin/git config --local http.https://github.com/.extraheader AUTHORIZATION: basic ***
2023-05-21T15:07:28.7971732Z ##[endgroup]
2023-05-21T15:07:28.7972534Z ##[group]Fetching the repository
2023-05-21T15:07:28.7981327Z [command]/usr/bin/git -c protocol.version=2 fetch --no-tags --prune --progress --no-recurse-submodules --depth=1 origin +d784b48856295f42bdf83c5620ed0b37d27264d2:refs/tags/v0.1.0
2023-05-21T15:07:29.1204370Z remote: Enumerating objects: 138, done.        
2023-05-21T15:07:29.1214350Z remote: Counting objects:   0% (1/138)        
2023-05-21T15:07:29.1215558Z remote: Counting objects:   1% (2/138)        
2023-05-21T15:07:29.1216041Z remote: Counting objects:   2% (3/138)        
2023-05-21T15:07:29.1216870Z remote: Counting objects:   3% (5/138)        
2023-05-21T15:07:29.1217301Z remote: Counting objects:   4% (6/138)        
2023-05-21T15:07:29.1218126Z remote: Counting objects:   5% (7/138)        
2023-05-21T15:07:29.1218558Z remote: Counting objects:   6% (9/138)        
2023-05-21T15:07:29.1219352Z remote: Counting objects:   7% (10/138)        
2023-05-21T15:07:29.1219796Z remote: Counting objects:   8% (12/138)        
2023-05-21T15:07:29.1220595Z remote: Counting objects:   9% (13/138)        
2023-05-21T15:07:29.1221084Z remote: Counting objects:  10% (14/138)        
2023-05-21T15:07:29.1221891Z remote: Counting objects:  11% (16/138)        
2023-05-21T15:07:29.1222331Z remote: Counting objects:  12% (17/138)        
2023-05-21T15:07:29.1223121Z remote: Counting objects:  13% (18/138)        
2023-05-21T15:07:29.1223556Z remote: Counting objects:  14% (20/138)        
2023-05-21T15:07:29.1224370Z remote: Counting objects:  15% (21/138)        
2023-05-21T15:07:29.1224801Z remote: Counting objects:  16% (23/138)        
2023-05-21T15:07:29.1225584Z remote: Counting objects:  17% (24/138)        
2023-05-21T15:07:29.1226001Z remote: Counting objects:  18% (25/138)        
2023-05-21T15:07:29.1226809Z remote: Counting objects:  19% (27/138)        
2023-05-21T15:07:29.1227238Z remote: Counting objects:  20% (28/138)        
2023-05-21T15:07:29.1228019Z remote: Counting objects:  21% (29/138)        
2023-05-21T15:07:29.1228448Z remote: Counting objects:  22% (31/138)        
2023-05-21T15:07:29.1229225Z remote: Counting objects:  23% (32/138)        
2023-05-21T15:07:29.1230078Z remote: Counting objects:  24% (34/138)        
2023-05-21T15:07:29.1230866Z remote: Counting objects:  25% (35/138)        
2023-05-21T15:07:29.1231293Z remote: Counting objects:  26% (36/138)        
2023-05-21T15:07:29.1232104Z remote: Counting objects:  27% (38/138)        
2023-05-21T15:07:29.1232613Z remote: Counting objects:  28% (39/138)        
2023-05-21T15:07:29.1233410Z remote: Counting objects:  29% (41/138)        
2023-05-21T15:07:29.1233845Z remote: Counting objects:  30% (42/138)        
2023-05-21T15:07:29.1234630Z remote: Counting objects:  31% (43/138)        
2023-05-21T15:07:29.1235048Z remote: Counting objects:  32% (45/138)        
2023-05-21T15:07:29.1236108Z remote: Counting objects:  33% (46/138)        
2023-05-21T15:07:29.1236543Z remote: Counting objects:  34% (47/138)        
2023-05-21T15:07:29.1237407Z remote: Counting objects:  35% (49/138)        
2023-05-21T15:07:29.1237834Z remote: Counting objects:  36% (50/138)        
2023-05-21T15:07:29.1238775Z remote: Counting objects:  37% (52/138)        
2023-05-21T15:07:29.1239225Z remote: Counting objects:  38% (53/138)        
2023-05-21T15:07:29.1240048Z remote: Counting objects:  39% (54/138)        
2023-05-21T15:07:29.1240464Z remote: Counting objects:  40% (56/138)        
2023-05-21T15:07:29.1241269Z remote: Counting objects:  41% (57/138)        
2023-05-21T15:07:29.1241698Z remote: Counting objects:  42% (58/138)        
2023-05-21T15:07:29.1242493Z remote: Counting objects:  43% (60/138)        
2023-05-21T15:07:29.1242923Z remote: Counting objects:  44% (61/138)        
2023-05-21T15:07:29.1243725Z remote: Counting objects:  45% (63/138)        
2023-05-21T15:07:29.1244163Z remote: Counting objects:  46% (64/138)        
2023-05-21T15:07:29.1244955Z remote: Counting objects:  47% (65/138)        
2023-05-21T15:07:29.1245386Z remote: Counting objects:  48% (67/138)        
2023-05-21T15:07:29.1246191Z remote: Counting objects:  49% (68/138)        
2023-05-21T15:07:29.1246638Z remote: Counting objects:  50% (69/138)        
2023-05-21T15:07:29.1247706Z remote: Counting objects:  51% (71/138)        
2023-05-21T15:07:29.1248168Z remote: Counting objects:  52% (72/138)        
2023-05-21T15:07:29.1248994Z remote: Counting objects:  53% (74/138)        
2023-05-21T15:07:29.1249418Z remote: Counting objects:  54% (75/138)        
2023-05-21T15:07:29.1250235Z remote: Counting objects:  55% (76/138)        
2023-05-21T15:07:29.1250664Z remote: Counting objects:  56% (78/138)        
2023-05-21T15:07:29.1251474Z remote: Counting objects:  57% (79/138)        
2023-05-21T15:07:29.1251907Z remote: Counting objects:  58% (81/138)        
2023-05-21T15:07:29.1252706Z remote: Counting objects:  59% (82/138)        
2023-05-21T15:07:29.1253143Z remote: Counting objects:  60% (83/138)        
2023-05-21T15:07:29.1253931Z remote: Counting objects:  61% (85/138)        
2023-05-21T15:07:29.1254357Z remote: Counting objects:  62% (86/138)        
2023-05-21T15:07:29.1255166Z remote: Counting objects:  63% (87/138)        
2023-05-21T15:07:29.1255612Z remote: Counting objects:  64% (89/138)        
2023-05-21T15:07:29.1256420Z remote: Counting objects:  65% (90/138)        
2023-05-21T15:07:29.1256848Z remote: Counting objects:  66% (92/138)        
2023-05-21T15:07:29.1257649Z remote: Counting objects:  67% (93/138)        
2023-05-21T15:07:29.1258066Z remote: Counting objects:  68% (94/138)        
2023-05-21T15:07:29.1258866Z remote: Counting objects:  69% (96/138)        
2023-05-21T15:07:29.1259294Z remote: Counting objects:  70% (97/138)        
2023-05-21T15:07:29.1260090Z remote: Counting objects:  71% (98/138)        
2023-05-21T15:07:29.1260534Z remote: Counting objects:  72% (100/138)        
2023-05-21T15:07:29.1261352Z remote: Counting objects:  73% (101/138)        
2023-05-21T15:07:29.1261795Z remote: Counting objects:  74% (103/138)        
2023-05-21T15:07:29.1262585Z remote: Counting objects:  75% (104/138)        
2023-05-21T15:07:29.1263019Z remote: Counting objects:  76% (105/138)        
2023-05-21T15:07:29.1264050Z remote: Counting objects:  77% (107/138)        
2023-05-21T15:07:29.1264500Z remote: Counting objects:  78% (108/138)        
2023-05-21T15:07:29.1265319Z remote: Counting objects:  79% (110/138)        
2023-05-21T15:07:29.1265753Z remote: Counting objects:  80% (111/138)        
2023-05-21T15:07:29.1267012Z remote: Counting objects:  81% (112/138)        
2023-05-21T15:07:29.1267278Z remote: Counting objects:  82% (114/138)        
2023-05-21T15:07:29.1267553Z remote: Counting objects:  83% (115/138)        
2023-05-21T15:07:29.1267826Z remote: Counting objects:  84% (116/138)        
2023-05-21T15:07:29.1268099Z remote: Counting objects:  85% (118/138)        
2023-05-21T15:07:29.1268370Z remote: Counting objects:  86% (119/138)        
2023-05-21T15:07:29.1268626Z remote: Counting objects:  87% (121/138)        
2023-05-21T15:07:29.1268893Z remote: Counting objects:  88% (122/138)        
2023-05-21T15:07:29.1269163Z remote: Counting objects:  89% (123/138)        
2023-05-21T15:07:29.1269438Z remote: Counting objects:  90% (125/138)        
2023-05-21T15:07:29.1269713Z remote: Counting objects:  91% (126/138)        
2023-05-21T15:07:29.1269984Z remote: Counting objects:  92% (127/138)        
2023-05-21T15:07:29.1270235Z remote: Counting objects:  93% (129/138)        
2023-05-21T15:07:29.1318204Z remote: Counting objects:  94% (130/138)        
2023-05-21T15:07:29.1318643Z remote: Counting objects:  95% (132/138)        
2023-05-21T15:07:29.1318936Z remote: Counting objects:  96% (133/138)        
2023-05-21T15:07:29.1319332Z remote: Counting objects:  97% (134/138)        
2023-05-21T15:07:29.1319613Z remote: Counting objects:  98% (136/138)        
2023-05-21T15:07:29.1319893Z remote: Counting objects:  99% (137/138)        
2023-05-21T15:07:29.1320168Z remote: Counting objects: 100% (138/138)        
2023-05-21T15:07:29.1320448Z remote: Counting objects: 100% (138/138), done.        
2023-05-21T15:07:29.1320753Z remote: Compressing objects:   1% (1/85)        
2023-05-21T15:07:29.1321055Z remote: Compressing objects:   2% (2/85)        
2023-05-21T15:07:29.1321630Z remote: Compressing objects:   3% (3/85)        
2023-05-21T15:07:29.1321920Z remote: Compressing objects:   4% (4/85)        
2023-05-21T15:07:29.1322205Z remote: Compressing objects:   5% (5/85)        
2023-05-21T15:07:29.1322501Z remote: Compressing objects:   7% (6/85)        
2023-05-21T15:07:29.1322784Z remote: Compressing objects:   8% (7/85)        
2023-05-21T15:07:29.1323065Z remote: Compressing objects:   9% (8/85)        
2023-05-21T15:07:29.1323344Z remote: Compressing objects:  10% (9/85)        
2023-05-21T15:07:29.1323636Z remote: Compressing objects:  11% (10/85)        
2023-05-21T15:07:29.1323909Z remote: Compressing objects:  12% (11/85)        
2023-05-21T15:07:29.1324191Z remote: Compressing objects:  14% (12/85)        
2023-05-21T15:07:29.1324474Z remote: Compressing objects:  15% (13/85)        
2023-05-21T15:07:29.1324753Z remote: Compressing objects:  16% (14/85)        
2023-05-21T15:07:29.1325049Z remote: Compressing objects:  17% (15/85)        
2023-05-21T15:07:29.1325337Z remote: Compressing objects:  18% (16/85)        
2023-05-21T15:07:29.1325604Z remote: Compressing objects:  20% (17/85)        
2023-05-21T15:07:29.1325884Z remote: Compressing objects:  21% (18/85)        
2023-05-21T15:07:29.1326162Z remote: Compressing objects:  22% (19/85)        
2023-05-21T15:07:29.1326438Z remote: Compressing objects:  23% (20/85)        
2023-05-21T15:07:29.1326715Z remote: Compressing objects:  24% (21/85)        
2023-05-21T15:07:29.1326982Z remote: Compressing objects:  25% (22/85)        
2023-05-21T15:07:29.1327260Z remote: Compressing objects:  27% (23/85)        
2023-05-21T15:07:29.1327535Z remote: Compressing objects:  28% (24/85)        
2023-05-21T15:07:29.1327809Z remote: Compressing objects:  29% (25/85)        
2023-05-21T15:07:29.1328092Z remote: Compressing objects:  30% (26/85)        
2023-05-21T15:07:29.1328372Z remote: Compressing objects:  31% (27/85)        
2023-05-21T15:07:29.1328876Z remote: Compressing objects:  32% (28/85)        
2023-05-21T15:07:29.1329335Z remote: Compressing objects:  34% (29/85)        
2023-05-21T15:07:29.1329691Z remote: Compressing objects:  35% (30/85)        
2023-05-21T15:07:29.1330041Z remote: Compressing objects:  36% (31/85)        
2023-05-21T15:07:29.1330409Z remote: Compressing objects:  37% (32/85)        
2023-05-21T15:07:29.1330792Z remote: Compressing objects:  38% (33/85)        
2023-05-21T15:07:29.1331138Z remote: Compressing objects:  40% (34/85)        
2023-05-21T15:07:29.1331436Z remote: Compressing objects:  41% (35/85)        
2023-05-21T15:07:29.1331791Z remote: Compressing objects:  42% (36/85)        
2023-05-21T15:07:29.1332159Z remote: Compressing objects:  43% (37/85)        
2023-05-21T15:07:29.1332537Z remote: Compressing objects:  44% (38/85)        
2023-05-21T15:07:29.1332883Z remote: Compressing objects:  45% (39/85)        
2023-05-21T15:07:29.1333183Z remote: Compressing objects:  47% (40/85)        
2023-05-21T15:07:29.1333539Z remote: Compressing objects:  48% (41/85)        
2023-05-21T15:07:29.1333916Z remote: Compressing objects:  49% (42/85)        
2023-05-21T15:07:29.1334266Z remote: Compressing objects:  50% (43/85)        
2023-05-21T15:07:29.1334639Z remote: Compressing objects:  51% (44/85)        
2023-05-21T15:07:29.1334979Z remote: Compressing objects:  52% (45/85)        
2023-05-21T15:07:29.1335287Z remote: Compressing objects:  54% (46/85)        
2023-05-21T15:07:29.1335659Z remote: Compressing objects:  55% (47/85)        
2023-05-21T15:07:29.1384251Z remote: Compressing objects:  56% (48/85)        
2023-05-21T15:07:29.1384660Z remote: Compressing objects:  57% (49/85)        
2023-05-21T15:07:29.1385115Z remote: Compressing objects:  58% (50/85)        
2023-05-21T15:07:29.1385478Z remote: Compressing objects:  60% (51/85)        
2023-05-21T15:07:29.1385802Z remote: Compressing objects:  61% (52/85)        
2023-05-21T15:07:29.1386156Z remote: Compressing objects:  62% (53/85)        
2023-05-21T15:07:29.1386520Z remote: Compressing objects:  63% (54/85)        
2023-05-21T15:07:29.1387134Z remote: Compressing objects:  64% (55/85)        
2023-05-21T15:07:29.1387508Z remote: Compressing objects:  65% (56/85)        
2023-05-21T15:07:29.1387864Z remote: Compressing objects:  67% (57/85)        
2023-05-21T15:07:29.1388167Z remote: Compressing objects:  68% (58/85)        
2023-05-21T15:07:29.1388550Z remote: Compressing objects:  69% (59/85)        
2023-05-21T15:07:29.1388941Z remote: Compressing objects:  70% (60/85)        
2023-05-21T15:07:29.1389309Z remote: Compressing objects:  71% (61/85)        
2023-05-21T15:07:29.1389661Z remote: Compressing objects:  72% (62/85)        
2023-05-21T15:07:29.1389962Z remote: Compressing objects:  74% (63/85)        
2023-05-21T15:07:29.1390348Z remote: Compressing objects:  75% (64/85)        
2023-05-21T15:07:29.1390699Z remote: Compressing objects:  76% (65/85)        
2023-05-21T15:07:29.1391048Z remote: Compressing objects:  77% (66/85)        
2023-05-21T15:07:29.1391407Z remote: Compressing objects:  78% (67/85)        
2023-05-21T15:07:29.1391799Z remote: Compressing objects:  80% (68/85)        
2023-05-21T15:07:29.1392099Z remote: Compressing objects:  81% (69/85)        
2023-05-21T15:07:29.1392442Z remote: Compressing objects:  82% (70/85)        
2023-05-21T15:07:29.1392787Z remote: Compressing objects:  83% (71/85)        
2023-05-21T15:07:29.1393174Z remote: Compressing objects:  84% (72/85)        
2023-05-21T15:07:29.1393530Z remote: Compressing objects:  85% (73/85)        
2023-05-21T15:07:29.1393882Z remote: Compressing objects:  87% (74/85)        
2023-05-21T15:07:29.1394182Z remote: Compressing objects:  88% (75/85)        
2023-05-21T15:07:29.1394540Z remote: Compressing objects:  89% (76/85)        
2023-05-21T15:07:29.1394913Z remote: Compressing objects:  90% (77/85)        
2023-05-21T15:07:29.1395274Z remote: Compressing objects:  91% (78/85)        
2023-05-21T15:07:29.1395629Z remote: Compressing objects:  92% (79/85)        
2023-05-21T15:07:29.1396079Z remote: Compressing objects:  94% (80/85)        
2023-05-21T15:07:29.1396461Z remote: Compressing objects:  95% (81/85)        
2023-05-21T15:07:29.1396814Z remote: Compressing objects:  96% (82/85)        
2023-05-21T15:07:29.1397161Z remote: Compressing objects:  97% (83/85)        
2023-05-21T15:07:29.1397522Z remote: Compressing objects:  98% (84/85)        
2023-05-21T15:07:29.1397897Z remote: Compressing objects: 100% (85/85)        
2023-05-21T15:07:29.1398219Z remote: Compressing objects: 100% (85/85), done.        
2023-05-21T15:07:29.1446576Z Receiving objects:   0% (1/138)
2023-05-21T15:07:29.1446947Z Receiving objects:   1% (2/138)
2023-05-21T15:07:29.1447376Z Receiving objects:   2% (3/138)
2023-05-21T15:07:29.1447701Z Receiving objects:   3% (5/138)
2023-05-21T15:07:29.1448046Z Receiving objects:   4% (6/138)
2023-05-21T15:07:29.1448311Z Receiving objects:   5% (7/138)
2023-05-21T15:07:29.1448645Z Receiving objects:   6% (9/138)
2023-05-21T15:07:29.1449005Z Receiving objects:   7% (10/138)
2023-05-21T15:07:29.1449327Z Receiving objects:   8% (12/138)
2023-05-21T15:07:29.1449652Z Receiving objects:   9% (13/138)
2023-05-21T15:07:29.1449929Z Receiving objects:  10% (14/138)
2023-05-21T15:07:29.1450269Z Receiving objects:  11% (16/138)
2023-05-21T15:07:29.1450582Z Receiving objects:  12% (17/138)
2023-05-21T15:07:29.1450893Z Receiving objects:  13% (18/138)
2023-05-21T15:07:29.1451219Z Receiving objects:  14% (20/138)
2023-05-21T15:07:29.1451480Z Receiving objects:  15% (21/138)
2023-05-21T15:07:29.1451814Z Receiving objects:  16% (23/138)
2023-05-21T15:07:29.1452123Z Receiving objects:  17% (24/138)
2023-05-21T15:07:29.1452444Z Receiving objects:  18% (25/138)
2023-05-21T15:07:29.1452756Z Receiving objects:  19% (27/138)
2023-05-21T15:07:29.1453043Z Receiving objects:  20% (28/138)
2023-05-21T15:07:29.1453354Z Receiving objects:  21% (29/138)
2023-05-21T15:07:29.1453701Z Receiving objects:  22% (31/138)
2023-05-21T15:07:29.1454011Z Receiving objects:  23% (32/138)
2023-05-21T15:07:29.1454358Z Receiving objects:  24% (34/138)
2023-05-21T15:07:29.1454882Z Receiving objects:  25% (35/138)
2023-05-21T15:07:29.1455168Z Receiving objects:  26% (36/138)
2023-05-21T15:07:29.1455482Z Receiving objects:  27% (38/138)
2023-05-21T15:07:29.1455794Z Receiving objects:  28% (39/138)
2023-05-21T15:07:29.1456140Z Receiving objects:  29% (41/138)
2023-05-21T15:07:29.1456460Z Receiving objects:  30% (42/138)
2023-05-21T15:07:29.1456719Z Receiving objects:  31% (43/138)
2023-05-21T15:07:29.1457027Z Receiving objects:  32% (45/138)
2023-05-21T15:07:29.1457366Z Receiving objects:  33% (46/138)
2023-05-21T15:07:29.1457687Z Receiving objects:  34% (47/138)
2023-05-21T15:07:29.1457995Z Receiving objects:  35% (49/138)
2023-05-21T15:07:29.1458253Z Receiving objects:  36% (50/138)
2023-05-21T15:07:29.1458658Z Receiving objects:  37% (52/138)
2023-05-21T15:07:29.1458992Z Receiving objects:  38% (53/138)
2023-05-21T15:07:29.1459255Z Receiving objects:  39% (54/138)
2023-05-21T15:07:29.1459568Z Receiving objects:  40% (56/138)
2023-05-21T15:07:29.1698231Z Receiving objects:  41% (57/138)
2023-05-21T15:07:29.1699053Z Receiving objects:  42% (58/138)
2023-05-21T15:07:29.1734269Z Receiving objects:  43% (60/138)
2023-05-21T15:07:29.1734869Z Receiving objects:  44% (61/138)
2023-05-21T15:07:29.1735484Z Receiving objects:  45% (63/138)
2023-05-21T15:07:29.1736392Z Receiving objects:  46% (64/138)
2023-05-21T15:07:29.1736867Z Receiving objects:  47% (65/138)
2023-05-21T15:07:29.1737359Z Receiving objects:  48% (67/138)
2023-05-21T15:07:29.1737971Z Receiving objects:  49% (68/138)
2023-05-21T15:07:29.1738488Z Receiving objects:  50% (69/138)
2023-05-21T15:07:29.1738943Z Receiving objects:  51% (71/138)
2023-05-21T15:07:29.1739644Z Receiving objects:  52% (72/138)
2023-05-21T15:07:29.1740103Z Receiving objects:  53% (74/138)
2023-05-21T15:07:29.1741550Z Receiving objects:  54% (75/138)
2023-05-21T15:07:29.1742115Z Receiving objects:  55% (76/138)
2023-05-21T15:07:29.1742739Z Receiving objects:  56% (78/138)
2023-05-21T15:07:29.1743580Z Receiving objects:  57% (79/138)
2023-05-21T15:07:29.1744176Z Receiving objects:  58% (81/138)
2023-05-21T15:07:29.1744734Z Receiving objects:  59% (82/138)
2023-05-21T15:07:29.1745369Z Receiving objects:  60% (83/138)
2023-05-21T15:07:29.1746003Z Receiving objects:  61% (85/138)
2023-05-21T15:07:29.1746598Z Receiving objects:  62% (86/138)
2023-05-21T15:07:29.1747116Z Receiving objects:  63% (87/138)
2023-05-21T15:07:29.1747709Z Receiving objects:  64% (89/138)
2023-05-21T15:07:29.1748349Z Receiving objects:  65% (90/138)
2023-05-21T15:07:29.1749385Z Receiving objects:  66% (92/138)
2023-05-21T15:07:29.1749993Z Receiving objects:  67% (93/138)
2023-05-21T15:07:29.1750456Z Receiving objects:  68% (94/138)
2023-05-21T15:07:29.1751147Z Receiving objects:  69% (96/138)
2023-05-21T15:07:29.1751626Z Receiving objects:  70% (97/138)
2023-05-21T15:07:29.1752136Z Receiving objects:  71% (98/138)
2023-05-21T15:07:29.1752596Z Receiving objects:  72% (100/138)
2023-05-21T15:07:29.1753068Z Receiving objects:  73% (101/138)
2023-05-21T15:07:29.1753544Z Receiving objects:  74% (103/138)
2023-05-21T15:07:29.1754009Z Receiving objects:  75% (104/138)
2023-05-21T15:07:29.1754507Z Receiving objects:  76% (105/138)
2023-05-21T15:07:29.1755009Z Receiving objects:  77% (107/138)
2023-05-21T15:07:29.1755456Z Receiving objects:  78% (108/138)
2023-05-21T15:07:29.1755899Z Receiving objects:  79% (110/138)
2023-05-21T15:07:29.1756333Z Receiving objects:  80% (111/138)
2023-05-21T15:07:29.1757217Z Receiving objects:  81% (112/138)
2023-05-21T15:07:29.1757584Z Receiving objects:  82% (114/138)
2023-05-21T15:07:29.1757946Z Receiving objects:  83% (115/138)
2023-05-21T15:07:29.1758357Z Receiving objects:  84% (116/138)
2023-05-21T15:07:29.1945533Z Receiving objects:  85% (118/138)
2023-05-21T15:07:29.2010619Z Receiving objects:  86% (119/138)
2023-05-21T15:07:29.2011461Z Receiving objects:  87% (121/138)
2023-05-21T15:07:29.2012360Z Receiving objects:  88% (122/138)
2023-05-21T15:07:29.2013112Z Receiving objects:  89% (123/138)
2023-05-21T15:07:29.2014492Z Receiving objects:  90% (125/138)
2023-05-21T15:07:29.2016108Z Receiving objects:  91% (126/138)
2023-05-21T15:07:29.2016576Z Receiving objects:  92% (127/138)
2023-05-21T15:07:29.2017123Z Receiving objects:  93% (129/138)
2023-05-21T15:07:29.2037061Z Receiving objects:  94% (130/138)
2023-05-21T15:07:29.2037556Z Receiving objects:  95% (132/138)
2023-05-21T15:07:29.2038258Z Receiving objects:  96% (133/138)
2023-05-21T15:07:29.2622221Z Receiving objects:  97% (134/138)
2023-05-21T15:07:29.2640326Z Receiving objects:  98% (136/138)
2023-05-21T15:07:29.2666640Z Receiving objects:  99% (137/138)
2023-05-21T15:07:29.2667856Z remote: Total 138 (delta 15), reused 120 (delta 13), pack-reused 0        
2023-05-21T15:07:29.2680062Z Receiving objects: 100% (138/138)
2023-05-21T15:07:29.2683026Z Receiving objects: 100% (138/138), 528.38 KiB | 4.16 MiB/s, done.
2023-05-21T15:07:29.2694485Z Resolving deltas:   0% (0/15)
2023-05-21T15:07:29.2695221Z Resolving deltas:   6% (1/15)
2023-05-21T15:07:29.2698283Z Resolving deltas:  13% (2/15)
2023-05-21T15:07:29.2698921Z Resolving deltas:  20% (3/15)
2023-05-21T15:07:29.2702326Z Resolving deltas:  26% (4/15)
2023-05-21T15:07:29.2704419Z Resolving deltas:  33% (5/15)
2023-05-21T15:07:29.2704968Z Resolving deltas:  40% (6/15)
2023-05-21T15:07:29.2705391Z Resolving deltas:  46% (7/15)
2023-05-21T15:07:29.2705866Z Resolving deltas:  53% (8/15)
2023-05-21T15:07:29.2706383Z Resolving deltas:  60% (9/15)
2023-05-21T15:07:29.2706871Z Resolving deltas:  66% (10/15)
2023-05-21T15:07:29.2707393Z Resolving deltas:  73% (11/15)
2023-05-21T15:07:29.2707871Z Resolving deltas:  80% (12/15)
2023-05-21T15:07:29.2708351Z Resolving deltas:  86% (13/15)
2023-05-21T15:07:29.2713783Z Resolving deltas:  93% (14/15)
2023-05-21T15:07:29.2714391Z Resolving deltas: 100% (15/15)
2023-05-21T15:07:29.2728785Z Resolving deltas: 100% (15/15), done.
2023-05-21T15:07:29.2770958Z From https://github.com/***/test-github-actions
2023-05-21T15:07:29.2772057Z  * [new ref]         d784b48856295f42bdf83c5620ed0b37d27264d2 -> v0.1.0
2023-05-21T15:07:29.2794207Z ##[endgroup]
2023-05-21T15:07:29.2794849Z ##[group]Determining the checkout info
2023-05-21T15:07:29.2798029Z ##[endgroup]
2023-05-21T15:07:29.2800564Z ##[group]Checking out the ref
2023-05-21T15:07:29.2803445Z [command]/usr/bin/git checkout --progress --force refs/tags/v0.1.0
2023-05-21T15:07:29.2918005Z Note: switching to 'refs/tags/v0.1.0'.
2023-05-21T15:07:29.2918736Z 
2023-05-21T15:07:29.2919357Z You are in 'detached HEAD' state. You can look around, make experimental
2023-05-21T15:07:29.2920166Z changes and commit them, and you can discard any commits you make in this
2023-05-21T15:07:29.2921166Z state without impacting any branches by switching back to a branch.
2023-05-21T15:07:29.2921460Z 
2023-05-21T15:07:29.2921667Z If you want to create a new branch to retain commits you create, you may
2023-05-21T15:07:29.2922334Z do so (now or later) by using -c with the switch command. Example:
2023-05-21T15:07:29.2922603Z 
2023-05-21T15:07:29.2922816Z   git switch -c <new-branch-name>
2023-05-21T15:07:29.2923014Z 
2023-05-21T15:07:29.2923191Z Or undo this operation with:
2023-05-21T15:07:29.2923379Z 
2023-05-21T15:07:29.2923500Z   git switch -
2023-05-21T15:07:29.2923664Z 
2023-05-21T15:07:29.2923923Z Turn off this advice by setting config variable advice.detachedHead to false
2023-05-21T15:07:29.2924174Z 
2023-05-21T15:07:29.2924307Z HEAD is now at d784b48 New url
2023-05-21T15:07:29.2930311Z ##[endgroup]
2023-05-21T15:07:29.2978405Z [command]/usr/bin/git log -1 --format='%H'
2023-05-21T15:07:29.3008634Z 'd784b48856295f42bdf83c5620ed0b37d27264d2'
2023-05-21T15:07:29.3480450Z ##[group]Run docker/metadata-action@v4
2023-05-21T15:07:29.3480752Z with:
2023-05-21T15:07:29.3481062Z   images: ***/api

2023-05-21T15:07:29.3481421Z   tags: type=ref,event=branch
type=ref,event=pr
type=semver,pattern={{version}}
type=semver,pattern={{major}}.{{minor}}

2023-05-21T15:07:29.3481777Z   context: workflow
2023-05-21T15:07:29.3482170Z   github-token: ***
2023-05-21T15:07:29.3482393Z ##[endgroup]
2023-05-21T15:07:29.7854113Z ##[group]Context info
2023-05-21T15:07:29.7854467Z eventName: push
2023-05-21T15:07:29.7854786Z sha: d784b48856295f42bdf83c5620ed0b37d27264d2
2023-05-21T15:07:29.7855086Z ref: refs/tags/v0.1.0
2023-05-21T15:07:29.7858888Z workflow: release
2023-05-21T15:07:29.7859130Z action: meta
2023-05-21T15:07:29.7859668Z actor: ***
2023-05-21T15:07:29.7859901Z runNumber: 10
2023-05-21T15:07:29.7860142Z runId: 5038327905
2023-05-21T15:07:29.7860612Z ##[endgroup]
2023-05-21T15:07:29.7861070Z ##[group]Processing images input
2023-05-21T15:07:29.7861498Z name=***/api,enable=true
2023-05-21T15:07:29.7861953Z ##[endgroup]
2023-05-21T15:07:29.7880148Z ##[group]Processing tags input
2023-05-21T15:07:29.7880526Z type=semver,pattern={{version}},value=,enable=true,priority=900
2023-05-21T15:07:29.7880950Z type=semver,pattern={{major}}.{{minor}},value=,enable=true,priority=900
2023-05-21T15:07:29.7881341Z type=ref,event=branch,enable=true,priority=600
2023-05-21T15:07:29.7882059Z type=ref,event=pr,prefix=pr-,enable=true,priority=600
2023-05-21T15:07:29.7882549Z ##[endgroup]
2023-05-21T15:07:29.7883003Z ##[group]Processing flavor input
2023-05-21T15:07:29.7883267Z latest=auto
2023-05-21T15:07:29.7883491Z prefix=
2023-05-21T15:07:29.7883711Z prefixLatest=false
2023-05-21T15:07:29.7883964Z suffix=
2023-05-21T15:07:29.7884187Z suffixLatest=false
2023-05-21T15:07:29.7884613Z ##[endgroup]
2023-05-21T15:07:29.7976610Z ##[group]Docker image version
2023-05-21T15:07:29.7976880Z 0.1.0
2023-05-21T15:07:29.7977262Z ##[endgroup]
2023-05-21T15:07:29.7980842Z ##[group]Docker tags
2023-05-21T15:07:29.7981273Z ***/api:0.1.0
2023-05-21T15:07:29.7981503Z ***/api:0.1
2023-05-21T15:07:29.7981723Z ***/api:latest
2023-05-21T15:07:29.7982103Z ##[endgroup]
2023-05-21T15:07:29.7986210Z ##[group]Docker labels
2023-05-21T15:07:29.7986779Z org.opencontainers.image.title=test-github-actions
2023-05-21T15:07:29.7987127Z org.opencontainers.image.description=
2023-05-21T15:07:29.7988026Z org.opencontainers.image.url=https://github.com/***/test-github-actions
2023-05-21T15:07:29.7988585Z org.opencontainers.image.source=https://github.com/***/test-github-actions
2023-05-21T15:07:29.7989409Z org.opencontainers.image.version=0.1.0
2023-05-21T15:07:29.7989842Z org.opencontainers.image.created=2023-05-21T15:07:29.787Z
2023-05-21T15:07:29.7990233Z org.opencontainers.image.revision=d784b48856295f42bdf83c5620ed0b37d27264d2
2023-05-21T15:07:29.7990591Z org.opencontainers.image.licenses=
2023-05-21T15:07:29.7991031Z ##[endgroup]
2023-05-21T15:07:29.7992566Z ##[group]JSON output
2023-05-21T15:07:29.7993117Z {
2023-05-21T15:07:29.7993320Z   "tags": [
2023-05-21T15:07:29.7993566Z     "***/api:0.1.0",
2023-05-21T15:07:29.7993787Z     "***/api:0.1",
2023-05-21T15:07:29.7994058Z     "***/api:latest"
2023-05-21T15:07:29.7994254Z   ],
2023-05-21T15:07:29.7994442Z   "labels": {
2023-05-21T15:07:29.7995167Z     "org.opencontainers.image.title": "test-github-actions",
2023-05-21T15:07:29.7995538Z     "org.opencontainers.image.description": "",
2023-05-21T15:07:29.7996090Z     "org.opencontainers.image.url": "https://github.com/***/test-github-actions",
2023-05-21T15:07:29.7996665Z     "org.opencontainers.image.source": "https://github.com/***/test-github-actions",
2023-05-21T15:07:29.7997052Z     "org.opencontainers.image.version": "0.1.0",
2023-05-21T15:07:29.7997492Z     "org.opencontainers.image.created": "2023-05-21T15:07:29.787Z",
2023-05-21T15:07:29.7997902Z     "org.opencontainers.image.revision": "d784b48856295f42bdf83c5620ed0b37d27264d2",
2023-05-21T15:07:29.7998276Z     "org.opencontainers.image.licenses": ""
2023-05-21T15:07:29.7998968Z   }
2023-05-21T15:07:29.7999144Z }
2023-05-21T15:07:29.8000065Z ##[endgroup]
2023-05-21T15:07:29.8000465Z ##[group]Bake file definition
2023-05-21T15:07:29.8000682Z {
2023-05-21T15:07:29.8000865Z   "target": {
2023-05-21T15:07:29.8001179Z     "docker-metadata-action": {
2023-05-21T15:07:29.8001419Z       "tags": [
2023-05-21T15:07:29.8001676Z         "***/api:0.1.0",
2023-05-21T15:07:29.8002289Z         "***/api:0.1",
2023-05-21T15:07:29.8002530Z         "***/api:latest"
2023-05-21T15:07:29.8002735Z       ],
2023-05-21T15:07:29.8002916Z       "labels": {
2023-05-21T15:07:29.8003304Z         "org.opencontainers.image.title": "test-github-actions",
2023-05-21T15:07:29.8003680Z         "org.opencontainers.image.description": "",
2023-05-21T15:07:29.8004221Z         "org.opencontainers.image.url": "https://github.com/***/test-github-actions",
2023-05-21T15:07:29.8004799Z         "org.opencontainers.image.source": "https://github.com/***/test-github-actions",
2023-05-21T15:07:29.8005209Z         "org.opencontainers.image.version": "0.1.0",
2023-05-21T15:07:29.8005659Z         "org.opencontainers.image.created": "2023-05-21T15:07:29.787Z",
2023-05-21T15:07:29.8006069Z         "org.opencontainers.image.revision": "d784b48856295f42bdf83c5620ed0b37d27264d2",
2023-05-21T15:07:29.8006435Z         "org.opencontainers.image.licenses": ""
2023-05-21T15:07:29.8006693Z       },
2023-05-21T15:07:29.8006893Z       "args": {
2023-05-21T15:07:29.8007153Z         "DOCKER_META_IMAGES": "***/api",
2023-05-21T15:07:29.8007411Z         "DOCKER_META_VERSION": "0.1.0"
2023-05-21T15:07:29.8007631Z       }
2023-05-21T15:07:29.8007796Z     }
2023-05-21T15:07:29.8007974Z   }
2023-05-21T15:07:29.8008149Z }
2023-05-21T15:07:29.8008920Z ##[endgroup]
2023-05-21T15:07:29.8125984Z ##[group]Run docker/setup-qemu-action@v2
2023-05-21T15:07:29.8126268Z with:
2023-05-21T15:07:29.8126492Z   image: tonistiigi/binfmt:latest
2023-05-21T15:07:29.8126733Z   platforms: all
2023-05-21T15:07:29.8126939Z env:
2023-05-21T15:07:29.8127168Z   DOCKER_METADATA_OUTPUT_VERSION: 0.1.0
2023-05-21T15:07:29.8127655Z   DOCKER_METADATA_OUTPUT_TAGS: ***/api:0.1.0
***/api:0.1
***/api:latest
2023-05-21T15:07:29.8128753Z   DOCKER_METADATA_OUTPUT_LABELS: org.opencontainers.image.title=test-github-actions
org.opencontainers.image.description=
org.opencontainers.image.url=https://github.com/***/test-github-actions
org.opencontainers.image.source=https://github.com/***/test-github-actions
org.opencontainers.image.version=0.1.0
org.opencontainers.image.created=2023-05-21T15:07:29.787Z
org.opencontainers.image.revision=d784b48856295f42bdf83c5620ed0b37d27264d2
org.opencontainers.image.licenses=
2023-05-21T15:07:29.8130850Z   DOCKER_METADATA_OUTPUT_JSON: {"tags":["***/api:0.1.0","***/api:0.1","***/api:latest"],"labels":{"org.opencontainers.image.title":"test-github-actions","org.opencontainers.image.description":"","org.opencontainers.image.url":"https://github.com/***/test-github-actions","org.opencontainers.image.source":"https://github.com/***/test-github-actions","org.opencontainers.image.version":"0.1.0","org.opencontainers.image.created":"2023-05-21T15:07:29.787Z","org.opencontainers.image.revision":"d784b48856295f42bdf83c5620ed0b37d27264d2","org.opencontainers.image.licenses":""}}
2023-05-21T15:07:29.8132032Z   DOCKER_METADATA_OUTPUT_BAKE_FILE: /tmp/docker-actions-toolkit-0vWnQc/docker-metadata-action-bake.json
2023-05-21T15:07:29.8132401Z ##[endgroup]
2023-05-21T15:07:29.8711094Z ##[group]Docker info
2023-05-21T15:07:29.8781329Z [command]/usr/bin/docker version
2023-05-21T15:07:30.0520193Z Client:
2023-05-21T15:07:30.0520870Z  Version:           20.10.24+azure-1
2023-05-21T15:07:30.0521241Z  API version:       1.41
2023-05-21T15:07:30.0521528Z  Go version:        go1.19.6
2023-05-21T15:07:30.0521854Z  Git commit:        297e1284d3bd092e9bc96076c3ddc4bb33f8c7ab
2023-05-21T15:07:30.0522136Z  Built:             Fri Mar 31 18:34:38 UTC 2023
2023-05-21T15:07:30.0522382Z  OS/Arch:           linux/amd64
2023-05-21T15:07:30.0522698Z  Context:           default
2023-05-21T15:07:30.0522947Z  Experimental:      true
2023-05-21T15:07:30.0523162Z 
2023-05-21T15:07:30.0545661Z Server:
2023-05-21T15:07:30.0546040Z  Engine:
2023-05-21T15:07:30.0546504Z   Version:          20.10.24+azure-1
2023-05-21T15:07:30.0546773Z   API version:      1.41 (minimum version 1.12)
2023-05-21T15:07:30.0547125Z   Go version:       go1.19.6
2023-05-21T15:07:30.0547447Z   Git commit:       5d6db842238e3c4f5f9fb9ad70ea46b35227d084
2023-05-21T15:07:30.0547843Z   Built:            Tue Apr  4 18:03:51 2023
2023-05-21T15:07:30.0548171Z   OS/Arch:          linux/amd64
2023-05-21T15:07:30.0548486Z   Experimental:     false
2023-05-21T15:07:30.0548776Z  containerd:
2023-05-21T15:07:30.0549048Z   Version:          1.6.20+azure-1
2023-05-21T15:07:30.0549453Z   GitCommit:        2806fc1057397dbaeefbea0e4e17bddfbd388f38
2023-05-21T15:07:30.0549780Z  runc:
2023-05-21T15:07:30.0550003Z   Version:          1.1.7
2023-05-21T15:07:30.0550281Z   GitCommit:        860f061b76bb4fc671f0f9e900f7d80ff93d4eb7
2023-05-21T15:07:30.0550655Z  docker-init:
2023-05-21T15:07:30.0550977Z   Version:          0.19.0
2023-05-21T15:07:30.0551273Z   GitCommit:        
2023-05-21T15:07:30.0565343Z [command]/usr/bin/docker info
2023-05-21T15:07:30.5098730Z Client:
2023-05-21T15:07:30.5107969Z  Context:    default
2023-05-21T15:07:30.5108201Z  Debug Mode: false
2023-05-21T15:07:30.5108471Z  Plugins:
2023-05-21T15:07:30.5109034Z   buildx: Docker Buildx (Docker Inc., 0.10.4+azure-1)
2023-05-21T15:07:30.5109528Z   compose: Docker Compose (Docker Inc., 2.17.3+azure-1)
2023-05-21T15:07:30.5109785Z 
2023-05-21T15:07:30.5119221Z Server:
2023-05-21T15:07:30.5119677Z  Containers: 0
2023-05-21T15:07:30.5120306Z   Running: 0
2023-05-21T15:07:30.5120687Z   Paused: 0
2023-05-21T15:07:30.5121724Z   Stopped: 0
2023-05-21T15:07:30.5122124Z  Images: 18
2023-05-21T15:07:30.5122893Z  Server Version: 20.10.24+azure-1
2023-05-21T15:07:30.5123306Z  Storage Driver: overlay2
2023-05-21T15:07:30.5123891Z   Backing Filesystem: extfs
2023-05-21T15:07:30.5124288Z   Supports d_type: true
2023-05-21T15:07:30.5124878Z   Native Overlay Diff: false
2023-05-21T15:07:30.5125264Z   userxattr: false
2023-05-21T15:07:30.5125879Z  Logging Driver: json-file
2023-05-21T15:07:30.5126273Z  Cgroup Driver: cgroupfs
2023-05-21T15:07:30.5126833Z  Cgroup Version: 2
2023-05-21T15:07:30.5127236Z  Plugins:
2023-05-21T15:07:30.5127785Z   Volume: local
2023-05-21T15:07:30.5128210Z   Network: bridge host ipvlan macvlan null overlay
2023-05-21T15:07:30.5129251Z   Log: awslogs fluentd gcplogs gelf journald json-file local logentries splunk syslog
2023-05-21T15:07:30.5129753Z  Swarm: inactive
2023-05-21T15:07:30.5130541Z  Runtimes: io.containerd.runc.v2 io.containerd.runtime.v1.linux runc
2023-05-21T15:07:30.5131027Z  Default Runtime: runc
2023-05-21T15:07:30.5131668Z  Init Binary: docker-init
2023-05-21T15:07:30.5132134Z  containerd version: 2806fc1057397dbaeefbea0e4e17bddfbd388f38
2023-05-21T15:07:30.5132818Z  runc version: 860f061b76bb4fc671f0f9e900f7d80ff93d4eb7
2023-05-21T15:07:30.5133228Z  init version: 
2023-05-21T15:07:30.5133790Z  Security Options:
2023-05-21T15:07:30.5134135Z   apparmor
2023-05-21T15:07:30.5134666Z   seccomp
2023-05-21T15:07:30.5135021Z    Profile: default
2023-05-21T15:07:30.5135594Z   cgroupns
2023-05-21T15:07:30.5136031Z  Kernel Version: 5.15.0-1037-azure
2023-05-21T15:07:30.5136639Z  Operating System: Ubuntu 22.04.2 LTS
2023-05-21T15:07:30.5137406Z  OSType: linux
2023-05-21T15:07:30.5138048Z  Architecture: x86_64
2023-05-21T15:07:30.5138943Z  CPUs: 2
2023-05-21T15:07:30.5139157Z  Total Memory: 6.781GiB
2023-05-21T15:07:30.5139435Z  Name: fv-az612-94
2023-05-21T15:07:30.5139728Z  ID: 45C5:GCD5:C2ZA:BU76:2JJE:VILT:FJER:O74A:S3LH:GA6O:RCDR:J762
2023-05-21T15:07:30.5140007Z  Docker Root Dir: /var/lib/docker
2023-05-21T15:07:30.5140254Z  Debug Mode: false
2023-05-21T15:07:30.5140483Z  Username: githubactions
2023-05-21T15:07:30.5140769Z  Registry: https://index.docker.io/v1/
2023-05-21T15:07:30.5141020Z  Labels:
2023-05-21T15:07:30.5141212Z  Experimental: false
2023-05-21T15:07:30.5141444Z  Insecure Registries:
2023-05-21T15:07:30.5141657Z   127.0.0.0/8
2023-05-21T15:07:30.5141877Z  Live Restore Enabled: false
2023-05-21T15:07:30.5142025Z 
2023-05-21T15:07:30.5142574Z ##[endgroup]
2023-05-21T15:07:30.5143015Z ##[group]Pulling binfmt Docker image
2023-05-21T15:07:30.5159558Z [command]/usr/bin/docker pull tonistiigi/binfmt:latest
2023-05-21T15:07:31.2419936Z latest: Pulling from tonistiigi/binfmt
2023-05-21T15:07:31.4093421Z 8d4d64c318a5: Pulling fs layer
2023-05-21T15:07:31.4093842Z e9c608ddc3cb: Pulling fs layer
2023-05-21T15:07:31.6700763Z e9c608ddc3cb: Verifying Checksum
2023-05-21T15:07:31.6701103Z e9c608ddc3cb: Download complete
2023-05-21T15:07:31.7243562Z 8d4d64c318a5: Verifying Checksum
2023-05-21T15:07:31.7243917Z 8d4d64c318a5: Download complete
2023-05-21T15:07:32.2185823Z 8d4d64c318a5: Pull complete
2023-05-21T15:07:32.4240921Z e9c608ddc3cb: Pull complete
2023-05-21T15:07:32.4287722Z Digest: sha256:66e11bea77a5ea9d6f0fe79b57cd2b189b5d15b93a2bdb925be22949232e4e55
2023-05-21T15:07:32.4304073Z Status: Downloaded newer image for tonistiigi/binfmt:latest
2023-05-21T15:07:32.4319727Z docker.io/tonistiigi/binfmt:latest
2023-05-21T15:07:32.4331277Z ##[endgroup]
2023-05-21T15:07:32.4331960Z ##[group]Image info
2023-05-21T15:07:32.4357080Z [command]/usr/bin/docker image inspect tonistiigi/binfmt:latest
2023-05-21T15:07:32.4558169Z [
2023-05-21T15:07:32.4558872Z     {
2023-05-21T15:07:32.4559523Z         "Id": "sha256:354472a378935adfe74a19600b89bd9ada7bb058306fff23b3d6613405852faf",
2023-05-21T15:07:32.4560039Z         "RepoTags": [
2023-05-21T15:07:32.4560769Z             "tonistiigi/binfmt:latest"
2023-05-21T15:07:32.4561037Z         ],
2023-05-21T15:07:32.4561266Z         "RepoDigests": [
2023-05-21T15:07:32.4562084Z             "tonistiigi/binfmt@sha256:66e11bea77a5ea9d6f0fe79b57cd2b189b5d15b93a2bdb925be22949232e4e55"
2023-05-21T15:07:32.4562418Z         ],
2023-05-21T15:07:32.4562627Z         "Parent": "",
2023-05-21T15:07:32.4562894Z         "Comment": "buildkit.dockerfile.v0",
2023-05-21T15:07:32.4563504Z         "Created": "2022-08-02T19:13:20.178433831Z",
2023-05-21T15:07:32.4563762Z         "Container": "",
2023-05-21T15:07:32.4563987Z         "ContainerConfig": {
2023-05-21T15:07:32.4564224Z             "Hostname": "",
2023-05-21T15:07:32.4564456Z             "Domainname": "",
2023-05-21T15:07:32.4564684Z             "User": "",
2023-05-21T15:07:32.4564911Z             "AttachStdin": false,
2023-05-21T15:07:32.4565324Z             "AttachStdout": false,
2023-05-21T15:07:32.4565570Z             "AttachStderr": false,
2023-05-21T15:07:32.4565802Z             "Tty": false,
2023-05-21T15:07:32.4566028Z             "OpenStdin": false,
2023-05-21T15:07:32.4566270Z             "StdinOnce": false,
2023-05-21T15:07:32.4566488Z             "Env": null,
2023-05-21T15:07:32.4566703Z             "Cmd": null,
2023-05-21T15:07:32.4566914Z             "Image": "",
2023-05-21T15:07:32.4567135Z             "Volumes": null,
2023-05-21T15:07:32.4567365Z             "WorkingDir": "",
2023-05-21T15:07:32.4567586Z             "Entrypoint": null,
2023-05-21T15:07:32.4567814Z             "OnBuild": null,
2023-05-21T15:07:32.4568035Z             "Labels": null
2023-05-21T15:07:32.4568240Z         },
2023-05-21T15:07:32.4568450Z         "DockerVersion": "",
2023-05-21T15:07:32.4568660Z         "Author": "",
2023-05-21T15:07:32.4568868Z         "Config": {
2023-05-21T15:07:32.4569081Z             "Hostname": "",
2023-05-21T15:07:32.4569313Z             "Domainname": "",
2023-05-21T15:07:32.4569532Z             "User": "",
2023-05-21T15:07:32.4569747Z             "AttachStdin": false,
2023-05-21T15:07:32.4569986Z             "AttachStdout": false,
2023-05-21T15:07:32.4570230Z             "AttachStderr": false,
2023-05-21T15:07:32.4570461Z             "Tty": false,
2023-05-21T15:07:32.4570684Z             "OpenStdin": false,
2023-05-21T15:07:32.4570907Z             "StdinOnce": false,
2023-05-21T15:07:32.4571124Z             "Env": [
2023-05-21T15:07:32.4571457Z                 "PATH=/usr/local/sbin:/usr/local/bin:/usr/sbin:/usr/bin:/sbin:/bin",
2023-05-21T15:07:32.4571758Z                 "QEMU_PRESERVE_ARGV0=1"
2023-05-21T15:07:32.4571981Z             ],
2023-05-21T15:07:32.4572188Z             "Cmd": null,
2023-05-21T15:07:32.4572387Z             "Image": "",
2023-05-21T15:07:32.4572601Z             "Volumes": {
2023-05-21T15:07:32.4572815Z                 "/tmp": {}
2023-05-21T15:07:32.4573019Z             },
2023-05-21T15:07:32.4573288Z             "WorkingDir": "/",
2023-05-21T15:07:32.4573507Z             "Entrypoint": [
2023-05-21T15:07:32.4573740Z                 "/usr/bin/binfmt"
2023-05-21T15:07:32.4573961Z             ],
2023-05-21T15:07:32.4574172Z             "OnBuild": null,
2023-05-21T15:07:32.4574396Z             "Labels": {
2023-05-21T15:07:32.4574823Z                 "org.opencontainers.image.created": "2022-08-02T18:32:39.936Z",
2023-05-21T15:07:32.4575708Z                 "org.opencontainers.image.description": "Cross-platform emulator collection distributed with Docker images",
2023-05-21T15:07:32.4576341Z                 "org.opencontainers.image.licenses": "MIT",
2023-05-21T15:07:32.4576773Z                 "org.opencontainers.image.revision": "a161c41c7aeaf3ef1c5b97f91aa02a12cca73432",
2023-05-21T15:07:32.4577244Z                 "org.opencontainers.image.source": "https://github.com/tonistiigi/binfmt",
2023-05-21T15:07:32.4577643Z                 "org.opencontainers.image.title": "Binfmt",
2023-05-21T15:07:32.4578039Z                 "org.opencontainers.image.url": "https://github.com/tonistiigi/binfmt",
2023-05-21T15:07:32.4578550Z                 "org.opencontainers.image.version": "qemu-v7.0.0-28"
2023-05-21T15:07:32.4578833Z             }
2023-05-21T15:07:32.4579033Z         },
2023-05-21T15:07:32.4579425Z         "Architecture": "amd64",
2023-05-21T15:07:32.4579660Z         "Os": "linux",
2023-05-21T15:07:32.4579875Z         "Size": 60182964,
2023-05-21T15:07:32.4580110Z         "VirtualSize": 60182964,
2023-05-21T15:07:32.4580342Z         "GraphDriver": {
2023-05-21T15:07:32.4580564Z             "Data": {
2023-05-21T15:07:32.4580970Z                 "LowerDir": "/var/lib/docker/overlay2/bdccfade23fbeaf4c6bfd0c13c1e9d968f5c2800e69b10d8e74c2a1da9a1a10a/diff",
2023-05-21T15:07:32.4581504Z                 "MergedDir": "/var/lib/docker/overlay2/58ae43f6bc359284715b86ce7e13daa3f8549a162d938bc3a5377eeac01ce301/merged",
2023-05-21T15:07:32.4582002Z                 "UpperDir": "/var/lib/docker/overlay2/58ae43f6bc359284715b86ce7e13daa3f8549a162d938bc3a5377eeac01ce301/diff",
2023-05-21T15:07:32.4582646Z                 "WorkDir": "/var/lib/docker/overlay2/58ae43f6bc359284715b86ce7e13daa3f8549a162d938bc3a5377eeac01ce301/work"
2023-05-21T15:07:32.4582979Z             },
2023-05-21T15:07:32.4583195Z             "Name": "overlay2"
2023-05-21T15:07:32.4583417Z         },
2023-05-21T15:07:32.4583604Z         "RootFS": {
2023-05-21T15:07:32.4583822Z             "Type": "layers",
2023-05-21T15:07:32.4584045Z             "Layers": [
2023-05-21T15:07:32.4584382Z                 "sha256:4c67e4044f8c0fe3e3efaf76f2a3d5d3d866f8ef2e8a9da756949d90e576baa0",
2023-05-21T15:07:32.4584809Z                 "sha256:949acf1cb73a60306e050836deb85a26fe23e226f6bcc499872b057efbf22dd1"
2023-05-21T15:07:32.4585104Z             ]
2023-05-21T15:07:32.4585283Z         },
2023-05-21T15:07:32.4585484Z         "Metadata": {
2023-05-21T15:07:32.4585813Z             "LastTagTime": "0001-01-01T00:00:00Z"
2023-05-21T15:07:32.4586051Z         }
2023-05-21T15:07:32.4586238Z     }
2023-05-21T15:07:32.4586710Z ]
2023-05-21T15:07:32.4588730Z ##[endgroup]
2023-05-21T15:07:32.4594237Z ##[group]Installing QEMU static binaries
2023-05-21T15:07:32.4617670Z [command]/usr/bin/docker run --rm --privileged tonistiigi/binfmt:latest --install all
2023-05-21T15:07:32.8095288Z installing: arm64 OK
2023-05-21T15:07:32.8100517Z installing: arm OK
2023-05-21T15:07:32.8100792Z installing: ppc64le OK
2023-05-21T15:07:32.8101038Z installing: riscv64 OK
2023-05-21T15:07:32.8101257Z installing: mips64le OK
2023-05-21T15:07:32.8101525Z installing: mips64 OK
2023-05-21T15:07:32.8101755Z installing: s390x OK
2023-05-21T15:07:32.8386505Z {
2023-05-21T15:07:32.8386789Z   "supported": [
2023-05-21T15:07:32.8387042Z     "linux/amd64",
2023-05-21T15:07:32.8387458Z     "linux/arm64",
2023-05-21T15:07:32.8387679Z     "linux/riscv64",
2023-05-21T15:07:32.8387918Z     "linux/ppc64le",
2023-05-21T15:07:32.8388134Z     "linux/s390x",
2023-05-21T15:07:32.8388326Z     "linux/386",
2023-05-21T15:07:32.8388561Z     "linux/mips64le",
2023-05-21T15:07:32.8388778Z     "linux/mips64",
2023-05-21T15:07:32.8388987Z     "linux/arm/v7",
2023-05-21T15:07:32.8389191Z     "linux/arm/v6"
2023-05-21T15:07:32.8389372Z   ],
2023-05-21T15:07:32.8389564Z   "emulators": [
2023-05-21T15:07:32.8389763Z     "cli",
2023-05-21T15:07:32.8390267Z     "llvm-12-runtime.binfmt",
2023-05-21T15:07:32.8390566Z     "llvm-13-runtime.binfmt",
2023-05-21T15:07:32.8390842Z     "llvm-14-runtime.binfmt",
2023-05-21T15:07:32.8391077Z     "python3.10",
2023-05-21T15:07:32.8391324Z     "qemu-aarch64",
2023-05-21T15:07:32.8391574Z     "qemu-arm",
2023-05-21T15:07:32.8391813Z     "qemu-mips64",
2023-05-21T15:07:32.8392049Z     "qemu-mips64el",
2023-05-21T15:07:32.8392300Z     "qemu-ppc64le",
2023-05-21T15:07:32.8392552Z     "qemu-riscv64",
2023-05-21T15:07:32.8392791Z     "qemu-s390x"
2023-05-21T15:07:32.8392979Z   ]
2023-05-21T15:07:32.8393160Z }
2023-05-21T15:07:32.9663670Z ##[endgroup]
2023-05-21T15:07:32.9664742Z ##[group]Extracting available platforms
2023-05-21T15:07:33.3927599Z linux/amd64,linux/arm64,linux/riscv64,linux/ppc64le,linux/s390x,linux/386,linux/mips64le,linux/mips64,linux/arm/v7,linux/arm/v6
2023-05-21T15:07:33.3929612Z ##[endgroup]
2023-05-21T15:07:33.4005850Z ##[group]Run docker/setup-buildx-action@v2
2023-05-21T15:07:33.4006120Z with:
2023-05-21T15:07:33.4006341Z   driver: docker-container
2023-05-21T15:07:33.4006753Z   buildkitd-flags: --allow-insecure-entitlement security.insecure --allow-insecure-entitlement network.host
2023-05-21T15:07:33.4007135Z   install: false
2023-05-21T15:07:33.4007334Z   use: true
2023-05-21T15:07:33.4007539Z   cleanup: true
2023-05-21T15:07:33.4007737Z env:
2023-05-21T15:07:33.4007963Z   DOCKER_METADATA_OUTPUT_VERSION: 0.1.0
2023-05-21T15:07:33.4008646Z   DOCKER_METADATA_OUTPUT_TAGS: ***/api:0.1.0
***/api:0.1
***/api:latest
2023-05-21T15:07:33.4009795Z   DOCKER_METADATA_OUTPUT_LABELS: org.opencontainers.image.title=test-github-actions
org.opencontainers.image.description=
org.opencontainers.image.url=https://github.com/***/test-github-actions
org.opencontainers.image.source=https://github.com/***/test-github-actions
org.opencontainers.image.version=0.1.0
org.opencontainers.image.created=2023-05-21T15:07:29.787Z
org.opencontainers.image.revision=d784b48856295f42bdf83c5620ed0b37d27264d2
org.opencontainers.image.licenses=
2023-05-21T15:07:33.4011817Z   DOCKER_METADATA_OUTPUT_JSON: {"tags":["***/api:0.1.0","***/api:0.1","***/api:latest"],"labels":{"org.opencontainers.image.title":"test-github-actions","org.opencontainers.image.description":"","org.opencontainers.image.url":"https://github.com/***/test-github-actions","org.opencontainers.image.source":"https://github.com/***/test-github-actions","org.opencontainers.image.version":"0.1.0","org.opencontainers.image.created":"2023-05-21T15:07:29.787Z","org.opencontainers.image.revision":"d784b48856295f42bdf83c5620ed0b37d27264d2","org.opencontainers.image.licenses":""}}
2023-05-21T15:07:33.4012981Z   DOCKER_METADATA_OUTPUT_BAKE_FILE: /tmp/docker-actions-toolkit-0vWnQc/docker-metadata-action-bake.json
2023-05-21T15:07:33.4013356Z ##[endgroup]
2023-05-21T15:07:33.5245686Z ##[group]Docker info
2023-05-21T15:07:33.5273841Z [command]/usr/bin/docker version
2023-05-21T15:07:33.5600838Z Client:
2023-05-21T15:07:33.5602123Z  Version:           20.10.24+azure-1
2023-05-21T15:07:33.5602827Z  API version:       1.41
2023-05-21T15:07:33.5603231Z  Go version:        go1.19.6
2023-05-21T15:07:33.5604269Z  Git commit:        297e1284d3bd092e9bc96076c3ddc4bb33f8c7ab
2023-05-21T15:07:33.5605009Z  Built:             Fri Mar 31 18:34:38 UTC 2023
2023-05-21T15:07:33.5605831Z  OS/Arch:           linux/amd64
2023-05-21T15:07:33.5606230Z  Context:           default
2023-05-21T15:07:33.5607002Z  Experimental:      true
2023-05-21T15:07:33.5607463Z 
2023-05-21T15:07:33.5607999Z Server:
2023-05-21T15:07:33.5608349Z  Engine:
2023-05-21T15:07:33.5608978Z   Version:          20.10.24+azure-1
2023-05-21T15:07:33.5609406Z   API version:      1.41 (minimum version 1.12)
2023-05-21T15:07:33.5610163Z   Go version:       go1.19.6
2023-05-21T15:07:33.5610807Z   Git commit:       5d6db842238e3c4f5f9fb9ad70ea46b35227d084
2023-05-21T15:07:33.5611631Z   Built:            Tue Apr  4 18:03:51 2023
2023-05-21T15:07:33.5612042Z   OS/Arch:          linux/amd64
2023-05-21T15:07:33.5612801Z   Experimental:     false
2023-05-21T15:07:33.5613350Z  containerd:
2023-05-21T15:07:33.5614124Z   Version:          1.6.20+azure-1
2023-05-21T15:07:33.5614590Z   GitCommit:        2806fc1057397dbaeefbea0e4e17bddfbd388f38
2023-05-21T15:07:33.5615197Z  runc:
2023-05-21T15:07:33.5615548Z   Version:          1.1.7
2023-05-21T15:07:33.5616163Z   GitCommit:        860f061b76bb4fc671f0f9e900f7d80ff93d4eb7
2023-05-21T15:07:33.5616614Z  docker-init:
2023-05-21T15:07:33.5617172Z   Version:          0.19.0
2023-05-21T15:07:33.5617532Z   GitCommit:        
2023-05-21T15:07:33.5618702Z [command]/usr/bin/docker info
2023-05-21T15:07:33.6351187Z Client:
2023-05-21T15:07:33.6351689Z  Context:    default
2023-05-21T15:07:33.6352359Z  Debug Mode: false
2023-05-21T15:07:33.6352719Z  Plugins:
2023-05-21T15:07:33.6353647Z   buildx: Docker Buildx (Docker Inc., 0.10.4+azure-1)
2023-05-21T15:07:33.6354694Z   compose: Docker Compose (Docker Inc., 2.17.3+azure-1)
2023-05-21T15:07:33.6355273Z 
2023-05-21T15:07:33.6355497Z Server:
2023-05-21T15:07:33.6356046Z  Containers: 0
2023-05-21T15:07:33.6356406Z   Running: 0
2023-05-21T15:07:33.6356948Z   Paused: 0
2023-05-21T15:07:33.6357284Z   Stopped: 0
2023-05-21T15:07:33.6357819Z  Images: 19
2023-05-21T15:07:33.6358235Z  Server Version: 20.10.24+azure-1
2023-05-21T15:07:33.6358996Z  Storage Driver: overlay2
2023-05-21T15:07:33.6359398Z   Backing Filesystem: extfs
2023-05-21T15:07:33.6359984Z   Supports d_type: true
2023-05-21T15:07:33.6360356Z   Native Overlay Diff: false
2023-05-21T15:07:33.6362038Z   userxattr: false
2023-05-21T15:07:33.6362559Z  Logging Driver: json-file
2023-05-21T15:07:33.6363148Z  Cgroup Driver: cgroupfs
2023-05-21T15:07:33.6363528Z  Cgroup Version: 2
2023-05-21T15:07:33.6364361Z  Plugins:
2023-05-21T15:07:33.6364706Z   Volume: local
2023-05-21T15:07:33.6365304Z   Network: bridge host ipvlan macvlan null overlay
2023-05-21T15:07:33.6365940Z   Log: awslogs fluentd gcplogs gelf journald json-file local logentries splunk syslog
2023-05-21T15:07:33.6366599Z  Swarm: inactive
2023-05-21T15:07:33.6367068Z  Runtimes: io.containerd.runc.v2 io.containerd.runtime.v1.linux runc
2023-05-21T15:07:33.6367729Z  Default Runtime: runc
2023-05-21T15:07:33.6368143Z  Init Binary: docker-init
2023-05-21T15:07:33.6368792Z  containerd version: 2806fc1057397dbaeefbea0e4e17bddfbd388f38
2023-05-21T15:07:33.6369281Z  runc version: 860f061b76bb4fc671f0f9e900f7d80ff93d4eb7
2023-05-21T15:07:33.6369881Z  init version: 
2023-05-21T15:07:33.6370244Z  Security Options:
2023-05-21T15:07:33.6370792Z   apparmor
2023-05-21T15:07:33.6371128Z   seccomp
2023-05-21T15:07:33.6371652Z    Profile: default
2023-05-21T15:07:33.6372003Z   cgroupns
2023-05-21T15:07:33.6372623Z  Kernel Version: 5.15.0-1037-azure
2023-05-21T15:07:33.6373039Z  Operating System: Ubuntu 22.04.2 LTS
2023-05-21T15:07:33.6373631Z  OSType: linux
2023-05-21T15:07:33.6373995Z  Architecture: x86_64
2023-05-21T15:07:33.6374530Z  CPUs: 2
2023-05-21T15:07:33.6374891Z  Total Memory: 6.781GiB
2023-05-21T15:07:33.6375504Z  Name: fv-az612-94
2023-05-21T15:07:33.6375932Z  ID: 45C5:GCD5:C2ZA:BU76:2JJE:VILT:FJER:O74A:S3LH:GA6O:RCDR:J762
2023-05-21T15:07:33.6376995Z  Docker Root Dir: /var/lib/docker
2023-05-21T15:07:33.6377673Z  Debug Mode: false
2023-05-21T15:07:33.6378464Z  Username: githubactions
2023-05-21T15:07:33.6378906Z  Registry: https://index.docker.io/v1/
2023-05-21T15:07:33.6379510Z  Labels:
2023-05-21T15:07:33.6380041Z  Experimental: false
2023-05-21T15:07:33.6380626Z  Insecure Registries:
2023-05-21T15:07:33.6380988Z   127.0.0.0/8
2023-05-21T15:07:33.6381552Z  Live Restore Enabled: false
2023-05-21T15:07:33.6382035Z 
2023-05-21T15:07:33.6382986Z ##[endgroup]
2023-05-21T15:07:33.7239592Z ##[group]Buildx version
2023-05-21T15:07:33.7285113Z [command]/usr/bin/docker buildx version
2023-05-21T15:07:33.7994448Z github.com/docker/buildx 0.10.4+azure-1 c513d34049e499c53468deac6c4267ee72948f02
2023-05-21T15:07:33.8040394Z ##[endgroup]
2023-05-21T15:07:33.8045168Z ##[group]Creating a new builder instance
2023-05-21T15:07:33.8847753Z [command]/usr/bin/docker buildx create --name builder-946d017d-4bbb-4364-be03-634efcde4cdd --driver docker-container --buildkitd-flags --allow-insecure-entitlement security.insecure --allow-insecure-entitlement network.host --use
2023-05-21T15:07:33.9590919Z builder-946d017d-4bbb-4364-be03-634efcde4cdd
2023-05-21T15:07:33.9646442Z ##[endgroup]
2023-05-21T15:07:33.9647312Z ##[group]Booting builder
2023-05-21T15:07:33.9670936Z [command]/usr/bin/docker buildx inspect --bootstrap --builder builder-946d017d-4bbb-4364-be03-634efcde4cdd
2023-05-21T15:07:34.0390395Z #1 [internal] booting buildkit
2023-05-21T15:07:34.1893847Z #1 pulling image moby/buildkit:buildx-stable-1
2023-05-21T15:07:34.6409902Z #1 pulling image moby/buildkit:buildx-stable-1 0.5s done
2023-05-21T15:07:34.6410625Z #1 creating container buildx_buildkit_builder-946d017d-4bbb-4364-be03-634efcde4cdd0
2023-05-21T15:07:35.1734932Z #1 creating container buildx_buildkit_builder-946d017d-4bbb-4364-be03-634efcde4cdd0 0.7s done
2023-05-21T15:07:35.1751897Z #1 DONE 1.1s
2023-05-21T15:07:35.3226543Z Name:          builder-946d017d-4bbb-4364-be03-634efcde4cdd
2023-05-21T15:07:35.3226940Z Driver:        docker-container
2023-05-21T15:07:35.3227261Z Last Activity: 2023-05-21 15:07:33 +0000 UTC
2023-05-21T15:07:35.3227425Z 
2023-05-21T15:07:35.3227502Z Nodes:
2023-05-21T15:07:35.3227851Z Name:      builder-946d017d-4bbb-4364-be03-634efcde4cdd0
2023-05-21T15:07:35.3228184Z Endpoint:  unix:///var/run/docker.sock
2023-05-21T15:07:35.3228430Z Status:    running
2023-05-21T15:07:35.3228896Z Flags:     --allow-insecure-entitlement security.insecure --allow-insecure-entitlement network.host
2023-05-21T15:07:35.3229260Z Buildkit:  v0.11.6
2023-05-21T15:07:35.3229690Z Platforms: linux/amd64, linux/amd64/v2, linux/amd64/v3, linux/amd64/v4, linux/arm64, linux/riscv64, linux/ppc64le, linux/s390x, linux/386, linux/mips64le, linux/mips64, linux/arm/v7, linux/arm/v6
2023-05-21T15:07:35.3255977Z ##[endgroup]
2023-05-21T15:07:35.4827011Z ##[group]Inspect builder
2023-05-21T15:07:35.4833187Z {
2023-05-21T15:07:35.4833587Z   "nodes": [
2023-05-21T15:07:35.4835846Z     {
2023-05-21T15:07:35.4836604Z       "name": "builder-946d017d-4bbb-4364-be03-634efcde4cdd0",
2023-05-21T15:07:35.4837199Z       "endpoint": "unix:///var/run/docker.sock",
2023-05-21T15:07:35.4839964Z       "status": "running",
2023-05-21T15:07:35.4840828Z       "buildkitd-flags": "--allow-insecure-entitlement security.insecure --allow-insecure-entitlement network.host",
2023-05-21T15:07:35.4841370Z       "buildkit": "v0.11.6",
2023-05-21T15:07:35.4841947Z       "platforms": "linux/amd64,linux/amd64/v2,linux/amd64/v3,linux/amd64/v4,linux/arm64,linux/riscv64,linux/ppc64le,linux/s390x,linux/386,linux/mips64le,linux/mips64,linux/arm/v7,linux/arm/v6"
2023-05-21T15:07:35.4842487Z     }
2023-05-21T15:07:35.4842746Z   ],
2023-05-21T15:07:35.4843181Z   "name": "builder-946d017d-4bbb-4364-be03-634efcde4cdd",
2023-05-21T15:07:35.4843600Z   "driver": "docker-container",
2023-05-21T15:07:35.4844039Z   "lastActivity": "2023-05-21T15:07:33.000Z"
2023-05-21T15:07:35.4844349Z }
2023-05-21T15:07:35.4844958Z ##[endgroup]
2023-05-21T15:07:35.4845455Z ##[group]BuildKit version
2023-05-21T15:07:35.4845929Z builder-946d017d-4bbb-4364-be03-634efcde4cdd0: v0.11.6
2023-05-21T15:07:35.4846450Z ##[endgroup]
2023-05-21T15:07:35.4978504Z ##[group]Run docker/login-action@v2
2023-05-21T15:07:35.4978740Z with:
2023-05-21T15:07:35.4978983Z   username: ***
2023-05-21T15:07:35.4979274Z   password: ***
2023-05-21T15:07:35.4979480Z   ecr: auto
2023-05-21T15:07:35.4979679Z   logout: true
2023-05-21T15:07:35.4979864Z env:
2023-05-21T15:07:35.4980093Z   DOCKER_METADATA_OUTPUT_VERSION: 0.1.0
2023-05-21T15:07:35.4980455Z   DOCKER_METADATA_OUTPUT_TAGS: ***/api:0.1.0
***/api:0.1
***/api:latest
2023-05-21T15:07:35.4981562Z   DOCKER_METADATA_OUTPUT_LABELS: org.opencontainers.image.title=test-github-actions
org.opencontainers.image.description=
org.opencontainers.image.url=https://github.com/***/test-github-actions
org.opencontainers.image.source=https://github.com/***/test-github-actions
org.opencontainers.image.version=0.1.0
org.opencontainers.image.created=2023-05-21T15:07:29.787Z
org.opencontainers.image.revision=d784b48856295f42bdf83c5620ed0b37d27264d2
org.opencontainers.image.licenses=
2023-05-21T15:07:35.4983436Z   DOCKER_METADATA_OUTPUT_JSON: {"tags":["***/api:0.1.0","***/api:0.1","***/api:latest"],"labels":{"org.opencontainers.image.title":"test-github-actions","org.opencontainers.image.description":"","org.opencontainers.image.url":"https://github.com/***/test-github-actions","org.opencontainers.image.source":"https://github.com/***/test-github-actions","org.opencontainers.image.version":"0.1.0","org.opencontainers.image.created":"2023-05-21T15:07:29.787Z","org.opencontainers.image.revision":"d784b48856295f42bdf83c5620ed0b37d27264d2","org.opencontainers.image.licenses":""}}
2023-05-21T15:07:35.4984604Z   DOCKER_METADATA_OUTPUT_BAKE_FILE: /tmp/docker-actions-toolkit-0vWnQc/docker-metadata-action-bake.json
2023-05-21T15:07:35.4984975Z ##[endgroup]
2023-05-21T15:07:35.6343607Z Logging into Docker Hub...
2023-05-21T15:07:36.0786212Z Login Succeeded!
2023-05-21T15:07:36.0882299Z ##[group]Run docker/build-push-action@v4
2023-05-21T15:07:36.0882563Z with:
2023-05-21T15:07:36.0882770Z   context: ./app/api
2023-05-21T15:07:36.0883003Z   file: ./app/api/Dockerfile
2023-05-21T15:07:36.0883228Z   push: true
2023-05-21T15:07:36.0883537Z   tags: ***/api:0.1.0
***/api:0.1
***/api:latest
2023-05-21T15:07:36.0883763Z   load: false
2023-05-21T15:07:36.0883975Z   no-cache: false
2023-05-21T15:07:36.0884213Z   pull: false
2023-05-21T15:07:36.0884549Z   github-token: ***
2023-05-21T15:07:36.0884760Z env:
2023-05-21T15:07:36.0884987Z   DOCKER_METADATA_OUTPUT_VERSION: 0.1.0
2023-05-21T15:07:36.0885350Z   DOCKER_METADATA_OUTPUT_TAGS: ***/api:0.1.0
***/api:0.1
***/api:latest
2023-05-21T15:07:36.0886695Z   DOCKER_METADATA_OUTPUT_LABELS: org.opencontainers.image.title=test-github-actions
org.opencontainers.image.description=
org.opencontainers.image.url=https://github.com/***/test-github-actions
org.opencontainers.image.source=https://github.com/***/test-github-actions
org.opencontainers.image.version=0.1.0
org.opencontainers.image.created=2023-05-21T15:07:29.787Z
org.opencontainers.image.revision=d784b48856295f42bdf83c5620ed0b37d27264d2
org.opencontainers.image.licenses=
2023-05-21T15:07:36.0888530Z   DOCKER_METADATA_OUTPUT_JSON: {"tags":["***/api:0.1.0","***/api:0.1","***/api:latest"],"labels":{"org.opencontainers.image.title":"test-github-actions","org.opencontainers.image.description":"","org.opencontainers.image.url":"https://github.com/***/test-github-actions","org.opencontainers.image.source":"https://github.com/***/test-github-actions","org.opencontainers.image.version":"0.1.0","org.opencontainers.image.created":"2023-05-21T15:07:29.787Z","org.opencontainers.image.revision":"d784b48856295f42bdf83c5620ed0b37d27264d2","org.opencontainers.image.licenses":""}}
2023-05-21T15:07:36.0889703Z   DOCKER_METADATA_OUTPUT_BAKE_FILE: /tmp/docker-actions-toolkit-0vWnQc/docker-metadata-action-bake.json
2023-05-21T15:07:36.0890073Z ##[endgroup]
2023-05-21T15:07:36.2839080Z ##[group]GitHub Actions runtime token access controls
2023-05-21T15:07:36.2852892Z [
2023-05-21T15:07:36.2853092Z   {
2023-05-21T15:07:36.2853333Z     "Scope": "refs/tags/v0.1.0",
2023-05-21T15:07:36.2853572Z     "Permission": 3
2023-05-21T15:07:36.2853773Z   },
2023-05-21T15:07:36.2853947Z   {
2023-05-21T15:07:36.2854139Z     "Scope": "refs/heads/main",
2023-05-21T15:07:36.2854366Z     "Permission": 1
2023-05-21T15:07:36.2854565Z   }
2023-05-21T15:07:36.2854738Z ]
2023-05-21T15:07:36.2855531Z ##[endgroup]
2023-05-21T15:07:36.2856034Z ##[group]Docker info
2023-05-21T15:07:36.2904754Z [command]/usr/bin/docker version
2023-05-21T15:07:36.3247929Z Client:
2023-05-21T15:07:36.3262603Z  Version:           20.10.24+azure-1
2023-05-21T15:07:36.3264406Z  API version:       1.41
2023-05-21T15:07:36.3264929Z  Go version:        go1.19.6
2023-05-21T15:07:36.3265395Z  Git commit:        297e1284d3bd092e9bc96076c3ddc4bb33f8c7ab
2023-05-21T15:07:36.3266511Z  Built:             Fri Mar 31 18:34:38 UTC 2023
2023-05-21T15:07:36.3267318Z  OS/Arch:           linux/amd64
2023-05-21T15:07:36.3267715Z  Context:           default
2023-05-21T15:07:36.3268565Z  Experimental:      true
2023-05-21T15:07:36.3268907Z 
2023-05-21T15:07:36.3269613Z Server:
2023-05-21T15:07:36.3270259Z  Engine:
2023-05-21T15:07:36.3270814Z   Version:          20.10.24+azure-1
2023-05-21T15:07:36.3272194Z   API version:      1.41 (minimum version 1.12)
2023-05-21T15:07:36.3272709Z   Go version:       go1.19.6
2023-05-21T15:07:36.3274000Z   Git commit:       5d6db842238e3c4f5f9fb9ad70ea46b35227d084
2023-05-21T15:07:36.3274751Z   Built:            Tue Apr  4 18:03:51 2023
2023-05-21T15:07:36.3275628Z   OS/Arch:          linux/amd64
2023-05-21T15:07:36.3276141Z   Experimental:     false
2023-05-21T15:07:36.3277380Z  containerd:
2023-05-21T15:07:36.3277957Z   Version:          1.6.20+azure-1
2023-05-21T15:07:36.3279483Z   GitCommit:        2806fc1057397dbaeefbea0e4e17bddfbd388f38
2023-05-21T15:07:36.3280157Z  runc:
2023-05-21T15:07:36.3280470Z   Version:          1.1.7
2023-05-21T15:07:36.3282076Z   GitCommit:        860f061b76bb4fc671f0f9e900f7d80ff93d4eb7
2023-05-21T15:07:36.3282929Z  docker-init:
2023-05-21T15:07:36.3296658Z   Version:          0.19.0
2023-05-21T15:07:36.3297143Z   GitCommit:        
2023-05-21T15:07:36.3298143Z [command]/usr/bin/docker info
2023-05-21T15:07:36.3973798Z Client:
2023-05-21T15:07:36.3999743Z  Context:    default
2023-05-21T15:07:36.4000961Z  Debug Mode: false
2023-05-21T15:07:36.4024741Z  Plugins:
2023-05-21T15:07:36.4031960Z   buildx: Docker Buildx (Docker Inc., 0.10.4+azure-1)
2023-05-21T15:07:36.4032370Z   compose: Docker Compose (Docker Inc., 2.17.3+azure-1)
2023-05-21T15:07:36.4032553Z 
2023-05-21T15:07:36.4033064Z Server:
2023-05-21T15:07:36.4033253Z  Containers: 1
2023-05-21T15:07:36.4033463Z   Running: 1
2023-05-21T15:07:36.4033668Z   Paused: 0
2023-05-21T15:07:36.4033870Z   Stopped: 0
2023-05-21T15:07:36.4034072Z  Images: 19
2023-05-21T15:07:36.4034318Z  Server Version: 20.10.24+azure-1
2023-05-21T15:07:36.4034565Z  Storage Driver: overlay2
2023-05-21T15:07:36.4034820Z   Backing Filesystem: extfs
2023-05-21T15:07:36.4035065Z   Supports d_type: true
2023-05-21T15:07:36.4035305Z   Native Overlay Diff: false
2023-05-21T15:07:36.4035527Z   userxattr: false
2023-05-21T15:07:36.4035801Z  Logging Driver: json-file
2023-05-21T15:07:36.4036038Z  Cgroup Driver: cgroupfs
2023-05-21T15:07:36.4036262Z  Cgroup Version: 2
2023-05-21T15:07:36.4036477Z  Plugins:
2023-05-21T15:07:36.4036669Z   Volume: local
2023-05-21T15:07:36.4036926Z   Network: bridge host ipvlan macvlan null overlay
2023-05-21T15:07:36.4037383Z   Log: awslogs fluentd gcplogs gelf journald json-file local logentries splunk syslog
2023-05-21T15:07:36.4037700Z  Swarm: inactive
2023-05-21T15:07:36.4038020Z  Runtimes: runc io.containerd.runc.v2 io.containerd.runtime.v1.linux
2023-05-21T15:07:36.4038323Z  Default Runtime: runc
2023-05-21T15:07:36.4038790Z  Init Binary: docker-init
2023-05-21T15:07:36.4039092Z  containerd version: 2806fc1057397dbaeefbea0e4e17bddfbd388f38
2023-05-21T15:07:36.4039437Z  runc version: 860f061b76bb4fc671f0f9e900f7d80ff93d4eb7
2023-05-21T15:07:36.4039702Z  init version: 
2023-05-21T15:07:36.4039935Z  Security Options:
2023-05-21T15:07:36.4040145Z   apparmor
2023-05-21T15:07:36.4040339Z   seccomp
2023-05-21T15:07:36.4040539Z    Profile: default
2023-05-21T15:07:36.4040746Z   cgroupns
2023-05-21T15:07:36.4041000Z  Kernel Version: 5.15.0-1037-azure
2023-05-21T15:07:36.4041257Z  Operating System: Ubuntu 22.04.2 LTS
2023-05-21T15:07:36.4041491Z  OSType: linux
2023-05-21T15:07:36.4041704Z  Architecture: x86_64
2023-05-21T15:07:36.4041913Z  CPUs: 2
2023-05-21T15:07:36.4042112Z  Total Memory: 6.781GiB
2023-05-21T15:07:36.4042363Z  Name: fv-az612-94
2023-05-21T15:07:36.4042649Z  ID: 45C5:GCD5:C2ZA:BU76:2JJE:VILT:FJER:O74A:S3LH:GA6O:RCDR:J762
2023-05-21T15:07:36.4042933Z  Docker Root Dir: /var/lib/docker
2023-05-21T15:07:36.4043159Z  Debug Mode: false
2023-05-21T15:07:36.4043431Z  Username: ***
2023-05-21T15:07:36.4043701Z  Registry: https://index.docker.io/v1/
2023-05-21T15:07:36.4043955Z  Labels:
2023-05-21T15:07:36.4044170Z  Experimental: false
2023-05-21T15:07:36.4044401Z  Insecure Registries:
2023-05-21T15:07:36.4044600Z   127.0.0.0/8
2023-05-21T15:07:36.4044822Z  Live Restore Enabled: false
2023-05-21T15:07:36.4044974Z 
2023-05-21T15:07:36.4045334Z ##[endgroup]
2023-05-21T15:07:36.5567362Z ##[group]Buildx version
2023-05-21T15:07:36.5592010Z [command]/usr/bin/docker buildx version
2023-05-21T15:07:36.6526370Z github.com/docker/buildx 0.10.4+azure-1 c513d34049e499c53468deac6c4267ee72948f02
2023-05-21T15:07:36.6600904Z ##[endgroup]
2023-05-21T15:07:36.8450232Z [command]/usr/bin/docker buildx build --file ./app/api/Dockerfile --iidfile /tmp/docker-build-push-KMSoya/iidfile --provenance mode=max,builder-id=https://github.com/***/test-github-actions/actions/runs/5038327905 --tag ***/api:0.1.0 --tag ***/api:0.1 --tag ***/api:latest --metadata-file /tmp/docker-build-push-KMSoya/metadata-file --push ./app/api
2023-05-21T15:07:37.2014773Z #1 [internal] load .dockerignore
2023-05-21T15:07:37.2015862Z #1 transferring context: 52B done
2023-05-21T15:07:37.2016639Z #1 DONE 0.0s
2023-05-21T15:07:37.2016804Z 
2023-05-21T15:07:37.2016962Z #2 [internal] load build definition from Dockerfile
2023-05-21T15:07:37.2017269Z #2 transferring dockerfile: 219B done
2023-05-21T15:07:37.2017513Z #2 DONE 0.0s
2023-05-21T15:07:37.2017641Z 
2023-05-21T15:07:37.2017813Z #3 [internal] load metadata for docker.io/library/python:3.9
2023-05-21T15:07:37.3516112Z #3 ...
2023-05-21T15:07:37.3516656Z 
2023-05-21T15:07:37.3517429Z #4 [auth] library/python:pull token for registry-1.docker.io
2023-05-21T15:07:37.3518261Z #4 DONE 0.0s
2023-05-21T15:07:37.5027033Z 
2023-05-21T15:07:37.5028563Z #3 [internal] load metadata for docker.io/library/python:3.9
2023-05-21T15:07:37.9542815Z #3 DONE 0.7s
2023-05-21T15:07:37.9543019Z 
2023-05-21T15:07:37.9543142Z #5 [internal] load build context
2023-05-21T15:07:37.9543432Z #5 transferring context: 10.56kB done
2023-05-21T15:07:37.9543673Z #5 DONE 0.0s
2023-05-21T15:07:37.9543801Z 
2023-05-21T15:07:37.9544095Z #6 [1/5] FROM docker.io/library/python:3.9@sha256:6ea9dafc96d7914c5c1d199f1f0195c4e05cf017b10666ca84cb7ce8e2699d51
2023-05-21T15:07:37.9544607Z #6 resolve docker.io/library/python:3.9@sha256:6ea9dafc96d7914c5c1d199f1f0195c4e05cf017b10666ca84cb7ce8e2699d51 done
2023-05-21T15:07:38.1044733Z #6 sha256:a48c72dfa8c4e0da323ce32dac703c79d8f2de134e6a420cdfbc868323cfc68a 244B / 244B 0.1s done
2023-05-21T15:07:38.1051642Z #6 sha256:c343b921680a19bf22934b83c02f42d8fdd0d8559417f63c1dcd2d7997c22da3 2.90MB / 2.90MB 0.1s done
2023-05-21T15:07:38.1052421Z #6 sha256:cea461a97d8717d5ef1eb563adaf205de17b9bf5b9bd57bc6bb2eae2296a8740 0B / 16.15MB 0.2s
2023-05-21T15:07:38.1053093Z #6 sha256:2a12d0031f3fc457f41eaa0e29c0eaf4ba1376735aa940268ebccc76abb49f04 0B / 6.29MB 0.2s
2023-05-21T15:07:38.2563739Z #6 sha256:cea461a97d8717d5ef1eb563adaf205de17b9bf5b9bd57bc6bb2eae2296a8740 16.15MB / 16.15MB 0.3s done
2023-05-21T15:07:38.2584404Z #6 sha256:2a12d0031f3fc457f41eaa0e29c0eaf4ba1376735aa940268ebccc76abb49f04 6.29MB / 6.29MB 0.3s done
2023-05-21T15:07:38.2591386Z #6 sha256:9cdadd40055fb82fef74a0a38f29fb1ee7b6922e18370ebdc3502ec66f79fa3f 3.15MB / 196.85MB 0.2s
2023-05-21T15:07:38.2599536Z #6 sha256:4eedd9c5abf7e5f63753a5e788cb0872a715fa1141e8ce5ea87638e6cd370a41 3.15MB / 54.58MB 0.2s
2023-05-21T15:07:38.3747791Z #6 sha256:9cdadd40055fb82fef74a0a38f29fb1ee7b6922e18370ebdc3502ec66f79fa3f 19.92MB / 196.85MB 0.3s
2023-05-21T15:07:38.3748340Z #6 sha256:4eedd9c5abf7e5f63753a5e788cb0872a715fa1141e8ce5ea87638e6cd370a41 19.92MB / 54.58MB 0.3s
2023-05-21T15:07:38.3748781Z #6 sha256:5d79063a01c561833dc6546d4e647fda0121a59e1a9a17874a3e30854555475e 15.76MB / 15.76MB 0.3s done
2023-05-21T15:07:38.3749257Z #6 sha256:918547b9432687b1e1d238e82dc1e0ea0b736aafbf3c402eea98c6db81a9cb65 6.29MB / 55.05MB 0.2s
2023-05-21T15:07:38.5260387Z #6 sha256:9cdadd40055fb82fef74a0a38f29fb1ee7b6922e18370ebdc3502ec66f79fa3f 33.55MB / 196.85MB 0.5s
2023-05-21T15:07:38.5260963Z #6 sha256:4eedd9c5abf7e5f63753a5e788cb0872a715fa1141e8ce5ea87638e6cd370a41 34.60MB / 54.58MB 0.5s
2023-05-21T15:07:38.5261421Z #6 sha256:918547b9432687b1e1d238e82dc1e0ea0b736aafbf3c402eea98c6db81a9cb65 20.71MB / 55.05MB 0.3s
2023-05-21T15:07:38.6774907Z #6 sha256:9cdadd40055fb82fef74a0a38f29fb1ee7b6922e18370ebdc3502ec66f79fa3f 58.72MB / 196.85MB 0.6s
2023-05-21T15:07:38.6775417Z #6 sha256:918547b9432687b1e1d238e82dc1e0ea0b736aafbf3c402eea98c6db81a9cb65 45.09MB / 55.05MB 0.5s
2023-05-21T15:07:38.8296497Z #6 sha256:9cdadd40055fb82fef74a0a38f29fb1ee7b6922e18370ebdc3502ec66f79fa3f 82.84MB / 196.85MB 0.8s
2023-05-21T15:07:38.8297073Z #6 sha256:4eedd9c5abf7e5f63753a5e788cb0872a715fa1141e8ce5ea87638e6cd370a41 50.33MB / 54.58MB 0.8s
2023-05-21T15:07:38.8297572Z #6 sha256:918547b9432687b1e1d238e82dc1e0ea0b736aafbf3c402eea98c6db81a9cb65 55.05MB / 55.05MB 0.6s done
2023-05-21T15:07:38.8298368Z #6 extracting sha256:918547b9432687b1e1d238e82dc1e0ea0b736aafbf3c402eea98c6db81a9cb65
2023-05-21T15:07:38.9819822Z #6 sha256:9cdadd40055fb82fef74a0a38f29fb1ee7b6922e18370ebdc3502ec66f79fa3f 104.86MB / 196.85MB 0.9s
2023-05-21T15:07:38.9820612Z #6 sha256:4eedd9c5abf7e5f63753a5e788cb0872a715fa1141e8ce5ea87638e6cd370a41 54.58MB / 54.58MB 0.9s done
2023-05-21T15:07:39.1314022Z #6 sha256:9cdadd40055fb82fef74a0a38f29fb1ee7b6922e18370ebdc3502ec66f79fa3f 127.32MB / 196.85MB 1.1s
2023-05-21T15:07:39.2824459Z #6 sha256:9cdadd40055fb82fef74a0a38f29fb1ee7b6922e18370ebdc3502ec66f79fa3f 157.29MB / 196.85MB 1.2s
2023-05-21T15:07:39.4333000Z #6 sha256:9cdadd40055fb82fef74a0a38f29fb1ee7b6922e18370ebdc3502ec66f79fa3f 182.45MB / 196.85MB 1.4s
2023-05-21T15:07:39.5840328Z #6 sha256:9cdadd40055fb82fef74a0a38f29fb1ee7b6922e18370ebdc3502ec66f79fa3f 196.85MB / 196.85MB 1.5s
2023-05-21T15:07:40.1537740Z #6 sha256:9cdadd40055fb82fef74a0a38f29fb1ee7b6922e18370ebdc3502ec66f79fa3f 196.85MB / 196.85MB 2.2s done
2023-05-21T15:07:40.6043982Z #6 extracting sha256:918547b9432687b1e1d238e82dc1e0ea0b736aafbf3c402eea98c6db81a9cb65 1.7s done
2023-05-21T15:07:40.6047661Z #6 extracting sha256:5d79063a01c561833dc6546d4e647fda0121a59e1a9a17874a3e30854555475e
2023-05-21T15:07:40.8817428Z #6 extracting sha256:5d79063a01c561833dc6546d4e647fda0121a59e1a9a17874a3e30854555475e 0.4s done
2023-05-21T15:07:40.8818204Z #6 DONE 3.1s
2023-05-21T15:07:41.0322993Z 
2023-05-21T15:07:41.0323883Z #6 [1/5] FROM docker.io/library/python:3.9@sha256:6ea9dafc96d7914c5c1d199f1f0195c4e05cf017b10666ca84cb7ce8e2699d51
2023-05-21T15:07:41.0324800Z #6 extracting sha256:4eedd9c5abf7e5f63753a5e788cb0872a715fa1141e8ce5ea87638e6cd370a41
2023-05-21T15:07:42.9864187Z #6 extracting sha256:4eedd9c5abf7e5f63753a5e788cb0872a715fa1141e8ce5ea87638e6cd370a41 2.0s done
2023-05-21T15:07:42.9865102Z #6 extracting sha256:9cdadd40055fb82fef74a0a38f29fb1ee7b6922e18370ebdc3502ec66f79fa3f
2023-05-21T15:07:47.9450091Z #6 extracting sha256:9cdadd40055fb82fef74a0a38f29fb1ee7b6922e18370ebdc3502ec66f79fa3f 5.0s done
2023-05-21T15:07:47.9450608Z #6 extracting sha256:2a12d0031f3fc457f41eaa0e29c0eaf4ba1376735aa940268ebccc76abb49f04
2023-05-21T15:07:48.0713608Z #6 extracting sha256:2a12d0031f3fc457f41eaa0e29c0eaf4ba1376735aa940268ebccc76abb49f04 0.2s done
2023-05-21T15:07:48.0713977Z #6 DONE 10.2s
2023-05-21T15:07:48.2222970Z 
2023-05-21T15:07:48.2224046Z #6 [1/5] FROM docker.io/library/python:3.9@sha256:6ea9dafc96d7914c5c1d199f1f0195c4e05cf017b10666ca84cb7ce8e2699d51
2023-05-21T15:07:48.2224835Z #6 extracting sha256:cea461a97d8717d5ef1eb563adaf205de17b9bf5b9bd57bc6bb2eae2296a8740
2023-05-21T15:07:48.5233824Z #6 extracting sha256:cea461a97d8717d5ef1eb563adaf205de17b9bf5b9bd57bc6bb2eae2296a8740 0.4s done
2023-05-21T15:07:48.5234752Z #6 extracting sha256:a48c72dfa8c4e0da323ce32dac703c79d8f2de134e6a420cdfbc868323cfc68a done
2023-05-21T15:07:48.5235360Z #6 extracting sha256:c343b921680a19bf22934b83c02f42d8fdd0d8559417f63c1dcd2d7997c22da3
2023-05-21T15:07:48.6745201Z #6 extracting sha256:c343b921680a19bf22934b83c02f42d8fdd0d8559417f63c1dcd2d7997c22da3 0.1s done
2023-05-21T15:07:48.6745958Z #6 DONE 10.8s
2023-05-21T15:07:48.6746466Z 
2023-05-21T15:07:48.6746717Z #7 [2/5] WORKDIR /app
2023-05-21T15:07:50.3334420Z #7 DONE 1.6s
2023-05-21T15:07:50.3334783Z 
2023-05-21T15:07:50.3339135Z #8 [3/5] COPY requirements.txt .
2023-05-21T15:07:50.3339609Z #8 DONE 0.0s
2023-05-21T15:07:50.3340240Z 
2023-05-21T15:07:50.3341082Z #9 [4/5] RUN pip install --no-cache-dir -r requirements.txt
2023-05-21T15:07:52.8478388Z #9 2.579 Collecting Flask
2023-05-21T15:07:52.8479560Z #9 2.620   Downloading Flask-2.3.2-py3-none-any.whl (96 kB)
2023-05-21T15:07:52.9660474Z #9 2.633      ━━━━━━━━━━━━━━━━━━━━━━━━━━━━━━━━━━━━━━━━ 96.9/96.9 KB 9.7 MB/s eta 0:00:00
2023-05-21T15:07:52.9661101Z #9 2.672 Collecting Flask-Cors
2023-05-21T15:07:52.9661615Z #9 2.712   Downloading Flask_Cors-3.0.10-py2.py3-none-any.whl (14 kB)
2023-05-21T15:07:52.9662109Z #9 2.738 Collecting Flask-Pymongo
2023-05-21T15:07:53.0713708Z #9 2.749   Downloading Flask_PyMongo-2.3.0-py2.py3-none-any.whl (12 kB)
2023-05-21T15:07:53.0714634Z #9 2.780 Collecting mongomock
2023-05-21T15:07:53.0715775Z #9 2.791   Downloading mongomock-4.1.2-py2.py3-none-any.whl (60 kB)
2023-05-21T15:07:53.0716756Z #9 2.794      ━━━━━━━━━━━━━━━━━━━━━━━━━━━━━━━━━━━━━━━ 60.0/60.0 KB 205.8 MB/s eta 0:00:00
2023-05-21T15:07:53.0717116Z #9 2.833 Collecting python-dotenv
2023-05-21T15:07:53.0717523Z #9 2.843   Downloading python_dotenv-1.0.0-py3-none-any.whl (19 kB)
2023-05-21T15:07:53.1831039Z #9 2.890 Collecting click>=8.1.3
2023-05-21T15:07:53.1832019Z #9 2.900   Downloading click-8.1.3-py3-none-any.whl (96 kB)
2023-05-21T15:07:53.1832859Z #9 2.903      ━━━━━━━━━━━━━━━━━━━━━━━━━━━━━━━━━━━━━━━ 96.6/96.6 KB 210.3 MB/s eta 0:00:00
2023-05-21T15:07:53.1833638Z #9 2.955 Collecting Werkzeug>=2.3.3
2023-05-21T15:07:53.2835892Z #9 2.966   Downloading Werkzeug-2.3.4-py3-none-any.whl (242 kB)
2023-05-21T15:07:53.2836946Z #9 2.974      ━━━━━━━━━━━━━━━━━━━━━━━━━━━━━━━━━━━━━━ 242.5/242.5 KB 56.8 MB/s eta 0:00:00
2023-05-21T15:07:53.2837237Z #9 3.011 Collecting Jinja2>=3.1.2
2023-05-21T15:07:53.2837631Z #9 3.022   Downloading Jinja2-3.1.2-py3-none-any.whl (133 kB)
2023-05-21T15:07:53.2838124Z #9 3.025      ━━━━━━━━━━━━━━━━━━━━━━━━━━━━━━━━━━━━━ 133.1/133.1 KB 231.1 MB/s eta 0:00:00
2023-05-21T15:07:53.2838410Z #9 3.055 Collecting itsdangerous>=2.1.2
2023-05-21T15:07:53.3917336Z #9 3.066   Downloading itsdangerous-2.1.2-py3-none-any.whl (15 kB)
2023-05-21T15:07:53.3917819Z #9 3.163 Collecting importlib-metadata>=3.6.0
2023-05-21T15:07:53.5426895Z #9 3.173   Downloading importlib_metadata-6.6.0-py3-none-any.whl (22 kB)
2023-05-21T15:07:53.5427324Z #9 3.195 Collecting blinker>=1.6.2
2023-05-21T15:07:53.5427790Z #9 3.206   Downloading blinker-1.6.2-py3-none-any.whl (13 kB)
2023-05-21T15:07:53.5428109Z #9 3.237 Collecting Six
2023-05-21T15:07:53.5428534Z #9 3.247   Downloading six-1.16.0-py2.py3-none-any.whl (11 kB)
2023-05-21T15:07:54.0986602Z #9 3.858 Collecting PyMongo>=3.3
2023-05-21T15:07:54.0987388Z #9 3.870   Downloading pymongo-4.3.3-cp39-cp39-manylinux_2_17_x86_64.manylinux2014_x86_64.whl (492 kB)
2023-05-21T15:07:54.2493657Z #9 3.877      ━━━━━━━━━━━━━━━━━━━━━━━━━━━━━━━━━━━━━ 492.1/492.1 KB 122.6 MB/s eta 0:00:00
2023-05-21T15:07:54.2494109Z #9 3.901 Collecting sentinels
2023-05-21T15:07:54.2494537Z #9 3.911   Downloading sentinels-1.0.0.tar.gz (4.1 kB)
2023-05-21T15:07:54.2494916Z #9 3.916   Preparing metadata (setup.py): started
2023-05-21T15:07:54.5289498Z #9 4.255   Preparing metadata (setup.py): finished with status 'done'
2023-05-21T15:07:54.5289916Z #9 4.301 Collecting packaging
2023-05-21T15:07:54.6311974Z #9 4.311   Downloading packaging-23.1-py3-none-any.whl (48 kB)
2023-05-21T15:07:54.6312803Z #9 4.315      ━━━━━━━━━━━━━━━━━━━━━━━━━━━━━━━━━━━━━━━ 48.9/48.9 KB 186.5 MB/s eta 0:00:00
2023-05-21T15:07:54.6313535Z #9 4.393 Collecting zipp>=0.5
2023-05-21T15:07:54.6314268Z #9 4.403   Downloading zipp-3.15.0-py3-none-any.whl (6.8 kB)
2023-05-21T15:07:54.7411244Z #9 4.503 Collecting MarkupSafe>=2.0
2023-05-21T15:07:54.7412532Z #9 4.513   Downloading MarkupSafe-2.1.2-cp39-cp39-manylinux_2_17_x86_64.manylinux2014_x86_64.whl (25 kB)
2023-05-21T15:07:54.8840106Z #9 4.584 Collecting dnspython<3.0.0,>=1.16.0
2023-05-21T15:07:54.8840891Z #9 4.596   Downloading dnspython-2.3.0-py3-none-any.whl (283 kB)
2023-05-21T15:07:54.8841416Z #9 4.600      ━━━━━━━━━━━━━━━━━━━━━━━━━━━━━━━━━━━━━ 283.7/283.7 KB 266.2 MB/s eta 0:00:00
2023-05-21T15:07:54.8841761Z #9 4.655 Building wheels for collected packages: sentinels
2023-05-21T15:07:55.0335736Z #9 4.657   Building wheel for sentinels (setup.py): started
2023-05-21T15:07:55.3350237Z #9 5.017   Building wheel for sentinels (setup.py): finished with status 'done'
2023-05-21T15:07:55.3351710Z #9 5.019   Created wheel for sentinels: filename=sentinels-1.0.0-py3-none-any.whl size=3200 sha256=7d72c249f12f66e10ce2d71f7503b02972922f8112fab389ce49474584410f4a
2023-05-21T15:07:55.3353761Z #9 5.019   Stored in directory: /tmp/pip-ephem-wheel-cache-e5bx_ki2/wheels/39/4c/05/90d81b81899bc2fd244e072d9b323422128e69a99328e712a5
2023-05-21T15:07:55.3354177Z #9 5.022 Successfully built sentinels
2023-05-21T15:07:55.4856036Z #9 5.143 Installing collected packages: sentinels, zipp, Six, python-dotenv, packaging, MarkupSafe, itsdangerous, dnspython, click, blinker, Werkzeug, PyMongo, mongomock, Jinja2, importlib-metadata, Flask, Flask-Pymongo, Flask-Cors
2023-05-21T15:07:56.3409874Z #9 6.113 Successfully installed Flask-2.3.2 Flask-Cors-3.0.10 Flask-Pymongo-2.3.0 Jinja2-3.1.2 MarkupSafe-2.1.2 PyMongo-4.3.3 Six-1.16.0 Werkzeug-2.3.4 blinker-1.6.2 click-8.1.3 dnspython-2.3.0 importlib-metadata-6.6.0 itsdangerous-2.1.2 mongomock-4.1.2 packaging-23.1 python-dotenv-1.0.0 sentinels-1.0.0 zipp-3.15.0
2023-05-21T15:07:56.4513386Z #9 6.114 WARNING: Running pip as the 'root' user can result in broken permissions and conflicting behaviour with the system package manager. It is recommended to use a virtual environment instead: https://pip.pypa.io/warnings/venv
2023-05-21T15:07:56.4514621Z #9 6.223 WARNING: You are using pip version 22.0.4; however, version 23.1.2 is available.
2023-05-21T15:07:56.4515280Z #9 6.223 You should consider upgrading via the '/usr/local/bin/python -m pip install --upgrade pip' command.
2023-05-21T15:07:56.7527539Z #9 DONE 6.4s
2023-05-21T15:07:56.7527754Z 
2023-05-21T15:07:56.7527865Z #10 [5/5] COPY . .
2023-05-21T15:07:56.7528117Z #10 DONE 0.0s
2023-05-21T15:07:56.7528264Z 
2023-05-21T15:07:56.7528378Z #11 exporting to image
2023-05-21T15:07:56.7528643Z #11 exporting layers
2023-05-21T15:07:57.6439033Z #11 exporting layers 0.9s done
2023-05-21T15:07:57.6445725Z #11 exporting manifest sha256:71e0a4dfc9e6ecb9d388288137def3743e960784e535d548f78176c6631dc3ce done
2023-05-21T15:07:57.6446308Z #11 exporting config sha256:bd4094118449fdaaed09cb3103a801094f28554aaa8d0fe467c36da29e4ac2d6 done
2023-05-21T15:07:57.6446952Z #11 exporting attestation manifest sha256:265576f54a40a90f8d128b1c287458a6ee126847d1cfe9260214797bfc814fb1 done
2023-05-21T15:07:57.6447525Z #11 exporting manifest list sha256:e0a0803c25b5f828b93f4b7e7831e6e9e5d5e1fa1eaed9b38d4b0dc722e0c619 done
2023-05-21T15:07:57.6447933Z #11 pushing layers
2023-05-21T15:07:57.7943165Z #11 ...
2023-05-21T15:07:57.7943451Z 
2023-05-21T15:07:57.7944223Z #12 [auth] ***/api:pull,push token for registry-1.docker.io
2023-05-21T15:07:57.7944506Z #12 DONE 0.0s
2023-05-21T15:07:57.9445536Z 
2023-05-21T15:07:57.9446102Z #11 exporting to image
2023-05-21T15:07:59.7496084Z #11 pushing layers 2.1s done
2023-05-21T15:07:59.7496707Z #11 pushing manifest for docker.io/***/api:0.1.0@sha256:e0a0803c25b5f828b93f4b7e7831e6e9e5d5e1fa1eaed9b38d4b0dc722e0c619
2023-05-21T15:08:00.5016917Z #11 pushing manifest for docker.io/***/api:0.1.0@sha256:e0a0803c25b5f828b93f4b7e7831e6e9e5d5e1fa1eaed9b38d4b0dc722e0c619 0.8s done
2023-05-21T15:08:01.2536583Z #11 pushing layers 0.7s done
2023-05-21T15:08:01.2537280Z #11 pushing manifest for docker.io/***/api:0.1@sha256:e0a0803c25b5f828b93f4b7e7831e6e9e5d5e1fa1eaed9b38d4b0dc722e0c619
2023-05-21T15:08:01.7051045Z #11 pushing manifest for docker.io/***/api:0.1@sha256:e0a0803c25b5f828b93f4b7e7831e6e9e5d5e1fa1eaed9b38d4b0dc722e0c619 0.4s done
2023-05-21T15:08:01.9597935Z #11 pushing layers 0.4s done
2023-05-21T15:08:01.9598840Z #11 pushing manifest for docker.io/***/api:latest@sha256:e0a0803c25b5f828b93f4b7e7831e6e9e5d5e1fa1eaed9b38d4b0dc722e0c619
2023-05-21T15:08:02.3652338Z #11 pushing manifest for docker.io/***/api:latest@sha256:e0a0803c25b5f828b93f4b7e7831e6e9e5d5e1fa1eaed9b38d4b0dc722e0c619 0.4s done
2023-05-21T15:08:02.3652811Z #11 DONE 5.7s
2023-05-21T15:08:02.3915566Z ##[group]ImageID
2023-05-21T15:08:02.3916362Z sha256:e0a0803c25b5f828b93f4b7e7831e6e9e5d5e1fa1eaed9b38d4b0dc722e0c619
2023-05-21T15:08:02.3916896Z ##[endgroup]
2023-05-21T15:08:02.3954704Z ##[group]Digest
2023-05-21T15:08:02.3955094Z sha256:e0a0803c25b5f828b93f4b7e7831e6e9e5d5e1fa1eaed9b38d4b0dc722e0c619
2023-05-21T15:08:02.3955645Z ##[endgroup]
2023-05-21T15:08:02.3956044Z ##[group]Metadata
2023-05-21T15:08:02.3956247Z {
2023-05-21T15:08:02.3956472Z   "containerimage.buildinfo": {
2023-05-21T15:08:02.3956745Z     "frontend": "dockerfile.v0",
2023-05-21T15:08:02.3956968Z     "attrs": {
2023-05-21T15:08:02.3957192Z       "filename": "Dockerfile",
2023-05-21T15:08:02.3957783Z       "vcs:revision": "d784b48856295f42bdf83c5620ed0b37d27264d2",
2023-05-21T15:08:02.3958718Z       "vcs:source": "https://github.com/***/test-github-actions"
2023-05-21T15:08:02.3959000Z     },
2023-05-21T15:08:02.3959197Z     "sources": [
2023-05-21T15:08:02.3959383Z       {
2023-05-21T15:08:02.3959652Z         "type": "docker-image",
2023-05-21T15:08:02.3959943Z         "ref": "docker.io/library/python:3.9",
2023-05-21T15:08:02.3960324Z         "pin": "sha256:6ea9dafc96d7914c5c1d199f1f0195c4e05cf017b10666ca84cb7ce8e2699d51"
2023-05-21T15:08:02.3960640Z       }
2023-05-21T15:08:02.3960811Z     ]
2023-05-21T15:08:02.3961000Z   },
2023-05-21T15:08:02.3961288Z   "containerimage.descriptor": {
2023-05-21T15:08:02.3961831Z     "mediaType": "application/vnd.oci.image.index.v1+json",
2023-05-21T15:08:02.3962248Z     "digest": "sha256:e0a0803c25b5f828b93f4b7e7831e6e9e5d5e1fa1eaed9b38d4b0dc722e0c619",
2023-05-21T15:08:02.3962577Z     "size": 856
2023-05-21T15:08:02.3962758Z   },
2023-05-21T15:08:02.3963119Z   "containerimage.digest": "sha256:e0a0803c25b5f828b93f4b7e7831e6e9e5d5e1fa1eaed9b38d4b0dc722e0c619",
2023-05-21T15:08:02.3963583Z   "image.name": "***/api:0.1.0,***/api:0.1,***/api:latest"
2023-05-21T15:08:02.3963824Z }
2023-05-21T15:08:02.3967693Z ##[endgroup]
2023-05-21T15:08:02.4025275Z Post job cleanup.
2023-05-21T15:08:02.5091549Z ##[group]Removing temp folder /tmp/docker-build-push-KMSoya
2023-05-21T15:08:02.5108720Z ##[endgroup]
2023-05-21T15:08:02.5189369Z Post job cleanup.
2023-05-21T15:08:02.6506884Z [command]/usr/bin/docker logout 
2023-05-21T15:08:02.6810824Z Removing login credentials for https://index.docker.io/v1/
2023-05-21T15:08:02.6910444Z Post job cleanup.
2023-05-21T15:08:02.8042442Z ##[group]Removing builder
2023-05-21T15:08:02.9682512Z [command]/usr/bin/docker buildx rm builder-946d017d-4bbb-4364-be03-634efcde4cdd
2023-05-21T15:08:03.8671398Z builder-946d017d-4bbb-4364-be03-634efcde4cdd removed
2023-05-21T15:08:03.8715456Z ##[endgroup]
2023-05-21T15:08:03.8716206Z ##[group]Cleaning up certificates
2023-05-21T15:08:03.8723803Z ##[endgroup]
2023-05-21T15:08:03.8813363Z Post job cleanup.
2023-05-21T15:08:03.9852920Z [command]/usr/bin/git version
2023-05-21T15:08:03.9905955Z git version 2.40.1
2023-05-21T15:08:03.9963773Z Temporarily overriding HOME='/home/runner/work/_temp/033f826d-c651-49ee-8ed5-12f97cc662da' before making global git config changes
2023-05-21T15:08:03.9967786Z Adding repository directory to the temporary git global config as a safe directory
2023-05-21T15:08:03.9975963Z [command]/usr/bin/git config --global --add safe.directory /home/runner/work/test-github-actions/test-github-actions
2023-05-21T15:08:04.0025309Z [command]/usr/bin/git config --local --name-only --get-regexp core\.sshCommand
2023-05-21T15:08:04.0068625Z [command]/usr/bin/git submodule foreach --recursive sh -c "git config --local --name-only --get-regexp 'core\.sshCommand' && git config --local --unset-all 'core.sshCommand' || :"
2023-05-21T15:08:04.0312463Z [command]/usr/bin/git config --local --name-only --get-regexp http\.https\:\/\/github\.com\/\.extraheader
2023-05-21T15:08:04.0342269Z http.https://github.com/.extraheader
2023-05-21T15:08:04.0352622Z [command]/usr/bin/git config --local --unset-all http.https://github.com/.extraheader
2023-05-21T15:08:04.0388726Z [command]/usr/bin/git submodule foreach --recursive sh -c "git config --local --name-only --get-regexp 'http\.https\:\/\/github\.com\/\.extraheader' && git config --local --unset-all 'http.https://github.com/.extraheader' || :"
2023-05-21T15:08:04.0831694Z Cleaning up orphan processes
